Archive member included to satisfy reference by file (symbol)

..\ultrasonic\libpico_ultrasonic.a(ultrasonic.c.obj)
                              CMakeFiles/centimeter.dir/cmExample.c.obj (setupUltrasonicPins)
c:/progra~2/gnuarm~1/102020~1/bin/../lib/gcc/arm-none-eabi/10.2.1/thumb/v6-m/nofp\libgcc.a(_dvmd_tls.o)
                              CMakeFiles/centimeter.dir/D_/Pico_Downloads/pico-sdk/src/rp2_common/pico_divider/divider.S.obj (__aeabi_idiv0)
c:/progra~2/gnuarm~1/102020~1/bin/../lib/gcc/arm-none-eabi/10.2.1/../../../../arm-none-eabi/lib/thumb/v6-m/nofp\libg.a(lib_a-calloc.o)
                              CMakeFiles/centimeter.dir/D_/Pico_Downloads/pico-sdk/src/rp2_common/pico_malloc/pico_malloc.c.obj (calloc)
c:/progra~2/gnuarm~1/102020~1/bin/../lib/gcc/arm-none-eabi/10.2.1/../../../../arm-none-eabi/lib/thumb/v6-m/nofp\libg.a(lib_a-callocr.o)
                              c:/progra~2/gnuarm~1/102020~1/bin/../lib/gcc/arm-none-eabi/10.2.1/../../../../arm-none-eabi/lib/thumb/v6-m/nofp\libg.a(lib_a-calloc.o) (_calloc_r)
c:/progra~2/gnuarm~1/102020~1/bin/../lib/gcc/arm-none-eabi/10.2.1/../../../../arm-none-eabi/lib/thumb/v6-m/nofp\libg.a(lib_a-ctype_.o)
                              CMakeFiles/centimeter.dir/D_/Pico_Downloads/pico-sdk/lib/tinyusb/src/tusb.c.obj (_ctype_)
c:/progra~2/gnuarm~1/102020~1/bin/../lib/gcc/arm-none-eabi/10.2.1/../../../../arm-none-eabi/lib/thumb/v6-m/nofp\libg.a(lib_a-impure.o)
                              c:/progra~2/gnuarm~1/102020~1/bin/../lib/gcc/arm-none-eabi/10.2.1/../../../../arm-none-eabi/lib/thumb/v6-m/nofp\libg.a(lib_a-calloc.o) (_impure_ptr)
c:/progra~2/gnuarm~1/102020~1/bin/../lib/gcc/arm-none-eabi/10.2.1/../../../../arm-none-eabi/lib/thumb/v6-m/nofp\libg.a(lib_a-init.o)
                              c:/progra~2/gnuarm~1/102020~1/bin/../lib/gcc/arm-none-eabi/10.2.1/../../../../arm-none-eabi/lib/thumb/v6-m/nofp/crt0.o (__libc_init_array)
c:/progra~2/gnuarm~1/102020~1/bin/../lib/gcc/arm-none-eabi/10.2.1/../../../../arm-none-eabi/lib/thumb/v6-m/nofp\libg.a(lib_a-malloc.o)
                              CMakeFiles/centimeter.dir/D_/Pico_Downloads/pico-sdk/src/rp2_common/pico_malloc/pico_malloc.c.obj (malloc)
c:/progra~2/gnuarm~1/102020~1/bin/../lib/gcc/arm-none-eabi/10.2.1/../../../../arm-none-eabi/lib/thumb/v6-m/nofp\libg.a(lib_a-mallocr.o)
                              c:/progra~2/gnuarm~1/102020~1/bin/../lib/gcc/arm-none-eabi/10.2.1/../../../../arm-none-eabi/lib/thumb/v6-m/nofp\libg.a(lib_a-callocr.o) (_malloc_r)
c:/progra~2/gnuarm~1/102020~1/bin/../lib/gcc/arm-none-eabi/10.2.1/../../../../arm-none-eabi/lib/thumb/v6-m/nofp\libg.a(lib_a-mlock.o)
                              c:/progra~2/gnuarm~1/102020~1/bin/../lib/gcc/arm-none-eabi/10.2.1/../../../../arm-none-eabi/lib/thumb/v6-m/nofp\libg.a(lib_a-mallocr.o) (__malloc_lock)
c:/progra~2/gnuarm~1/102020~1/bin/../lib/gcc/arm-none-eabi/10.2.1/../../../../arm-none-eabi/lib/thumb/v6-m/nofp\libg.a(lib_a-sbrkr.o)
                              c:/progra~2/gnuarm~1/102020~1/bin/../lib/gcc/arm-none-eabi/10.2.1/../../../../arm-none-eabi/lib/thumb/v6-m/nofp\libg.a(lib_a-mallocr.o) (_sbrk_r)
c:/progra~2/gnuarm~1/102020~1/bin/../lib/gcc/arm-none-eabi/10.2.1/../../../../arm-none-eabi/lib/thumb/v6-m/nofp\libg.a(lib_a-strlen-stub.o)
                              CMakeFiles/centimeter.dir/D_/Pico_Downloads/pico-sdk/src/rp2_common/pico_stdio/stdio.c.obj (strlen)
c:/progra~2/gnuarm~1/102020~1/bin/../lib/gcc/arm-none-eabi/10.2.1/../../../../arm-none-eabi/lib/thumb/v6-m/nofp\libg.a(lib_a-freer.o)
                              c:/progra~2/gnuarm~1/102020~1/bin/../lib/gcc/arm-none-eabi/10.2.1/../../../../arm-none-eabi/lib/thumb/v6-m/nofp\libg.a(lib_a-malloc.o) (_free_r)
c:/progra~2/gnuarm~1/102020~1/bin/../lib/gcc/arm-none-eabi/10.2.1/../../../../arm-none-eabi/lib/thumb/v6-m/nofp\libg.a(lib_a-lock.o)
                              c:/progra~2/gnuarm~1/102020~1/bin/../lib/gcc/arm-none-eabi/10.2.1/../../../../arm-none-eabi/lib/thumb/v6-m/nofp\libg.a(lib_a-mlock.o) (__retarget_lock_acquire_recursive)
c:/progra~2/gnuarm~1/102020~1/bin/../lib/gcc/arm-none-eabi/10.2.1/../../../../arm-none-eabi/lib/thumb/v6-m/nofp\libg.a(lib_a-reent.o)
                              c:/progra~2/gnuarm~1/102020~1/bin/../lib/gcc/arm-none-eabi/10.2.1/../../../../arm-none-eabi/lib/thumb/v6-m/nofp\libg.a(lib_a-sbrkr.o) (errno)

Discarded input sections

 .text          0x00000000        0x0 c:/progra~2/gnuarm~1/102020~1/bin/../lib/gcc/arm-none-eabi/10.2.1/thumb/v6-m/nofp/crti.o
 .data          0x00000000        0x0 c:/progra~2/gnuarm~1/102020~1/bin/../lib/gcc/arm-none-eabi/10.2.1/thumb/v6-m/nofp/crti.o
 .bss           0x00000000        0x0 c:/progra~2/gnuarm~1/102020~1/bin/../lib/gcc/arm-none-eabi/10.2.1/thumb/v6-m/nofp/crti.o
 .data          0x00000000        0x4 c:/progra~2/gnuarm~1/102020~1/bin/../lib/gcc/arm-none-eabi/10.2.1/thumb/v6-m/nofp/crtbegin.o
[...]
Memory Configuration

Name             Origin             Length             Attributes
FLASH            0x10000000         0x00200000         xr
RAM              0x20000000         0x00040000         xrw
SCRATCH_X        0x20040000         0x00001000         xrw
SCRATCH_Y        0x20041000         0x00001000         xrw
*default*        0x00000000         0xffffffff

Linker script and memory map

LOAD c:/progra~2/gnuarm~1/102020~1/bin/../lib/gcc/arm-none-eabi/10.2.1/thumb/v6-m/nofp/crti.o
LOAD c:/progra~2/gnuarm~1/102020~1/bin/../lib/gcc/arm-none-eabi/10.2.1/thumb/v6-m/nofp/crtbegin.o
LOAD c:/progra~2/gnuarm~1/102020~1/bin/../lib/gcc/arm-none-eabi/10.2.1/../../../../arm-none-eabi/lib/thumb/v6-m/nofp/crt0.o

.flash_begin    0x10000000        0x0
                0x10000000                __flash_binary_start = .

.boot2          0x10000000      0x100
                0x10000000                __boot2_start__ = .
 *(.boot2)
 .boot2         0x10000000      0x100 C:\Users\tfkbr\AppData\Local\Temp\ccCImnWe.o
                0x10000100                __boot2_end__ = .
                0x00000001                ASSERT (((__boot2_end__ - __boot2_start__) == 0x100), ERROR: Pico second stage bootloader must be 256 bytes in size)

.text           0x10000100     0x70a0
                0x10000100                __logical_binary_start = .
 *(.vectors)
 .vectors       0x10000100       0xd4 CMakeFiles/centimeter.dir/D_/Pico_Downloads/pico-sdk/src/rp2_common/pico_standard_link/crt0.S.obj
                0x10000100                __vectors
                0x100001c0                isr_invalid
                0x100001c2                isr_nmi
                0x100001c4                isr_hardfault
                0x100001c6                isr_svcall
                0x100001c8                isr_pendsv
                0x100001ca                isr_systick
                0x100001cc                isr_irq11
                0x100001cc                isr_irq5
                0x100001cc                isr_irq23
                0x100001cc                isr_irq18
                0x100001cc                isr_irq31
                0x100001cc                isr_irq28
                0x100001cc                isr_irq19
                0x100001cc                isr_irq0
                0x100001cc                isr_irq6
                0x100001cc                isr_irq27
                0x100001cc                isr_irq12
                0x100001cc                isr_irq22
                0x100001cc                isr_irq13
                0x100001cc                isr_irq17
                0x100001cc                isr_irq14
                0x100001cc                isr_irq2
                0x100001cc                isr_irq10
                0x100001cc                isr_irq8
                0x100001cc                isr_irq24
                0x100001cc                isr_irq1
                0x100001cc                isr_irq7
                0x100001cc                isr_irq21
                0x100001cc                isr_irq20
                0x100001cc                isr_irq15
                0x100001cc                isr_irq25
                0x100001cc                __unhandled_user_irq
                0x100001cc                isr_irq4
                0x100001cc                isr_irq16
                0x100001cc                isr_irq29
                0x100001cc                isr_irq26
                0x100001cc                isr_irq3
                0x100001cc                isr_irq30
                0x100001cc                isr_irq9
                0x100001d2                unhandled_user_irq_num_in_r0
 *(.binary_info_header)
 .binary_info_header
                0x100001d4       0x14 CMakeFiles/centimeter.dir/D_/Pico_Downloads/pico-sdk/src/rp2_common/pico_standard_link/crt0.S.obj
                0x100001e8                __binary_info_header_end = .
 *(.reset)
 .reset         0x100001e8       0xa8 CMakeFiles/centimeter.dir/D_/Pico_Downloads/pico-sdk/src/rp2_common/pico_standard_link/crt0.S.obj
                0x100001e8                _entry_point
                0x10000266                __get_current_exception
 .reset         0x10000290       0x30 CMakeFiles/centimeter.dir/D_/Pico_Downloads/pico-sdk/src/rp2_common/pico_standard_link/binary_info.c.obj
 *(.init)
 .init          0x100002c0        0x4 c:/progra~2/gnuarm~1/102020~1/bin/../lib/gcc/arm-none-eabi/10.2.1/thumb/v6-m/nofp/crti.o
                0x100002c0                _init
 *(EXCLUDE_FILE(*libm.a: *libc.a:*lib_a-mem*.o *libgcc.a:) .text*)
 .text          0x100002c4       0x48 c:/progra~2/gnuarm~1/102020~1/bin/../lib/gcc/arm-none-eabi/10.2.1/thumb/v6-m/nofp/crtbegin.o
 .text.main     0x1000030c       0x3c CMakeFiles/centimeter.dir/cmExample.c.obj
                0x1000030c                main
 .text.gpio_set_function
                0x10000348       0x30 CMakeFiles/centimeter.dir/D_/Pico_Downloads/pico-sdk/src/rp2_common/hardware_gpio/gpio.c.obj
                0x10000348                gpio_set_function
 .text.gpio_init
                0x10000378       0x16 CMakeFiles/centimeter.dir/D_/Pico_Downloads/pico-sdk/src/rp2_common/hardware_gpio/gpio.c.obj
                0x10000378                gpio_init
 *fill*         0x1000038e        0x2 
 .text.hw_claim_lock
                0x10000390       0x18 CMakeFiles/centimeter.dir/D_/Pico_Downloads/pico-sdk/src/rp2_common/hardware_claim/claim.c.obj
                0x10000390                hw_claim_lock
 .text.hw_claim_unlock
                0x100003a8       0x14 CMakeFiles/centimeter.dir/D_/Pico_Downloads/pico-sdk/src/rp2_common/hardware_claim/claim.c.obj
                0x100003a8                hw_claim_unlock
 .text.hw_claim_or_assert
                0x100003bc       0x34 CMakeFiles/centimeter.dir/D_/Pico_Downloads/pico-sdk/src/rp2_common/hardware_claim/claim.c.obj
                0x100003bc                hw_claim_or_assert
 .text.hw_claim_unused_from_range
                0x100003f0       0x56 CMakeFiles/centimeter.dir/D_/Pico_Downloads/pico-sdk/src/rp2_common/hardware_claim/claim.c.obj
                0x100003f0                hw_claim_unused_from_range
 *fill*         0x10000446        0x2 
 .text.spin_locks_reset
                0x10000448       0x20 CMakeFiles/centimeter.dir/D_/Pico_Downloads/pico-sdk/src/rp2_common/hardware_sync/sync.c.obj
                0x10000448                spin_locks_reset
 .text.next_striped_spin_lock_num
                0x10000468       0x1c CMakeFiles/centimeter.dir/D_/Pico_Downloads/pico-sdk/src/rp2_common/hardware_sync/sync.c.obj
                0x10000468                next_striped_spin_lock_num
 .text.spin_lock_claim_unused
                0x10000484       0x20 CMakeFiles/centimeter.dir/D_/Pico_Downloads/pico-sdk/src/rp2_common/hardware_sync/sync.c.obj
                0x10000484                spin_lock_claim_unused
 .text.running_on_fpga
                0x100004a4       0x14 CMakeFiles/centimeter.dir/D_/Pico_Downloads/pico-sdk/src/rp2_common/pico_platform/platform.c.obj
                0x100004a4                running_on_fpga
 .text.sev_callback
                0x100004b8        0x8 CMakeFiles/centimeter.dir/D_/Pico_Downloads/pico-sdk/src/common/pico_time/time.c.obj
 .text.timer_pool_entry_comparator
                0x100004c0       0x7c CMakeFiles/centimeter.dir/D_/Pico_Downloads/pico-sdk/src/common/pico_time/time.c.obj
                0x100004c0                timer_pool_entry_comparator
 .text.ph_add_child_node
                0x1000053c       0xa4 CMakeFiles/centimeter.dir/D_/Pico_Downloads/pico-sdk/src/common/pico_time/time.c.obj
 .text.ph_merge_nodes
                0x100005e0       0x3e CMakeFiles/centimeter.dir/D_/Pico_Downloads/pico-sdk/src/common/pico_time/time.c.obj
 *fill*         0x1000061e        0x2 
 .text.add_alarm_under_lock
                0x10000620      0x178 CMakeFiles/centimeter.dir/D_/Pico_Downloads/pico-sdk/src/common/pico_time/time.c.obj
 .text.alarm_pool_alarm_callback
                0x10000798      0x2e4 CMakeFiles/centimeter.dir/D_/Pico_Downloads/pico-sdk/src/common/pico_time/time.c.obj
 .text.alarm_pool_get_default
                0x10000a7c       0x28 CMakeFiles/centimeter.dir/D_/Pico_Downloads/pico-sdk/src/common/pico_time/time.c.obj
                0x10000a7c                alarm_pool_get_default
 .text.alarm_pool_create
                0x10000aa4       0x6c CMakeFiles/centimeter.dir/D_/Pico_Downloads/pico-sdk/src/common/pico_time/time.c.obj
                0x10000aa4                alarm_pool_create
 .text.alarm_pool_init_default
                0x10000b10       0x20 CMakeFiles/centimeter.dir/D_/Pico_Downloads/pico-sdk/src/common/pico_time/time.c.obj
                0x10000b10                alarm_pool_init_default
 .text.alarm_pool_add_alarm_at
                0x10000b30      0x128 CMakeFiles/centimeter.dir/D_/Pico_Downloads/pico-sdk/src/common/pico_time/time.c.obj
                0x10000b30                alarm_pool_add_alarm_at
 .text.alarm_pool_cancel_alarm
                0x10000c58       0xec CMakeFiles/centimeter.dir/D_/Pico_Downloads/pico-sdk/src/common/pico_time/time.c.obj
                0x10000c58                alarm_pool_cancel_alarm
 .text.sleep_until
                0x10000d44       0x94 CMakeFiles/centimeter.dir/D_/Pico_Downloads/pico-sdk/src/common/pico_time/time.c.obj
                0x10000d44                sleep_until
 .text.sleep_us
                0x10000dd8       0x2c CMakeFiles/centimeter.dir/D_/Pico_Downloads/pico-sdk/src/common/pico_time/time.c.obj
                0x10000dd8                sleep_us
 .text.sleep_ms
                0x10000e04       0x14 CMakeFiles/centimeter.dir/D_/Pico_Downloads/pico-sdk/src/common/pico_time/time.c.obj
                0x10000e04                sleep_ms
 .text.best_effort_wfe_or_timeout
                0x10000e18       0x80 CMakeFiles/centimeter.dir/D_/Pico_Downloads/pico-sdk/src/common/pico_time/time.c.obj
                0x10000e18                best_effort_wfe_or_timeout
 .text.hardware_alarm_irq_handler
                0x10000e98       0x8c CMakeFiles/centimeter.dir/D_/Pico_Downloads/pico-sdk/src/rp2_common/hardware_timer/timer.c.obj
 .text.hardware_alarm_claim
                0x10000f24       0x18 CMakeFiles/centimeter.dir/D_/Pico_Downloads/pico-sdk/src/rp2_common/hardware_timer/timer.c.obj
                0x10000f24                hardware_alarm_claim
 .text.time_us_64
                0x10000f3c       0x18 CMakeFiles/centimeter.dir/D_/Pico_Downloads/pico-sdk/src/rp2_common/hardware_timer/timer.c.obj
                0x10000f3c                time_us_64
 .text.busy_wait_until
                0x10000f54       0x28 CMakeFiles/centimeter.dir/D_/Pico_Downloads/pico-sdk/src/rp2_common/hardware_timer/timer.c.obj
                0x10000f54                busy_wait_until
 .text.hardware_alarm_set_callback
                0x10000f7c       0x90 CMakeFiles/centimeter.dir/D_/Pico_Downloads/pico-sdk/src/rp2_common/hardware_timer/timer.c.obj
                0x10000f7c                hardware_alarm_set_callback
 .text.hardware_alarm_set_target
                0x1000100c       0xd0 CMakeFiles/centimeter.dir/D_/Pico_Downloads/pico-sdk/src/rp2_common/hardware_timer/timer.c.obj
                0x1000100c                hardware_alarm_set_target
 .text.hardware_alarm_cancel
                0x100010dc       0x40 CMakeFiles/centimeter.dir/D_/Pico_Downloads/pico-sdk/src/rp2_common/hardware_timer/timer.c.obj
                0x100010dc                hardware_alarm_cancel
 .text.lock_init
                0x1000111c       0x30 CMakeFiles/centimeter.dir/D_/Pico_Downloads/pico-sdk/src/common/pico_sync/lock_core.c.obj
                0x1000111c                lock_init
 .text.mutex_init
                0x1000114c       0x1a CMakeFiles/centimeter.dir/D_/Pico_Downloads/pico-sdk/src/common/pico_sync/mutex.c.obj
                0x1000114c                mutex_init
 .text.critical_section_init_with_lock_num
                0x10001166        0xc CMakeFiles/centimeter.dir/D_/Pico_Downloads/pico-sdk/src/common/pico_sync/critical_section.c.obj
                0x10001166                critical_section_init_with_lock_num
 .text.critical_section_init
                0x10001172       0x14 CMakeFiles/centimeter.dir/D_/Pico_Downloads/pico-sdk/src/common/pico_sync/critical_section.c.obj
                0x10001172                critical_section_init
 *fill*         0x10001186        0x2 
 .text.ph_add_child_node
                0x10001188       0xa4 CMakeFiles/centimeter.dir/D_/Pico_Downloads/pico-sdk/src/common/pico_util/pheap.c.obj
 .text.ph_merge_nodes
                0x1000122c       0x3e CMakeFiles/centimeter.dir/D_/Pico_Downloads/pico-sdk/src/common/pico_util/pheap.c.obj
 *fill*         0x1000126a        0x2 
 .text.ph_clear
                0x1000126c       0x74 CMakeFiles/centimeter.dir/D_/Pico_Downloads/pico-sdk/src/common/pico_util/pheap.c.obj
                0x1000126c                ph_clear
 .text.ph_create
                0x100012e0       0x2c CMakeFiles/centimeter.dir/D_/Pico_Downloads/pico-sdk/src/common/pico_util/pheap.c.obj
                0x100012e0                ph_create
 .text.ph_merge_two_pass
                0x1000130c       0xa8 CMakeFiles/centimeter.dir/D_/Pico_Downloads/pico-sdk/src/common/pico_util/pheap.c.obj
                0x1000130c                ph_merge_two_pass
 .text.ph_remove_any_head
                0x100013b4      0x108 CMakeFiles/centimeter.dir/D_/Pico_Downloads/pico-sdk/src/common/pico_util/pheap.c.obj
 .text.ph_remove_head_reserve
                0x100014bc       0x14 CMakeFiles/centimeter.dir/D_/Pico_Downloads/pico-sdk/src/common/pico_util/pheap.c.obj
                0x100014bc                ph_remove_head_reserve
 .text.ph_delete
                0x100014d0       0xf8 CMakeFiles/centimeter.dir/D_/Pico_Downloads/pico-sdk/src/common/pico_util/pheap.c.obj
                0x100014d0                ph_delete
 .text.runtime_init
                0x100015c8       0xcc CMakeFiles/centimeter.dir/D_/Pico_Downloads/pico-sdk/src/rp2_common/pico_runtime/runtime.c.obj
                0x100015c8                runtime_init
 .text._exit    0x10001694        0x4 CMakeFiles/centimeter.dir/D_/Pico_Downloads/pico-sdk/src/rp2_common/pico_runtime/runtime.c.obj
                0x10001694                _exit
 .text._sbrk    0x10001698       0x38 CMakeFiles/centimeter.dir/D_/Pico_Downloads/pico-sdk/src/rp2_common/pico_runtime/runtime.c.obj
                0x10001698                _sbrk
 .text.exit     0x100016d0        0x6 CMakeFiles/centimeter.dir/D_/Pico_Downloads/pico-sdk/src/rp2_common/pico_runtime/runtime.c.obj
                0x100016d0                exit
 *fill*         0x100016d6        0x2 
 .text.__assert_func
                0x100016d8       0x3c CMakeFiles/centimeter.dir/D_/Pico_Downloads/pico-sdk/src/rp2_common/pico_runtime/runtime.c.obj
                0x100016d8                __assert_func
 .text.panic    0x10001714       0x30 CMakeFiles/centimeter.dir/D_/Pico_Downloads/pico-sdk/src/rp2_common/pico_runtime/runtime.c.obj
                0x10001714                panic
 .text.clock_configure
                0x10001744       0xe8 CMakeFiles/centimeter.dir/D_/Pico_Downloads/pico-sdk/src/rp2_common/hardware_clocks/clocks.c.obj
                0x10001744                clock_configure
 .text.clocks_init
                0x1000182c      0x124 CMakeFiles/centimeter.dir/D_/Pico_Downloads/pico-sdk/src/rp2_common/hardware_clocks/clocks.c.obj
                0x1000182c                clocks_init
 .text.watchdog_start_tick
                0x10001950       0x10 CMakeFiles/centimeter.dir/D_/Pico_Downloads/pico-sdk/src/rp2_common/hardware_watchdog/watchdog.c.obj
                0x10001950                watchdog_start_tick
 .text.xosc_init
                0x10001960       0x28 CMakeFiles/centimeter.dir/D_/Pico_Downloads/pico-sdk/src/rp2_common/hardware_xosc/xosc.c.obj
                0x10001960                xosc_init
 .text.pll_init
                0x10001988       0xd4 CMakeFiles/centimeter.dir/D_/Pico_Downloads/pico-sdk/src/rp2_common/hardware_pll/pll.c.obj
                0x10001988                pll_init
 .text.set_raw_irq_handler_and_unlock
                0x10001a5c       0x28 CMakeFiles/centimeter.dir/D_/Pico_Downloads/pico-sdk/src/rp2_common/hardware_irq/irq.c.obj
 .text.make_branch
                0x10001a84       0x34 CMakeFiles/centimeter.dir/D_/Pico_Downloads/pico-sdk/src/rp2_common/hardware_irq/irq.c.obj
 .text.insert_branch_and_link
                0x10001ab8       0x40 CMakeFiles/centimeter.dir/D_/Pico_Downloads/pico-sdk/src/rp2_common/hardware_irq/irq.c.obj
 .text.irq_is_enabled
                0x10001af8       0x18 CMakeFiles/centimeter.dir/D_/Pico_Downloads/pico-sdk/src/rp2_common/hardware_irq/irq.c.obj
                0x10001af8                irq_is_enabled
 .text.irq_set_mask_enabled
                0x10001b10       0x20 CMakeFiles/centimeter.dir/D_/Pico_Downloads/pico-sdk/src/rp2_common/hardware_irq/irq.c.obj
                0x10001b10                irq_set_mask_enabled
 .text.irq_set_enabled
                0x10001b30        0xe CMakeFiles/centimeter.dir/D_/Pico_Downloads/pico-sdk/src/rp2_common/hardware_irq/irq.c.obj
                0x10001b30                irq_set_enabled
 *fill*         0x10001b3e        0x2 
 .text.irq_set_pending
                0x10001b40       0x10 CMakeFiles/centimeter.dir/D_/Pico_Downloads/pico-sdk/src/rp2_common/hardware_irq/irq.c.obj
                0x10001b40                irq_set_pending
 .text.irq_get_vtable_handler
                0x10001b50       0x10 CMakeFiles/centimeter.dir/D_/Pico_Downloads/pico-sdk/src/rp2_common/hardware_irq/irq.c.obj
                0x10001b50                irq_get_vtable_handler
 .text.irq_set_exclusive_handler
                0x10001b60       0x54 CMakeFiles/centimeter.dir/D_/Pico_Downloads/pico-sdk/src/rp2_common/hardware_irq/irq.c.obj
                0x10001b60                irq_set_exclusive_handler
 .text.irq_remove_handler
                0x10001bb4      0x1b4 CMakeFiles/centimeter.dir/D_/Pico_Downloads/pico-sdk/src/rp2_common/hardware_irq/irq.c.obj
                0x10001bb4                irq_remove_handler
 .text.irq_set_priority
                0x10001d68       0x28 CMakeFiles/centimeter.dir/D_/Pico_Downloads/pico-sdk/src/rp2_common/hardware_irq/irq.c.obj
                0x10001d68                irq_set_priority
 .text.irq_add_tail_to_free_list
                0x10001d90       0xf8 CMakeFiles/centimeter.dir/D_/Pico_Downloads/pico-sdk/src/rp2_common/hardware_irq/irq.c.obj
                0x10001d90                irq_add_tail_to_free_list
 .text.irq_init_priorities
                0x10001e88       0x16 CMakeFiles/centimeter.dir/D_/Pico_Downloads/pico-sdk/src/rp2_common/hardware_irq/irq.c.obj
                0x10001e88                irq_init_priorities
 .text._out_null
                0x10001e9e        0x2 CMakeFiles/centimeter.dir/D_/Pico_Downloads/pico-sdk/src/rp2_common/pico_printf/printf.c.obj
 .text._out_fct
                0x10001ea0        0xe CMakeFiles/centimeter.dir/D_/Pico_Downloads/pico-sdk/src/rp2_common/pico_printf/printf.c.obj
 .text._atoi    0x10001eae       0x24 CMakeFiles/centimeter.dir/D_/Pico_Downloads/pico-sdk/src/rp2_common/pico_printf/printf.c.obj
 .text._out_rev
                0x10001ed2       0xae CMakeFiles/centimeter.dir/D_/Pico_Downloads/pico-sdk/src/rp2_common/pico_printf/printf.c.obj
 .text._ntoa_format
                0x10001f80      0x112 CMakeFiles/centimeter.dir/D_/Pico_Downloads/pico-sdk/src/rp2_common/pico_printf/printf.c.obj
 .text._ntoa_long
                0x10002092       0xbc CMakeFiles/centimeter.dir/D_/Pico_Downloads/pico-sdk/src/rp2_common/pico_printf/printf.c.obj
 .text._ntoa_long_long
                0x1000214e       0xe2 CMakeFiles/centimeter.dir/D_/Pico_Downloads/pico-sdk/src/rp2_common/pico_printf/printf.c.obj
 .text._etoa    0x10002230      0x404 CMakeFiles/centimeter.dir/D_/Pico_Downloads/pico-sdk/src/rp2_common/pico_printf/printf.c.obj
 .text._ftoa    0x10002634      0x354 CMakeFiles/centimeter.dir/D_/Pico_Downloads/pico-sdk/src/rp2_common/pico_printf/printf.c.obj
 .text._vsnprintf
                0x10002988      0x624 CMakeFiles/centimeter.dir/D_/Pico_Downloads/pico-sdk/src/rp2_common/pico_printf/printf.c.obj
 .text.vfctprintf
                0x10002fac       0x20 CMakeFiles/centimeter.dir/D_/Pico_Downloads/pico-sdk/src/rp2_common/pico_printf/printf.c.obj
                0x10002fac                vfctprintf
 .text          0x10002fcc       0x10 CMakeFiles/centimeter.dir/D_/Pico_Downloads/pico-sdk/src/rp2_common/pico_bit_ops/bit_ops_aeabi.S.obj
 .text.rom_func_lookup
                0x10002fdc       0x10 CMakeFiles/centimeter.dir/D_/Pico_Downloads/pico-sdk/src/rp2_common/pico_bootrom/bootrom.c.obj
                0x10002fdc                rom_func_lookup
 .text.rom_data_lookup
                0x10002fec       0x10 CMakeFiles/centimeter.dir/D_/Pico_Downloads/pico-sdk/src/rp2_common/pico_bootrom/bootrom.c.obj
                0x10002fec                rom_data_lookup
 .text.rom_funcs_lookup
                0x10002ffc       0x36 CMakeFiles/centimeter.dir/D_/Pico_Downloads/pico-sdk/src/rp2_common/pico_bootrom/bootrom.c.obj
                0x10002ffc                rom_funcs_lookup
 *fill*         0x10003032        0x2 
 .text.__wrap___aeabi_idiv
                0x10003034       0x58 CMakeFiles/centimeter.dir/D_/Pico_Downloads/pico-sdk/src/rp2_common/pico_divider/divider.S.obj
                0x10003034                __wrap___aeabi_idivmod
                0x10003034                divmod_s32s32
                0x10003034                div_s32s32
                0x10003034                __wrap___aeabi_idiv
                0x1000303c                divmod_s32s32_unsafe
                0x10003068                divmod_s32s32_savestate
 .text.__wrap___aeabi_uidiv
                0x1000308c       0x54 CMakeFiles/centimeter.dir/D_/Pico_Downloads/pico-sdk/src/rp2_common/pico_divider/divider.S.obj
                0x1000308c                __wrap___aeabi_uidiv
                0x1000308c                __wrap___aeabi_uidivmod
                0x1000308c                div_u32u32
                0x1000308c                divmod_u32u32
                0x10003094                divmod_u32u32_unsafe
                0x100030bc                divmod_u32u32_savestate
 .text.__wrap___aeabi_ldiv
                0x100030e0      0x430 CMakeFiles/centimeter.dir/D_/Pico_Downloads/pico-sdk/src/rp2_common/pico_divider/divider.S.obj
                0x100030e0                div_s64s64
                0x100030e0                divmod_s64s64
                0x100030e0                __wrap___aeabi_ldivmod
                0x10003118                divmod_u64u64
                0x10003118                div_u64u64
                0x10003118                __wrap___aeabi_uldivmod
                0x10003128                divmod_u64u64_savestate
                0x10003150                divmod_s64s64_unsafe
                0x100031d8                divmod_u64u64_unsafe
 .text.__wrap___aeabi_darithmetic
                0x10003510       0x54 CMakeFiles/centimeter.dir/D_/Pico_Downloads/pico-sdk/src/rp2_common/pico_double/double_aeabi.S.obj
                0x10003510                __wrap___aeabi_drsub
                0x10003516                __wrap___aeabi_dsub
                0x10003528                __wrap___aeabi_dadd
                0x1000353a                __wrap___aeabi_ddiv
                0x1000354c                __wrap___aeabi_dmul
 .text.__wrap___aeabi_cdcmple
                0x10003564       0x6c CMakeFiles/centimeter.dir/D_/Pico_Downloads/pico-sdk/src/rp2_common/pico_double/double_aeabi.S.obj
                0x10003564                __wrap___aeabi_cdrcmple
                0x10003574                __wrap___aeabi_cdcmpeq
                0x10003574                __wrap___aeabi_cdcmple
 .text.__wrap___aeabi_dcmplt
                0x100035d0        0xc CMakeFiles/centimeter.dir/D_/Pico_Downloads/pico-sdk/src/rp2_common/pico_double/double_aeabi.S.obj
                0x100035d0                __wrap___aeabi_dcmplt
 .text.__wrap___aeabi_dcmple
                0x100035dc       0x10 CMakeFiles/centimeter.dir/D_/Pico_Downloads/pico-sdk/src/rp2_common/pico_double/double_aeabi.S.obj
                0x100035dc                __wrap___aeabi_dcmple
 .text.__wrap___aeabi_dcmpge
                0x100035ec       0x10 CMakeFiles/centimeter.dir/D_/Pico_Downloads/pico-sdk/src/rp2_common/pico_double/double_aeabi.S.obj
                0x100035ec                __wrap___aeabi_dcmpge
 .text.__wrap___aeabi_dcmpgt
                0x100035fc        0xa CMakeFiles/centimeter.dir/D_/Pico_Downloads/pico-sdk/src/rp2_common/pico_double/double_aeabi.S.obj
                0x100035fc                __wrap___aeabi_dcmpgt
 .text.__wrap___aeabi_dcmpun
                0x10003606       0x1c CMakeFiles/centimeter.dir/D_/Pico_Downloads/pico-sdk/src/rp2_common/pico_double/double_aeabi.S.obj
                0x10003606                __wrap___aeabi_dcmpun
 *fill*         0x10003622        0x2 
 .text.__wrap___aeabi_i2d
                0x10003624       0x38 CMakeFiles/centimeter.dir/D_/Pico_Downloads/pico-sdk/src/rp2_common/pico_double/double_aeabi.S.obj
                0x10003624                __wrap___aeabi_ui2d
                0x1000362c                __wrap___aeabi_i2d
 .text.__wrap___aeabi_d2iz
                0x1000365c       0x48 CMakeFiles/centimeter.dir/D_/Pico_Downloads/pico-sdk/src/rp2_common/pico_double/double_aeabi.S.obj
                0x1000365c                double2int_z
                0x1000365c                __wrap___aeabi_d2iz
 .text.__wrap___aeabi_d2uiz
                0x100036a4       0x18 CMakeFiles/centimeter.dir/D_/Pico_Downloads/pico-sdk/src/rp2_common/pico_double/double_aeabi.S.obj
                0x100036a4                __wrap___aeabi_d2uiz
                0x100036a4                double2uint
 .text.__aeabi_double_init
                0x100036bc       0xb8 CMakeFiles/centimeter.dir/D_/Pico_Downloads/pico-sdk/src/rp2_common/pico_double/double_init_rom.c.obj
                0x100036bc                __aeabi_double_init
 .text.double_table_shim_on_use_helper
                0x10003774       0x34 CMakeFiles/centimeter.dir/D_/Pico_Downloads/pico-sdk/src/rp2_common/pico_double/double_v1_rom_shim.S.obj
                0x10003774                double_table_shim_on_use_helper
 .text.__wrap___aeabi_dsub
                0x100037a8       0x10 CMakeFiles/centimeter.dir/D_/Pico_Downloads/pico-sdk/src/rp2_common/pico_double/double_v1_rom_shim.S.obj
                0x100037a8                drsub_shim
                0x100037ae                dsub_shim
 .text.dadd_shim
                0x100037b8      0x15c CMakeFiles/centimeter.dir/D_/Pico_Downloads/pico-sdk/src/rp2_common/pico_double/double_v1_rom_shim.S.obj
                0x100037b8                dadd_shim
 .text.dmul_shim
                0x10003914      0x15c CMakeFiles/centimeter.dir/D_/Pico_Downloads/pico-sdk/src/rp2_common/pico_double/double_v1_rom_shim.S.obj
                0x10003914                dmul_shim
 .text.ddiv_shim
                0x10003a70      0x1b0 CMakeFiles/centimeter.dir/D_/Pico_Downloads/pico-sdk/src/rp2_common/pico_double/double_v1_rom_shim.S.obj
                0x10003a70                ddiv_shim
 .text.dcordic_rot_step
                0x10003c20       0x7c CMakeFiles/centimeter.dir/D_/Pico_Downloads/pico-sdk/src/rp2_common/pico_double/double_v1_rom_shim.S.obj
                0x10003c20                dcordic_rot_step
 .text.double2uint_shim
                0x10003c9c        0xe CMakeFiles/centimeter.dir/D_/Pico_Downloads/pico-sdk/src/rp2_common/pico_double/double_v1_rom_shim.S.obj
                0x10003c9c                double2uint_shim
                0x10003c9e                double2ufix_shim
 *fill*         0x10003caa        0x2 
 .text.double2uint64_shim
                0x10003cac       0x6c CMakeFiles/centimeter.dir/D_/Pico_Downloads/pico-sdk/src/rp2_common/pico_double/double_v1_rom_shim.S.obj
                0x10003cac                double2uint64_shim
                0x10003cae                double2ufix64_shim
                0x10003cc8                d2fix_a
 .text.dunpacks
                0x10003d18       0x3c CMakeFiles/centimeter.dir/D_/Pico_Downloads/pico-sdk/src/rp2_common/pico_double/double_v1_rom_shim.S.obj
                0x10003d18                dunpacks
 .text.__aeabi_lmul
                0x10003d54       0x32 CMakeFiles/centimeter.dir/D_/Pico_Downloads/pico-sdk/src/rp2_common/pico_int64_ops/pico_int64_ops_aeabi.S.obj
                0x10003d54                __wrap___aeabi_lmul
 *fill*         0x10003d86        0x2 
 .text.__aeabi_float_init
                0x10003d88       0xfc CMakeFiles/centimeter.dir/D_/Pico_Downloads/pico-sdk/src/rp2_common/pico_float/float_init_rom.c.obj
                0x10003d88                __aeabi_float_init
 .text.float_table_shim_on_use_helper
                0x10003e84       0x34 CMakeFiles/centimeter.dir/D_/Pico_Downloads/pico-sdk/src/rp2_common/pico_float/float_v1_rom_shim.S.obj
                0x10003e84                float_table_shim_on_use_helper
 .text.__wrap_malloc
                0x10003eb8        0x8 CMakeFiles/centimeter.dir/D_/Pico_Downloads/pico-sdk/src/rp2_common/pico_malloc/pico_malloc.c.obj
                0x10003eb8                __wrap_malloc
 .text.__wrap_calloc
                0x10003ec0        0x8 CMakeFiles/centimeter.dir/D_/Pico_Downloads/pico-sdk/src/rp2_common/pico_malloc/pico_malloc.c.obj
                0x10003ec0                __wrap_calloc
 .text          0x10003ec8       0x10 CMakeFiles/centimeter.dir/D_/Pico_Downloads/pico-sdk/src/rp2_common/pico_mem_ops/mem_ops_aeabi.S.obj
                0x10003ec8                __aeabi_mem_init
 .text.memset   0x10003ed8        0xc CMakeFiles/centimeter.dir/D_/Pico_Downloads/pico-sdk/src/rp2_common/pico_mem_ops/mem_ops_aeabi.S.obj
                0x10003ed8                __wrap_memset
 .text.memcpy   0x10003ee4        0xc CMakeFiles/centimeter.dir/D_/Pico_Downloads/pico-sdk/src/rp2_common/pico_mem_ops/mem_ops_aeabi.S.obj
                0x10003ee4                __wrap_memcpy
                0x10003ee4                __wrap___aeabi_memcpy
 .text.stdio_out_chars_crlf
                0x10003ef0       0x80 CMakeFiles/centimeter.dir/D_/Pico_Downloads/pico-sdk/src/rp2_common/pico_stdio/stdio.c.obj
 .text.stdio_stack_buffer_flush
                0x10003f70       0x44 CMakeFiles/centimeter.dir/D_/Pico_Downloads/pico-sdk/src/rp2_common/pico_stdio/stdio.c.obj
 .text.stdio_buffered_printer
                0x10003fb4       0x20 CMakeFiles/centimeter.dir/D_/Pico_Downloads/pico-sdk/src/rp2_common/pico_stdio/stdio.c.obj
 .text.stdout_serialize_begin
                0x10003fd4       0x2c CMakeFiles/centimeter.dir/D_/Pico_Downloads/pico-sdk/src/rp2_common/pico_stdio/stdio.c.obj
                0x10003fd4                stdout_serialize_begin
 .text.stdout_serialize_end
                0x10004000       0x10 CMakeFiles/centimeter.dir/D_/Pico_Downloads/pico-sdk/src/rp2_common/pico_stdio/stdio.c.obj
                0x10004000                stdout_serialize_end
 .text.stdio_put_string
                0x10004010       0x84 CMakeFiles/centimeter.dir/D_/Pico_Downloads/pico-sdk/src/rp2_common/pico_stdio/stdio.c.obj
 .text.stdio_set_driver_enabled
                0x10004094       0x38 CMakeFiles/centimeter.dir/D_/Pico_Downloads/pico-sdk/src/rp2_common/pico_stdio/stdio.c.obj
                0x10004094                stdio_set_driver_enabled
 .text.stdio_flush
                0x100040cc       0x20 CMakeFiles/centimeter.dir/D_/Pico_Downloads/pico-sdk/src/rp2_common/pico_stdio/stdio.c.obj
                0x100040cc                stdio_flush
 .text.__wrap_puts
                0x100040ec       0x1c CMakeFiles/centimeter.dir/D_/Pico_Downloads/pico-sdk/src/rp2_common/pico_stdio/stdio.c.obj
                0x100040ec                __wrap_puts
 .text.__wrap_vprintf
                0x10004108       0x44 CMakeFiles/centimeter.dir/D_/Pico_Downloads/pico-sdk/src/rp2_common/pico_stdio/stdio.c.obj
                0x10004108                __wrap_vprintf
 .text.__wrap_printf
                0x1000414c       0x18 CMakeFiles/centimeter.dir/D_/Pico_Downloads/pico-sdk/src/rp2_common/pico_stdio/stdio.c.obj
                0x1000414c                __wrap_printf
 .text.stdio_init_all
                0x10004164        0x8 CMakeFiles/centimeter.dir/D_/Pico_Downloads/pico-sdk/src/rp2_common/pico_stdio/stdio.c.obj
                0x10004164                stdio_init_all
 .text.stdio_usb_in_chars
                0x1000416c       0x70 CMakeFiles/centimeter.dir/D_/Pico_Downloads/pico-sdk/src/rp2_common/pico_stdio_usb/stdio_usb.c.obj
                0x1000416c                stdio_usb_in_chars
 .text.low_priority_worker_irq
                0x100041dc       0x20 CMakeFiles/centimeter.dir/D_/Pico_Downloads/pico-sdk/src/rp2_common/pico_stdio_usb/stdio_usb.c.obj
 .text.stdio_usb_out_chars
                0x100041fc       0xd4 CMakeFiles/centimeter.dir/D_/Pico_Downloads/pico-sdk/src/rp2_common/pico_stdio_usb/stdio_usb.c.obj
 .text.timer_task
                0x100042d0       0x10 CMakeFiles/centimeter.dir/D_/Pico_Downloads/pico-sdk/src/rp2_common/pico_stdio_usb/stdio_usb.c.obj
 .text.stdio_usb_init
                0x100042e0       0x90 CMakeFiles/centimeter.dir/D_/Pico_Downloads/pico-sdk/src/rp2_common/pico_stdio_usb/stdio_usb.c.obj
                0x100042e0                stdio_usb_init
 .text.tud_descriptor_device_cb
                0x10004370        0x8 CMakeFiles/centimeter.dir/D_/Pico_Downloads/pico-sdk/src/rp2_common/pico_stdio_usb/stdio_usb_descriptors.c.obj
                0x10004370                tud_descriptor_device_cb
 .text.tud_descriptor_configuration_cb
                0x10004378        0x8 CMakeFiles/centimeter.dir/D_/Pico_Downloads/pico-sdk/src/rp2_common/pico_stdio_usb/stdio_usb_descriptors.c.obj
                0x10004378                tud_descriptor_configuration_cb
 .text.tud_descriptor_string_cb
                0x10004380       0x50 CMakeFiles/centimeter.dir/D_/Pico_Downloads/pico-sdk/src/rp2_common/pico_stdio_usb/stdio_usb_descriptors.c.obj
                0x10004380                tud_descriptor_string_cb
 .text.hw_endpoint_get_by_addr
                0x100043d0       0x1c CMakeFiles/centimeter.dir/D_/Pico_Downloads/pico-sdk/lib/tinyusb/src/portable/raspberrypi/rp2040/dcd_rp2040.c.obj
 .text.reset_ep0
                0x100043ec       0x2c CMakeFiles/centimeter.dir/D_/Pico_Downloads/pico-sdk/lib/tinyusb/src/portable/raspberrypi/rp2040/dcd_rp2040.c.obj
 .text._hw_endpoint_alloc
                0x10004418       0x7c CMakeFiles/centimeter.dir/D_/Pico_Downloads/pico-sdk/lib/tinyusb/src/portable/raspberrypi/rp2040/dcd_rp2040.c.obj
 .text._hw_endpoint_init
                0x10004494       0xbc CMakeFiles/centimeter.dir/D_/Pico_Downloads/pico-sdk/lib/tinyusb/src/portable/raspberrypi/rp2040/dcd_rp2040.c.obj
 .text.hw_endpoint_init
                0x10004550       0x18 CMakeFiles/centimeter.dir/D_/Pico_Downloads/pico-sdk/lib/tinyusb/src/portable/raspberrypi/rp2040/dcd_rp2040.c.obj
 .text.hw_handle_buff_status
                0x10004568       0xb8 CMakeFiles/centimeter.dir/D_/Pico_Downloads/pico-sdk/lib/tinyusb/src/portable/raspberrypi/rp2040/dcd_rp2040.c.obj
 .text.dcd_rp2040_irq
                0x10004620       0x8c CMakeFiles/centimeter.dir/D_/Pico_Downloads/pico-sdk/lib/tinyusb/src/portable/raspberrypi/rp2040/dcd_rp2040.c.obj
 .text.hw_endpoint_xfer
                0x100046ac       0x18 CMakeFiles/centimeter.dir/D_/Pico_Downloads/pico-sdk/lib/tinyusb/src/portable/raspberrypi/rp2040/dcd_rp2040.c.obj
 .text.ep0_0len_status
                0x100046c4       0x14 CMakeFiles/centimeter.dir/D_/Pico_Downloads/pico-sdk/lib/tinyusb/src/portable/raspberrypi/rp2040/dcd_rp2040.c.obj
 .text._hw_endpoint_stall
                0x100046d8       0x54 CMakeFiles/centimeter.dir/D_/Pico_Downloads/pico-sdk/lib/tinyusb/src/portable/raspberrypi/rp2040/dcd_rp2040.c.obj
 .text.hw_endpoint_stall
                0x1000472c        0xc CMakeFiles/centimeter.dir/D_/Pico_Downloads/pico-sdk/lib/tinyusb/src/portable/raspberrypi/rp2040/dcd_rp2040.c.obj
 .text._hw_endpoint_clear_stall
                0x10004738       0x34 CMakeFiles/centimeter.dir/D_/Pico_Downloads/pico-sdk/lib/tinyusb/src/portable/raspberrypi/rp2040/dcd_rp2040.c.obj
 .text.hw_endpoint_clear_stall
                0x1000476c        0xc CMakeFiles/centimeter.dir/D_/Pico_Downloads/pico-sdk/lib/tinyusb/src/portable/raspberrypi/rp2040/dcd_rp2040.c.obj
 .text.dcd_int_enable
                0x10004778       0x2c CMakeFiles/centimeter.dir/D_/Pico_Downloads/pico-sdk/lib/tinyusb/src/portable/raspberrypi/rp2040/dcd_rp2040.c.obj
                0x10004778                dcd_int_enable
 .text.dcd_set_address
                0x100047a4       0x30 CMakeFiles/centimeter.dir/D_/Pico_Downloads/pico-sdk/lib/tinyusb/src/portable/raspberrypi/rp2040/dcd_rp2040.c.obj
                0x100047a4                dcd_set_address
 .text.dcd_connect
                0x100047d4       0x30 CMakeFiles/centimeter.dir/D_/Pico_Downloads/pico-sdk/lib/tinyusb/src/portable/raspberrypi/rp2040/dcd_rp2040.c.obj
                0x100047d4                dcd_connect
 .text.dcd_init
                0x10004804       0x90 CMakeFiles/centimeter.dir/D_/Pico_Downloads/pico-sdk/lib/tinyusb/src/portable/raspberrypi/rp2040/dcd_rp2040.c.obj
                0x10004804                dcd_init
 .text.dcd_edpt0_status_complete
                0x10004894       0x44 CMakeFiles/centimeter.dir/D_/Pico_Downloads/pico-sdk/lib/tinyusb/src/portable/raspberrypi/rp2040/dcd_rp2040.c.obj
                0x10004894                dcd_edpt0_status_complete
 .text.dcd_edpt_open
                0x100048d8       0x40 CMakeFiles/centimeter.dir/D_/Pico_Downloads/pico-sdk/lib/tinyusb/src/portable/raspberrypi/rp2040/dcd_rp2040.c.obj
                0x100048d8                dcd_edpt_open
 .text.dcd_edpt_xfer
                0x10004918       0x34 CMakeFiles/centimeter.dir/D_/Pico_Downloads/pico-sdk/lib/tinyusb/src/portable/raspberrypi/rp2040/dcd_rp2040.c.obj
                0x10004918                dcd_edpt_xfer
 .text.dcd_edpt_stall
                0x1000494c       0x28 CMakeFiles/centimeter.dir/D_/Pico_Downloads/pico-sdk/lib/tinyusb/src/portable/raspberrypi/rp2040/dcd_rp2040.c.obj
                0x1000494c                dcd_edpt_stall
 .text.dcd_edpt_clear_stall
                0x10004974       0x28 CMakeFiles/centimeter.dir/D_/Pico_Downloads/pico-sdk/lib/tinyusb/src/portable/raspberrypi/rp2040/dcd_rp2040.c.obj
                0x10004974                dcd_edpt_clear_stall
 .text.rp2040_usb_init
                0x1000499c       0x50 CMakeFiles/centimeter.dir/D_/Pico_Downloads/pico-sdk/lib/tinyusb/src/portable/raspberrypi/rp2040/rp2040_usb.c.obj
                0x1000499c                rp2040_usb_init
 .text.hw_endpoint_reset_transfer
                0x100049ec       0x14 CMakeFiles/centimeter.dir/D_/Pico_Downloads/pico-sdk/lib/tinyusb/src/portable/raspberrypi/rp2040/rp2040_usb.c.obj
                0x100049ec                hw_endpoint_reset_transfer
 .text._hw_endpoint_buffer_control_update32
                0x10004a00       0x54 CMakeFiles/centimeter.dir/D_/Pico_Downloads/pico-sdk/lib/tinyusb/src/portable/raspberrypi/rp2040/rp2040_usb.c.obj
                0x10004a00                _hw_endpoint_buffer_control_update32
 .text._hw_endpoint_start_next_buffer
                0x10004a54       0x5a CMakeFiles/centimeter.dir/D_/Pico_Downloads/pico-sdk/lib/tinyusb/src/portable/raspberrypi/rp2040/rp2040_usb.c.obj
                0x10004a54                _hw_endpoint_start_next_buffer
 .text._hw_endpoint_xfer_start
                0x10004aae       0x46 CMakeFiles/centimeter.dir/D_/Pico_Downloads/pico-sdk/lib/tinyusb/src/portable/raspberrypi/rp2040/rp2040_usb.c.obj
                0x10004aae                _hw_endpoint_xfer_start
 .text._hw_endpoint_xfer_sync
                0x10004af4       0x74 CMakeFiles/centimeter.dir/D_/Pico_Downloads/pico-sdk/lib/tinyusb/src/portable/raspberrypi/rp2040/rp2040_usb.c.obj
                0x10004af4                _hw_endpoint_xfer_sync
 .text._hw_endpoint_xfer_continue
                0x10004b68       0x58 CMakeFiles/centimeter.dir/D_/Pico_Downloads/pico-sdk/lib/tinyusb/src/portable/raspberrypi/rp2040/rp2040_usb.c.obj
                0x10004b68                _hw_endpoint_xfer_continue
 .text._hw_endpoint_xfer
                0x10004bc0       0x34 CMakeFiles/centimeter.dir/D_/Pico_Downloads/pico-sdk/lib/tinyusb/src/portable/raspberrypi/rp2040/rp2040_usb.c.obj
                0x10004bc0                _hw_endpoint_xfer
 .text.mark_interface_endpoint
                0x10004bf4       0x2a CMakeFiles/centimeter.dir/D_/Pico_Downloads/pico-sdk/lib/tinyusb/src/device/usbd.c.obj
 *fill*         0x10004c1e        0x2 
 .text.usbd_reset
                0x10004c20       0x88 CMakeFiles/centimeter.dir/D_/Pico_Downloads/pico-sdk/lib/tinyusb/src/device/usbd.c.obj
 .text.invoke_class_control
                0x10004ca8       0x18 CMakeFiles/centimeter.dir/D_/Pico_Downloads/pico-sdk/lib/tinyusb/src/device/usbd.c.obj
 .text.process_set_config
                0x10004cc0      0x1d0 CMakeFiles/centimeter.dir/D_/Pico_Downloads/pico-sdk/lib/tinyusb/src/device/usbd.c.obj
 .text.process_get_descriptor
                0x10004e90       0xf4 CMakeFiles/centimeter.dir/D_/Pico_Downloads/pico-sdk/lib/tinyusb/src/device/usbd.c.obj
 .text.tud_mounted
                0x10004f84       0x10 CMakeFiles/centimeter.dir/D_/Pico_Downloads/pico-sdk/lib/tinyusb/src/device/usbd.c.obj
                0x10004f84                tud_mounted
 .text.tud_suspended
                0x10004f94       0x10 CMakeFiles/centimeter.dir/D_/Pico_Downloads/pico-sdk/lib/tinyusb/src/device/usbd.c.obj
                0x10004f94                tud_suspended
 .text.tud_init
                0x10004fa4       0xb8 CMakeFiles/centimeter.dir/D_/Pico_Downloads/pico-sdk/lib/tinyusb/src/device/usbd.c.obj
                0x10004fa4                tud_init
 .text.dcd_event_handler
                0x1000505c      0x1c4 CMakeFiles/centimeter.dir/D_/Pico_Downloads/pico-sdk/lib/tinyusb/src/device/usbd.c.obj
                0x1000505c                dcd_event_handler
 .text.dcd_event_bus_signal
                0x10005220       0x26 CMakeFiles/centimeter.dir/D_/Pico_Downloads/pico-sdk/lib/tinyusb/src/device/usbd.c.obj
                0x10005220                dcd_event_bus_signal
 .text.dcd_event_setup_received
                0x10005246       0x34 CMakeFiles/centimeter.dir/D_/Pico_Downloads/pico-sdk/lib/tinyusb/src/device/usbd.c.obj
                0x10005246                dcd_event_setup_received
 .text.dcd_event_xfer_complete
                0x1000527a       0x44 CMakeFiles/centimeter.dir/D_/Pico_Downloads/pico-sdk/lib/tinyusb/src/device/usbd.c.obj
                0x1000527a                dcd_event_xfer_complete
 .text.usbd_edpt_open
                0x100052be        0x8 CMakeFiles/centimeter.dir/D_/Pico_Downloads/pico-sdk/lib/tinyusb/src/device/usbd.c.obj
                0x100052be                usbd_edpt_open
 *fill*         0x100052c6        0x2 
 .text.usbd_open_edpt_pair
                0x100052c8       0x8c CMakeFiles/centimeter.dir/D_/Pico_Downloads/pico-sdk/lib/tinyusb/src/device/usbd.c.obj
                0x100052c8                usbd_open_edpt_pair
 .text.usbd_edpt_claim
                0x10005354       0x8c CMakeFiles/centimeter.dir/D_/Pico_Downloads/pico-sdk/lib/tinyusb/src/device/usbd.c.obj
                0x10005354                usbd_edpt_claim
 .text.usbd_edpt_release
                0x100053e0       0x68 CMakeFiles/centimeter.dir/D_/Pico_Downloads/pico-sdk/lib/tinyusb/src/device/usbd.c.obj
                0x100053e0                usbd_edpt_release
 .text.usbd_edpt_xfer
                0x10005448       0x80 CMakeFiles/centimeter.dir/D_/Pico_Downloads/pico-sdk/lib/tinyusb/src/device/usbd.c.obj
                0x10005448                usbd_edpt_xfer
 .text.usbd_edpt_stall
                0x100054c8       0x2c CMakeFiles/centimeter.dir/D_/Pico_Downloads/pico-sdk/lib/tinyusb/src/device/usbd.c.obj
                0x100054c8                usbd_edpt_stall
 .text.usbd_edpt_clear_stall
                0x100054f4       0x2c CMakeFiles/centimeter.dir/D_/Pico_Downloads/pico-sdk/lib/tinyusb/src/device/usbd.c.obj
                0x100054f4                usbd_edpt_clear_stall
 .text.usbd_edpt_stalled
                0x10005520       0x1c CMakeFiles/centimeter.dir/D_/Pico_Downloads/pico-sdk/lib/tinyusb/src/device/usbd.c.obj
                0x10005520                usbd_edpt_stalled
 .text.process_control_request
                0x1000553c      0x37c CMakeFiles/centimeter.dir/D_/Pico_Downloads/pico-sdk/lib/tinyusb/src/device/usbd.c.obj
 .text.tud_task
                0x100058b8      0x204 CMakeFiles/centimeter.dir/D_/Pico_Downloads/pico-sdk/lib/tinyusb/src/device/usbd.c.obj
                0x100058b8                tud_task
 .text._data_stage_xact
                0x10005abc       0x58 CMakeFiles/centimeter.dir/D_/Pico_Downloads/pico-sdk/lib/tinyusb/src/device/usbd_control.c.obj
 .text.tud_control_status
                0x10005b14       0x38 CMakeFiles/centimeter.dir/D_/Pico_Downloads/pico-sdk/lib/tinyusb/src/device/usbd_control.c.obj
                0x10005b14                tud_control_status
 .text.tud_control_xfer
                0x10005b4c       0xa8 CMakeFiles/centimeter.dir/D_/Pico_Downloads/pico-sdk/lib/tinyusb/src/device/usbd_control.c.obj
                0x10005b4c                tud_control_xfer
 .text.usbd_control_reset
                0x10005bf4       0x14 CMakeFiles/centimeter.dir/D_/Pico_Downloads/pico-sdk/lib/tinyusb/src/device/usbd_control.c.obj
                0x10005bf4                usbd_control_reset
 .text.usbd_control_set_complete_callback
                0x10005c08        0xc CMakeFiles/centimeter.dir/D_/Pico_Downloads/pico-sdk/lib/tinyusb/src/device/usbd_control.c.obj
                0x10005c08                usbd_control_set_complete_callback
 .text.usbd_control_set_request
                0x10005c14       0x1c CMakeFiles/centimeter.dir/D_/Pico_Downloads/pico-sdk/lib/tinyusb/src/device/usbd_control.c.obj
                0x10005c14                usbd_control_set_request
 .text.usbd_control_xfer_cb
                0x10005c30       0xe8 CMakeFiles/centimeter.dir/D_/Pico_Downloads/pico-sdk/lib/tinyusb/src/device/usbd_control.c.obj
                0x10005c30                usbd_control_xfer_cb
 .text._prep_out_transaction
                0x10005d18       0x46 CMakeFiles/centimeter.dir/D_/Pico_Downloads/pico-sdk/lib/tinyusb/src/class/cdc/cdc_device.c.obj
 *fill*         0x10005d5e        0x2 
 .text.tud_cdc_n_connected
                0x10005d60       0x48 CMakeFiles/centimeter.dir/D_/Pico_Downloads/pico-sdk/lib/tinyusb/src/class/cdc/cdc_device.c.obj
                0x10005d60                tud_cdc_n_connected
 .text.tud_cdc_n_available
                0x10005da8       0x20 CMakeFiles/centimeter.dir/D_/Pico_Downloads/pico-sdk/lib/tinyusb/src/class/cdc/cdc_device.c.obj
                0x10005da8                tud_cdc_n_available
 .text.tud_cdc_n_read
                0x10005dc8       0x30 CMakeFiles/centimeter.dir/D_/Pico_Downloads/pico-sdk/lib/tinyusb/src/class/cdc/cdc_device.c.obj
                0x10005dc8                tud_cdc_n_read
 .text.tud_cdc_n_write_flush
                0x10005df8       0xc4 CMakeFiles/centimeter.dir/D_/Pico_Downloads/pico-sdk/lib/tinyusb/src/class/cdc/cdc_device.c.obj
                0x10005df8                tud_cdc_n_write_flush
 .text.tud_cdc_n_write
                0x10005ebc       0x38 CMakeFiles/centimeter.dir/D_/Pico_Downloads/pico-sdk/lib/tinyusb/src/class/cdc/cdc_device.c.obj
                0x10005ebc                tud_cdc_n_write
 .text.tud_cdc_n_write_available
                0x10005ef4       0x20 CMakeFiles/centimeter.dir/D_/Pico_Downloads/pico-sdk/lib/tinyusb/src/class/cdc/cdc_device.c.obj
                0x10005ef4                tud_cdc_n_write_available
 .text.cdcd_init
                0x10005f14       0xdc CMakeFiles/centimeter.dir/D_/Pico_Downloads/pico-sdk/lib/tinyusb/src/class/cdc/cdc_device.c.obj
                0x10005f14                cdcd_init
 .text.cdcd_reset
                0x10005ff0       0x44 CMakeFiles/centimeter.dir/D_/Pico_Downloads/pico-sdk/lib/tinyusb/src/class/cdc/cdc_device.c.obj
                0x10005ff0                cdcd_reset
 .text.cdcd_open
                0x10006034      0x118 CMakeFiles/centimeter.dir/D_/Pico_Downloads/pico-sdk/lib/tinyusb/src/class/cdc/cdc_device.c.obj
                0x10006034                cdcd_open
 .text.cdcd_control_complete
                0x1000614c       0x60 CMakeFiles/centimeter.dir/D_/Pico_Downloads/pico-sdk/lib/tinyusb/src/class/cdc/cdc_device.c.obj
                0x1000614c                cdcd_control_complete
 .text.cdcd_control_request
                0x100061ac       0x9c CMakeFiles/centimeter.dir/D_/Pico_Downloads/pico-sdk/lib/tinyusb/src/class/cdc/cdc_device.c.obj
                0x100061ac                cdcd_control_request
 .text.cdcd_xfer_cb
                0x10006248      0x130 CMakeFiles/centimeter.dir/D_/Pico_Downloads/pico-sdk/lib/tinyusb/src/class/cdc/cdc_device.c.obj
                0x10006248                cdcd_xfer_cb
 .text.tusb_init
                0x10006378       0x38 CMakeFiles/centimeter.dir/D_/Pico_Downloads/pico-sdk/lib/tinyusb/src/tusb.c.obj
                0x10006378                tusb_init
 .text.tusb_inited
                0x100063b0        0xc CMakeFiles/centimeter.dir/D_/Pico_Downloads/pico-sdk/lib/tinyusb/src/tusb.c.obj
                0x100063b0                tusb_inited
 .text.advance_pointer
                0x100063bc       0x1e CMakeFiles/centimeter.dir/D_/Pico_Downloads/pico-sdk/lib/tinyusb/src/common/tusb_fifo.c.obj
 .text.backward_pointer
                0x100063da       0x1a CMakeFiles/centimeter.dir/D_/Pico_Downloads/pico-sdk/lib/tinyusb/src/common/tusb_fifo.c.obj
 .text.get_relative_pointer
                0x100063f4       0x16 CMakeFiles/centimeter.dir/D_/Pico_Downloads/pico-sdk/lib/tinyusb/src/common/tusb_fifo.c.obj
 .text.tu_fifo_lock
                0x1000640a       0x12 CMakeFiles/centimeter.dir/D_/Pico_Downloads/pico-sdk/lib/tinyusb/src/common/tusb_fifo.c.obj
 .text.tu_fifo_unlock
                0x1000641c        0xe CMakeFiles/centimeter.dir/D_/Pico_Downloads/pico-sdk/lib/tinyusb/src/common/tusb_fifo.c.obj
 .text._tu_fifo_peek_at
                0x1000642a       0x66 CMakeFiles/centimeter.dir/D_/Pico_Downloads/pico-sdk/lib/tinyusb/src/common/tusb_fifo.c.obj
 .text._ff_pull_n
                0x10006490       0x4a CMakeFiles/centimeter.dir/D_/Pico_Downloads/pico-sdk/lib/tinyusb/src/common/tusb_fifo.c.obj
 .text._tu_fifo_peek_at_n
                0x100064da       0x72 CMakeFiles/centimeter.dir/D_/Pico_Downloads/pico-sdk/lib/tinyusb/src/common/tusb_fifo.c.obj
 .text._ff_push_n
                0x1000654c       0x4a CMakeFiles/centimeter.dir/D_/Pico_Downloads/pico-sdk/lib/tinyusb/src/common/tusb_fifo.c.obj
 .text.tu_fifo_config
                0x10006596       0x48 CMakeFiles/centimeter.dir/D_/Pico_Downloads/pico-sdk/lib/tinyusb/src/common/tusb_fifo.c.obj
                0x10006596                tu_fifo_config
 .text.tu_fifo_count
                0x100065de       0x1c CMakeFiles/centimeter.dir/D_/Pico_Downloads/pico-sdk/lib/tinyusb/src/common/tusb_fifo.c.obj
                0x100065de                tu_fifo_count
 .text.tu_fifo_remaining
                0x100065fa       0x20 CMakeFiles/centimeter.dir/D_/Pico_Downloads/pico-sdk/lib/tinyusb/src/common/tusb_fifo.c.obj
                0x100065fa                tu_fifo_remaining
 .text.tu_fifo_read
                0x1000661a       0x3a CMakeFiles/centimeter.dir/D_/Pico_Downloads/pico-sdk/lib/tinyusb/src/common/tusb_fifo.c.obj
                0x1000661a                tu_fifo_read
 .text.tu_fifo_read_n
                0x10006654       0x3e CMakeFiles/centimeter.dir/D_/Pico_Downloads/pico-sdk/lib/tinyusb/src/common/tusb_fifo.c.obj
                0x10006654                tu_fifo_read_n
 .text.tu_fifo_write
                0x10006692       0x5c CMakeFiles/centimeter.dir/D_/Pico_Downloads/pico-sdk/lib/tinyusb/src/common/tusb_fifo.c.obj
                0x10006692                tu_fifo_write
 .text.tu_fifo_write_n
                0x100066ee       0x7c CMakeFiles/centimeter.dir/D_/Pico_Downloads/pico-sdk/lib/tinyusb/src/common/tusb_fifo.c.obj
                0x100066ee                tu_fifo_write_n
 .text.tu_fifo_clear
                0x1000676a       0x18 CMakeFiles/centimeter.dir/D_/Pico_Downloads/pico-sdk/lib/tinyusb/src/common/tusb_fifo.c.obj
                0x1000676a                tu_fifo_clear
 .text.setupUltrasonicPins
                0x10006782       0x22 ..\ultrasonic\libpico_ultrasonic.a(ultrasonic.c.obj)
                0x10006782                setupUltrasonicPins
 .text.getPulse
                0x100067a4       0x78 ..\ultrasonic\libpico_ultrasonic.a(ultrasonic.c.obj)
                0x100067a4                getPulse
 .text.getCm    0x1000681c       0x10 ..\ultrasonic\libpico_ultrasonic.a(ultrasonic.c.obj)
                0x1000681c                getCm
 .text.calloc   0x1000682c       0x18 c:/progra~2/gnuarm~1/102020~1/bin/../lib/gcc/arm-none-eabi/10.2.1/../../../../arm-none-eabi/lib/thumb/v6-m/nofp\libg.a(lib_a-calloc.o)
                0x1000682c                calloc
 .text._calloc_r
                0x10006844       0x5c c:/progra~2/gnuarm~1/102020~1/bin/../lib/gcc/arm-none-eabi/10.2.1/../../../../arm-none-eabi/lib/thumb/v6-m/nofp\libg.a(lib_a-callocr.o)
                0x10006844                _calloc_r
 .text.malloc   0x100068a0       0x14 c:/progra~2/gnuarm~1/102020~1/bin/../lib/gcc/arm-none-eabi/10.2.1/../../../../arm-none-eabi/lib/thumb/v6-m/nofp\libg.a(lib_a-malloc.o)
                0x100068a0                malloc
 .text._malloc_r
                0x100068b4      0x580 c:/progra~2/gnuarm~1/102020~1/bin/../lib/gcc/arm-none-eabi/10.2.1/../../../../arm-none-eabi/lib/thumb/v6-m/nofp\libg.a(lib_a-mallocr.o)
                0x100068b4                _malloc_r
 .text.__malloc_lock
                0x10006e34       0x10 c:/progra~2/gnuarm~1/102020~1/bin/../lib/gcc/arm-none-eabi/10.2.1/../../../../arm-none-eabi/lib/thumb/v6-m/nofp\libg.a(lib_a-mlock.o)
                0x10006e34                __malloc_lock
 .text.__malloc_unlock
                0x10006e44       0x10 c:/progra~2/gnuarm~1/102020~1/bin/../lib/gcc/arm-none-eabi/10.2.1/../../../../arm-none-eabi/lib/thumb/v6-m/nofp\libg.a(lib_a-mlock.o)
                0x10006e44                __malloc_unlock
 .text._sbrk_r  0x10006e54       0x24 c:/progra~2/gnuarm~1/102020~1/bin/../lib/gcc/arm-none-eabi/10.2.1/../../../../arm-none-eabi/lib/thumb/v6-m/nofp\libg.a(lib_a-sbrkr.o)
                0x10006e54                _sbrk_r
 .text.strlen   0x10006e78       0x5c c:/progra~2/gnuarm~1/102020~1/bin/../lib/gcc/arm-none-eabi/10.2.1/../../../../arm-none-eabi/lib/thumb/v6-m/nofp\libg.a(lib_a-strlen-stub.o)
                0x10006e78                strlen
 .text._malloc_trim_r
                0x10006ed4       0x9c c:/progra~2/gnuarm~1/102020~1/bin/../lib/gcc/arm-none-eabi/10.2.1/../../../../arm-none-eabi/lib/thumb/v6-m/nofp\libg.a(lib_a-freer.o)
                0x10006ed4                _malloc_trim_r
 .text._free_r  0x10006f70      0x1c4 c:/progra~2/gnuarm~1/102020~1/bin/../lib/gcc/arm-none-eabi/10.2.1/../../../../arm-none-eabi/lib/thumb/v6-m/nofp\libg.a(lib_a-freer.o)
                0x10006f70                _free_r
 .text.__retarget_lock_acquire_recursive
                0x10007134        0x4 c:/progra~2/gnuarm~1/102020~1/bin/../lib/gcc/arm-none-eabi/10.2.1/../../../../arm-none-eabi/lib/thumb/v6-m/nofp\libg.a(lib_a-lock.o)
                0x10007134                __retarget_lock_acquire_recursive
 .text.__retarget_lock_release_recursive
                0x10007138        0x4 c:/progra~2/gnuarm~1/102020~1/bin/../lib/gcc/arm-none-eabi/10.2.1/../../../../arm-none-eabi/lib/thumb/v6-m/nofp\libg.a(lib_a-lock.o)
                0x10007138                __retarget_lock_release_recursive
 *(.fini)
 .fini          0x1000713c        0x4 c:/progra~2/gnuarm~1/102020~1/bin/../lib/gcc/arm-none-eabi/10.2.1/thumb/v6-m/nofp/crti.o
                0x1000713c                _fini
 .fini.__stub   0x10007140       0x60 linker stubs
 *crtbegin.o(.ctors)
 *crtbegin?.o(.ctors)
 *(EXCLUDE_FILE(*crtend.o *crtend?.o) .ctors)
 *(SORT_BY_NAME(.ctors.*))
 *(.ctors)
 *crtbegin.o(.dtors)
 *crtbegin?.o(.dtors)
 *(EXCLUDE_FILE(*crtend.o *crtend?.o) .dtors)
 *(SORT_BY_NAME(.dtors.*))
 *(.dtors)
 *(.eh_frame*)
 .eh_frame      0x100071a0        0x0 c:/progra~2/gnuarm~1/102020~1/bin/../lib/gcc/arm-none-eabi/10.2.1/thumb/v6-m/nofp/crtbegin.o
                0x100071a0                . = ALIGN (0x4)

.glue_7         0x100071a0        0x0
 .glue_7        0x100071a0        0x0 linker stubs

.glue_7t        0x100071a0        0x0
 .glue_7t       0x100071a0        0x0 linker stubs

.vfp11_veneer   0x100071a0        0x0
 .vfp11_veneer  0x100071a0        0x0 linker stubs

.v4_bx          0x100071a0        0x0
 .v4_bx         0x100071a0        0x0 linker stubs

.iplt           0x100071a0        0x0
 .iplt          0x100071a0        0x0 c:/progra~2/gnuarm~1/102020~1/bin/../lib/gcc/arm-none-eabi/10.2.1/thumb/v6-m/nofp/crtbegin.o

.rodata         0x100071a0     0x1398
 *(EXCLUDE_FILE(*libm.a: *libc.a:*lib_a-mem*.o *libgcc.a:) .rodata*)
 .rodata.main.str1.4
                0x100071a0        0x8 CMakeFiles/centimeter.dir/cmExample.c.obj
 .rodata.spin_lock_claim_unused.str1.4
                0x100071a8       0x1b CMakeFiles/centimeter.dir/D_/Pico_Downloads/pico-sdk/src/rp2_common/hardware_sync/sync.c.obj
 *fill*         0x100071c3        0x1 
 .rodata.alarm_pool_dump_key.str1.4
                0x100071c4       0x6b CMakeFiles/centimeter.dir/D_/Pico_Downloads/pico-sdk/src/common/pico_time/time.c.obj
 *fill*         0x1000722f        0x1 
 .rodata.ph_add_child_node.str1.4
                0x10007230       0x8e CMakeFiles/centimeter.dir/D_/Pico_Downloads/pico-sdk/src/common/pico_time/time.c.obj
 *fill*         0x100072be        0x2 
 .rodata.add_alarm_under_lock.str1.4
                0x100072c0       0x27 CMakeFiles/centimeter.dir/D_/Pico_Downloads/pico-sdk/src/common/pico_time/time.c.obj
 *fill*         0x100072e7        0x1 
 .rodata.alarm_pool_alarm_callback.str1.4
                0x100072e8       0x7d CMakeFiles/centimeter.dir/D_/Pico_Downloads/pico-sdk/src/common/pico_time/time.c.obj
 *fill*         0x10007365        0x3 
 .rodata.alarm_pool_get_default.str1.4
                0x10007368       0x13 CMakeFiles/centimeter.dir/D_/Pico_Downloads/pico-sdk/src/common/pico_time/time.c.obj
 *fill*         0x1000737b        0x1 
 .rodata.alarm_pool_cancel_alarm.str1.4
                0x1000737c       0x27 CMakeFiles/centimeter.dir/D_/Pico_Downloads/pico-sdk/src/common/pico_time/time.c.obj
 *fill*         0x100073a3        0x1 
 .rodata.__func__.0
                0x100073a4       0x18 CMakeFiles/centimeter.dir/D_/Pico_Downloads/pico-sdk/src/common/pico_time/time.c.obj
 .rodata.__func__.10
                0x100073bc       0x17 CMakeFiles/centimeter.dir/D_/Pico_Downloads/pico-sdk/src/common/pico_time/time.c.obj
 *fill*         0x100073d3        0x1 
 .rodata.__func__.2
                0x100073d4       0x12 CMakeFiles/centimeter.dir/D_/Pico_Downloads/pico-sdk/src/common/pico_time/time.c.obj
 *fill*         0x100073e6        0x2 
 .rodata.__func__.3
                0x100073e8       0x14 CMakeFiles/centimeter.dir/D_/Pico_Downloads/pico-sdk/src/common/pico_time/time.c.obj
 .rodata.__func__.4
                0x100073fc       0x12 CMakeFiles/centimeter.dir/D_/Pico_Downloads/pico-sdk/src/common/pico_time/time.c.obj
 *fill*         0x1000740e        0x2 
 .rodata.__func__.5
                0x10007410        0xa CMakeFiles/centimeter.dir/D_/Pico_Downloads/pico-sdk/src/common/pico_time/time.c.obj
 *fill*         0x1000741a        0x2 
 .rodata.__func__.6
                0x1000741c        0xc CMakeFiles/centimeter.dir/D_/Pico_Downloads/pico-sdk/src/common/pico_time/time.c.obj
 .rodata.__func__.7
                0x10007428       0x15 CMakeFiles/centimeter.dir/D_/Pico_Downloads/pico-sdk/src/common/pico_time/time.c.obj
 *fill*         0x1000743d        0x3 
 .rodata.__func__.8
                0x10007440       0x1a CMakeFiles/centimeter.dir/D_/Pico_Downloads/pico-sdk/src/common/pico_time/time.c.obj
 *fill*         0x1000745a        0x2 
 .rodata.__func__.9
                0x1000745c        0xa CMakeFiles/centimeter.dir/D_/Pico_Downloads/pico-sdk/src/common/pico_time/time.c.obj
 *fill*         0x10007466        0x2 
 .rodata.hardware_alarm_claim.str1.4
                0x10007468       0x22 CMakeFiles/centimeter.dir/D_/Pico_Downloads/pico-sdk/src/rp2_common/hardware_timer/timer.c.obj
 *fill*         0x1000748a        0x2 
 .rodata.hardware_alarm_set_target.str1.4
                0x1000748c       0x65 CMakeFiles/centimeter.dir/D_/Pico_Downloads/pico-sdk/src/rp2_common/hardware_timer/timer.c.obj
 *fill*         0x100074f1        0x3 
 .rodata.__func__.0
                0x100074f4       0x1a CMakeFiles/centimeter.dir/D_/Pico_Downloads/pico-sdk/src/rp2_common/hardware_timer/timer.c.obj
 *fill*         0x1000750e        0x2 
 .rodata.lock_init.str1.4
                0x10007510       0x68 CMakeFiles/centimeter.dir/D_/Pico_Downloads/pico-sdk/src/common/pico_sync/lock_core.c.obj
 .rodata.__func__.0
                0x10007578        0xa CMakeFiles/centimeter.dir/D_/Pico_Downloads/pico-sdk/src/common/pico_sync/lock_core.c.obj
 *fill*         0x10007582        0x2 
 .rodata.str1.4
                0x10007584       0x5c CMakeFiles/centimeter.dir/D_/Pico_Downloads/pico-sdk/src/common/pico_sync/mutex.c.obj
 .rodata.__func__.0
                0x100075e0        0xb CMakeFiles/centimeter.dir/D_/Pico_Downloads/pico-sdk/src/common/pico_sync/mutex.c.obj
 *fill*         0x100075eb        0x1 
 .rodata.__func__.1
                0x100075ec       0x18 CMakeFiles/centimeter.dir/D_/Pico_Downloads/pico-sdk/src/common/pico_sync/mutex.c.obj
 .rodata.__func__.2
                0x10007604       0x15 CMakeFiles/centimeter.dir/D_/Pico_Downloads/pico-sdk/src/common/pico_sync/mutex.c.obj
 .rodata.ph_add_child_node.str1.4
                0x10007619       0x8e CMakeFiles/centimeter.dir/D_/Pico_Downloads/pico-sdk/src/common/pico_util/pheap.c.obj
 *fill*         0x10007619        0x3 
 .rodata.ph_remove_any_head.str1.4
                0x1000761c       0x8c CMakeFiles/centimeter.dir/D_/Pico_Downloads/pico-sdk/src/common/pico_util/pheap.c.obj
 .rodata.ph_delete.str1.4
                0x100076a8       0x26 CMakeFiles/centimeter.dir/D_/Pico_Downloads/pico-sdk/src/common/pico_util/pheap.c.obj
 *fill*         0x100076ce        0x2 
 .rodata.__func__.0
                0x100076d0        0xa CMakeFiles/centimeter.dir/D_/Pico_Downloads/pico-sdk/src/common/pico_util/pheap.c.obj
 *fill*         0x100076da        0x2 
 .rodata.__func__.1
                0x100076dc       0x13 CMakeFiles/centimeter.dir/D_/Pico_Downloads/pico-sdk/src/common/pico_util/pheap.c.obj
 *fill*         0x100076ef        0x1 
 .rodata.__func__.2
                0x100076f0       0x12 CMakeFiles/centimeter.dir/D_/Pico_Downloads/pico-sdk/src/common/pico_util/pheap.c.obj
 *fill*         0x10007702        0x2 
 .rodata.__func__.3
                0x10007704        0xc CMakeFiles/centimeter.dir/D_/Pico_Downloads/pico-sdk/src/common/pico_util/pheap.c.obj
 .rodata.__assert_func.str1.4
                0x10007710       0x3f CMakeFiles/centimeter.dir/D_/Pico_Downloads/pico-sdk/src/rp2_common/pico_runtime/runtime.c.obj
                                 0x43 (size before relaxing)
 *fill*         0x1000774f        0x1 
 .rodata.panic.str1.4
                0x10007750       0x12 CMakeFiles/centimeter.dir/D_/Pico_Downloads/pico-sdk/src/rp2_common/pico_runtime/runtime.c.obj
 *fill*         0x10007762        0x2 
 .rodata.clock_configure.str1.4
                0x10007764       0x57 CMakeFiles/centimeter.dir/D_/Pico_Downloads/pico-sdk/src/rp2_common/hardware_clocks/clocks.c.obj
 *fill*         0x100077bb        0x1 
 .rodata.__func__.1
                0x100077bc       0x10 CMakeFiles/centimeter.dir/D_/Pico_Downloads/pico-sdk/src/rp2_common/hardware_clocks/clocks.c.obj
 .rodata.pll_init.str1.4
                0x100077cc       0xdb CMakeFiles/centimeter.dir/D_/Pico_Downloads/pico-sdk/src/rp2_common/hardware_pll/pll.c.obj
 *fill*         0x100078a7        0x1 
 .rodata.__func__.0
                0x100078a8        0x9 CMakeFiles/centimeter.dir/D_/Pico_Downloads/pico-sdk/src/rp2_common/hardware_pll/pll.c.obj
 *fill*         0x100078b1        0x3 
 .rodata.make_branch.str1.4
                0x100078b4       0x4d CMakeFiles/centimeter.dir/D_/Pico_Downloads/pico-sdk/src/rp2_common/hardware_irq/irq.c.obj
 *fill*         0x10007901        0x3 
 .rodata.irq_set_exclusive_handler.str1.4
                0x10007904       0x36 CMakeFiles/centimeter.dir/D_/Pico_Downloads/pico-sdk/src/rp2_common/hardware_irq/irq.c.obj
 *fill*         0x1000793a        0x2 
 .rodata.irq_add_shared_handler.str1.4
                0x1000793c       0xd9 CMakeFiles/centimeter.dir/D_/Pico_Downloads/pico-sdk/src/rp2_common/hardware_irq/irq.c.obj
 *fill*         0x10007a15        0x3 
 .rodata.irq_remove_handler.str1.4
                0x10007a18       0x2a CMakeFiles/centimeter.dir/D_/Pico_Downloads/pico-sdk/src/rp2_common/hardware_irq/irq.c.obj
 *fill*         0x10007a42        0x2 
 .rodata.irq_add_tail_to_free_list.str1.4
                0x10007a44       0x32 CMakeFiles/centimeter.dir/D_/Pico_Downloads/pico-sdk/src/rp2_common/hardware_irq/irq.c.obj
                                 0x3a (size before relaxing)
 *fill*         0x10007a76        0x2 
 .rodata.__func__.0
                0x10007a78       0x1a CMakeFiles/centimeter.dir/D_/Pico_Downloads/pico-sdk/src/rp2_common/hardware_irq/irq.c.obj
 *fill*         0x10007a92        0x2 
 .rodata.__func__.1
                0x10007a94       0x17 CMakeFiles/centimeter.dir/D_/Pico_Downloads/pico-sdk/src/rp2_common/hardware_irq/irq.c.obj
 *fill*         0x10007aab        0x1 
 .rodata.__func__.2
                0x10007aac       0x13 CMakeFiles/centimeter.dir/D_/Pico_Downloads/pico-sdk/src/rp2_common/hardware_irq/irq.c.obj
 *fill*         0x10007abf        0x1 
 .rodata.__func__.3
                0x10007ac0        0xc CMakeFiles/centimeter.dir/D_/Pico_Downloads/pico-sdk/src/rp2_common/hardware_irq/irq.c.obj
 .rodata.__func__.4
                0x10007acc        0xf CMakeFiles/centimeter.dir/D_/Pico_Downloads/pico-sdk/src/rp2_common/hardware_irq/irq.c.obj
 *fill*         0x10007adb        0x1 
 .rodata.__func__.6
                0x10007adc       0x1a CMakeFiles/centimeter.dir/D_/Pico_Downloads/pico-sdk/src/rp2_common/hardware_irq/irq.c.obj
 *fill*         0x10007af6        0x2 
 .rodata._ftoa.str1.4
                0x10007af8       0x15 CMakeFiles/centimeter.dir/D_/Pico_Downloads/pico-sdk/src/rp2_common/pico_printf/printf.c.obj
 *fill*         0x10007b0d        0x3 
 .rodata._vsnprintf
                0x10007b10      0x1e0 CMakeFiles/centimeter.dir/D_/Pico_Downloads/pico-sdk/src/rp2_common/pico_printf/printf.c.obj
 .rodata.pow10.0
                0x10007cf0       0x50 CMakeFiles/centimeter.dir/D_/Pico_Downloads/pico-sdk/src/rp2_common/pico_printf/printf.c.obj
 .rodata.__aeabi_double_init.str1.4
                0x10007d40       0xa8 CMakeFiles/centimeter.dir/D_/Pico_Downloads/pico-sdk/src/rp2_common/pico_double/double_init_rom.c.obj
 .rodata.__func__.0
                0x10007de8       0x14 CMakeFiles/centimeter.dir/D_/Pico_Downloads/pico-sdk/src/rp2_common/pico_double/double_init_rom.c.obj
 .rodata.__aeabi_float_init.str1.4
                0x10007dfc       0x7a CMakeFiles/centimeter.dir/D_/Pico_Downloads/pico-sdk/src/rp2_common/pico_float/float_init_rom.c.obj
                                 0x7e (size before relaxing)
 *fill*         0x10007e76        0x2 
 .rodata.__func__.0
                0x10007e78       0x13 CMakeFiles/centimeter.dir/D_/Pico_Downloads/pico-sdk/src/rp2_common/pico_float/float_init_rom.c.obj
 *fill*         0x10007e8b        0x1 
 .rodata.str1.4
                0x10007e8c       0x70 CMakeFiles/centimeter.dir/D_/Pico_Downloads/pico-sdk/src/rp2_common/pico_standard_link/binary_info.c.obj
 .rodata.__bi_40
                0x10007efc        0xc CMakeFiles/centimeter.dir/D_/Pico_Downloads/pico-sdk/src/rp2_common/pico_standard_link/binary_info.c.obj
 .rodata.__bi_65
                0x10007f08        0xc CMakeFiles/centimeter.dir/D_/Pico_Downloads/pico-sdk/src/rp2_common/pico_standard_link/binary_info.c.obj
 .rodata.__bi_71
                0x10007f14        0xc CMakeFiles/centimeter.dir/D_/Pico_Downloads/pico-sdk/src/rp2_common/pico_standard_link/binary_info.c.obj
 .rodata.crlf_str.1
                0x10007f20        0x2 CMakeFiles/centimeter.dir/D_/Pico_Downloads/pico-sdk/src/rp2_common/pico_stdio/stdio.c.obj
 *fill*         0x10007f22        0x2 
 .rodata.str1.4
                0x10007f24       0x13 CMakeFiles/centimeter.dir/D_/Pico_Downloads/pico-sdk/src/rp2_common/pico_stdio_usb/stdio_usb.c.obj
 *fill*         0x10007f37        0x1 
 .rodata.__bi_93.0
                0x10007f38        0xc CMakeFiles/centimeter.dir/D_/Pico_Downloads/pico-sdk/src/rp2_common/pico_stdio_usb/stdio_usb.c.obj
 .rodata.str1.4
                0x10007f44       0x32 CMakeFiles/centimeter.dir/D_/Pico_Downloads/pico-sdk/src/rp2_common/pico_stdio_usb/stdio_usb_descriptors.c.obj
 *fill*         0x10007f76        0x2 
 .rodata.usbd_desc_cfg
                0x10007f78       0x4b CMakeFiles/centimeter.dir/D_/Pico_Downloads/pico-sdk/src/rp2_common/pico_stdio_usb/stdio_usb_descriptors.c.obj
 *fill*         0x10007fc3        0x1 
 .rodata.usbd_desc_device
                0x10007fc4       0x12 CMakeFiles/centimeter.dir/D_/Pico_Downloads/pico-sdk/src/rp2_common/pico_stdio_usb/stdio_usb_descriptors.c.obj
 *fill*         0x10007fd6        0x2 
 .rodata.usbd_desc_str
                0x10007fd8       0x14 CMakeFiles/centimeter.dir/D_/Pico_Downloads/pico-sdk/src/rp2_common/pico_stdio_usb/stdio_usb_descriptors.c.obj
 .rodata._hw_endpoint_alloc.str1.4
                0x10007fec       0xb5 CMakeFiles/centimeter.dir/D_/Pico_Downloads/pico-sdk/lib/tinyusb/src/portable/raspberrypi/rp2040/dcd_rp2040.c.obj
 *fill*         0x100080a1        0x3 
 .rodata._hw_endpoint_init.str1.4
                0x100080a4       0x28 CMakeFiles/centimeter.dir/D_/Pico_Downloads/pico-sdk/lib/tinyusb/src/portable/raspberrypi/rp2040/dcd_rp2040.c.obj
 .rodata.hw_handle_buff_status.str1.4
                0x100080cc        0xb CMakeFiles/centimeter.dir/D_/Pico_Downloads/pico-sdk/lib/tinyusb/src/portable/raspberrypi/rp2040/dcd_rp2040.c.obj
 *fill*         0x100080d7        0x1 
 .rodata.dcd_rp2040_irq.str1.4
                0x100080d8       0x14 CMakeFiles/centimeter.dir/D_/Pico_Downloads/pico-sdk/lib/tinyusb/src/portable/raspberrypi/rp2040/dcd_rp2040.c.obj
 .rodata._hw_endpoint_stall.str1.4
                0x100080ec        0xd CMakeFiles/centimeter.dir/D_/Pico_Downloads/pico-sdk/lib/tinyusb/src/portable/raspberrypi/rp2040/dcd_rp2040.c.obj
 *fill*         0x100080f9        0x3 
 .rodata.dcd_int_enable.str1.4
                0x100080fc        0xc CMakeFiles/centimeter.dir/D_/Pico_Downloads/pico-sdk/lib/tinyusb/src/portable/raspberrypi/rp2040/dcd_rp2040.c.obj
 .rodata.__func__.0
                0x10008108       0x15 CMakeFiles/centimeter.dir/D_/Pico_Downloads/pico-sdk/lib/tinyusb/src/portable/raspberrypi/rp2040/dcd_rp2040.c.obj
 *fill*         0x1000811d        0x3 
 .rodata.__func__.1
                0x10008120       0x13 CMakeFiles/centimeter.dir/D_/Pico_Downloads/pico-sdk/lib/tinyusb/src/portable/raspberrypi/rp2040/dcd_rp2040.c.obj
 *fill*         0x10008133        0x1 
 .rodata.__func__.10
                0x10008134        0xf CMakeFiles/centimeter.dir/D_/Pico_Downloads/pico-sdk/lib/tinyusb/src/portable/raspberrypi/rp2040/dcd_rp2040.c.obj
 *fill*         0x10008143        0x1 
 .rodata.__func__.11
                0x10008144       0x13 CMakeFiles/centimeter.dir/D_/Pico_Downloads/pico-sdk/lib/tinyusb/src/portable/raspberrypi/rp2040/dcd_rp2040.c.obj
 *fill*         0x10008157        0x1 
 .rodata.__func__.12
                0x10008158       0x16 CMakeFiles/centimeter.dir/D_/Pico_Downloads/pico-sdk/lib/tinyusb/src/portable/raspberrypi/rp2040/dcd_rp2040.c.obj
 *fill*         0x1000816e        0x2 
 .rodata.__func__.13
                0x10008170        0x9 CMakeFiles/centimeter.dir/D_/Pico_Downloads/pico-sdk/lib/tinyusb/src/portable/raspberrypi/rp2040/dcd_rp2040.c.obj
 *fill*         0x10008179        0x3 
 .rodata.__func__.2
                0x1000817c        0xf CMakeFiles/centimeter.dir/D_/Pico_Downloads/pico-sdk/lib/tinyusb/src/portable/raspberrypi/rp2040/dcd_rp2040.c.obj
 *fill*         0x1000818b        0x1 
 .rodata.__func__.3
                0x1000818c        0xe CMakeFiles/centimeter.dir/D_/Pico_Downloads/pico-sdk/lib/tinyusb/src/portable/raspberrypi/rp2040/dcd_rp2040.c.obj
 *fill*         0x1000819a        0x2 
 .rodata.__func__.4
                0x1000819c        0xe CMakeFiles/centimeter.dir/D_/Pico_Downloads/pico-sdk/lib/tinyusb/src/portable/raspberrypi/rp2040/dcd_rp2040.c.obj
 *fill*         0x100081aa        0x2 
 .rodata.__func__.5
                0x100081ac       0x1a CMakeFiles/centimeter.dir/D_/Pico_Downloads/pico-sdk/lib/tinyusb/src/portable/raspberrypi/rp2040/dcd_rp2040.c.obj
 *fill*         0x100081c6        0x2 
 .rodata.__func__.6
                0x100081c8        0xc CMakeFiles/centimeter.dir/D_/Pico_Downloads/pico-sdk/lib/tinyusb/src/portable/raspberrypi/rp2040/dcd_rp2040.c.obj
 .rodata.__func__.8
                0x100081d4       0x10 CMakeFiles/centimeter.dir/D_/Pico_Downloads/pico-sdk/lib/tinyusb/src/portable/raspberrypi/rp2040/dcd_rp2040.c.obj
 .rodata._hw_endpoint_buffer_control_update32.str1.4
                0x100081e4       0x1f CMakeFiles/centimeter.dir/D_/Pico_Downloads/pico-sdk/lib/tinyusb/src/portable/raspberrypi/rp2040/rp2040_usb.c.obj
 *fill*         0x10008203        0x1 
 .rodata._hw_endpoint_xfer_sync.str1.4
                0x10008204       0x91 CMakeFiles/centimeter.dir/D_/Pico_Downloads/pico-sdk/lib/tinyusb/src/portable/raspberrypi/rp2040/rp2040_usb.c.obj
 *fill*         0x10008295        0x3 
 .rodata._hw_endpoint_xfer_continue.str1.4
                0x10008298       0x50 CMakeFiles/centimeter.dir/D_/Pico_Downloads/pico-sdk/lib/tinyusb/src/portable/raspberrypi/rp2040/rp2040_usb.c.obj
 .rodata._hw_endpoint_xfer.str1.4
                0x100082e8        0xf CMakeFiles/centimeter.dir/D_/Pico_Downloads/pico-sdk/lib/tinyusb/src/portable/raspberrypi/rp2040/rp2040_usb.c.obj
 *fill*         0x100082f7        0x1 
 .rodata.str1.4
                0x100082f8        0x7 CMakeFiles/centimeter.dir/D_/Pico_Downloads/pico-sdk/lib/tinyusb/src/portable/raspberrypi/rp2040/rp2040_usb.c.obj
 *fill*         0x100082ff        0x1 
 .rodata.__func__.0
                0x10008300       0x12 CMakeFiles/centimeter.dir/D_/Pico_Downloads/pico-sdk/lib/tinyusb/src/portable/raspberrypi/rp2040/rp2040_usb.c.obj
 *fill*         0x10008312        0x2 
 .rodata.__func__.1
                0x10008314       0x17 CMakeFiles/centimeter.dir/D_/Pico_Downloads/pico-sdk/lib/tinyusb/src/portable/raspberrypi/rp2040/rp2040_usb.c.obj
 *fill*         0x1000832b        0x1 
 .rodata.process_set_config.str1.4
                0x1000832c       0x17 CMakeFiles/centimeter.dir/D_/Pico_Downloads/pico-sdk/lib/tinyusb/src/device/usbd.c.obj
 *fill*         0x10008343        0x1 
 .rodata.process_get_descriptor
                0x10008344       0x40 CMakeFiles/centimeter.dir/D_/Pico_Downloads/pico-sdk/lib/tinyusb/src/device/usbd.c.obj
 .rodata.dcd_event_handler.str1.4
                0x10008384       0x46 CMakeFiles/centimeter.dir/D_/Pico_Downloads/pico-sdk/lib/tinyusb/src/device/usbd.c.obj
 *fill*         0x100083ca        0x2 
 .rodata.process_control_request
                0x100083cc       0x28 CMakeFiles/centimeter.dir/D_/Pico_Downloads/pico-sdk/lib/tinyusb/src/device/usbd.c.obj
 .rodata.tud_task
                0x100083f4       0x24 CMakeFiles/centimeter.dir/D_/Pico_Downloads/pico-sdk/lib/tinyusb/src/device/usbd.c.obj
 .rodata.__func__.1
                0x10008418        0xf CMakeFiles/centimeter.dir/D_/Pico_Downloads/pico-sdk/lib/tinyusb/src/device/usbd.c.obj
 *fill*         0x10008427        0x1 
 .rodata.__func__.2
                0x10008428       0x14 CMakeFiles/centimeter.dir/D_/Pico_Downloads/pico-sdk/lib/tinyusb/src/device/usbd.c.obj
 .rodata.__func__.3
                0x1000843c       0x10 CMakeFiles/centimeter.dir/D_/Pico_Downloads/pico-sdk/lib/tinyusb/src/device/usbd.c.obj
 .rodata.__func__.4
                0x1000844c       0x17 CMakeFiles/centimeter.dir/D_/Pico_Downloads/pico-sdk/lib/tinyusb/src/device/usbd.c.obj
 *fill*         0x10008463        0x1 
 .rodata.__func__.5
                0x10008464       0x13 CMakeFiles/centimeter.dir/D_/Pico_Downloads/pico-sdk/lib/tinyusb/src/device/usbd.c.obj
 *fill*         0x10008477        0x1 
 .rodata.__func__.6
                0x10008478       0x18 CMakeFiles/centimeter.dir/D_/Pico_Downloads/pico-sdk/lib/tinyusb/src/device/usbd.c.obj
 .rodata.__func__.7
                0x10008490       0x13 CMakeFiles/centimeter.dir/D_/Pico_Downloads/pico-sdk/lib/tinyusb/src/device/usbd.c.obj
 *fill*         0x100084a3        0x1 
 .rodata.__func__.8
                0x100084a4        0x9 CMakeFiles/centimeter.dir/D_/Pico_Downloads/pico-sdk/lib/tinyusb/src/device/usbd.c.obj
 *fill*         0x100084ad        0x3 
 .rodata._usbd_driver
                0x100084b0       0x1c CMakeFiles/centimeter.dir/D_/Pico_Downloads/pico-sdk/lib/tinyusb/src/device/usbd.c.obj
 .rodata.tud_control_xfer.str1.4
                0x100084cc       0x17 CMakeFiles/centimeter.dir/D_/Pico_Downloads/pico-sdk/lib/tinyusb/src/device/usbd_control.c.obj
 .rodata.__func__.0
                0x100084cc       0x15 CMakeFiles/centimeter.dir/D_/Pico_Downloads/pico-sdk/lib/tinyusb/src/device/usbd_control.c.obj
 *fill*         0x100084e1        0x3 
 .rodata.__func__.1
                0x100084e4       0x11 CMakeFiles/centimeter.dir/D_/Pico_Downloads/pico-sdk/lib/tinyusb/src/device/usbd_control.c.obj
 .rodata.tud_cdc_n_write_flush.str1.4
                0x100084f5       0x17 CMakeFiles/centimeter.dir/D_/Pico_Downloads/pico-sdk/lib/tinyusb/src/class/cdc/cdc_device.c.obj
 *fill*         0x100084f5        0x3 
 .rodata.__func__.0
                0x100084f8        0xd CMakeFiles/centimeter.dir/D_/Pico_Downloads/pico-sdk/lib/tinyusb/src/class/cdc/cdc_device.c.obj
 *fill*         0x10008505        0x3 
 .rodata.__func__.1
                0x10008508        0xa CMakeFiles/centimeter.dir/D_/Pico_Downloads/pico-sdk/lib/tinyusb/src/class/cdc/cdc_device.c.obj
 *fill*         0x10008512        0x2 
 .rodata.__func__.2
                0x10008514       0x16 CMakeFiles/centimeter.dir/D_/Pico_Downloads/pico-sdk/lib/tinyusb/src/class/cdc/cdc_device.c.obj
 .rodata.tusb_init.str1.4
                0x1000852a       0x17 CMakeFiles/centimeter.dir/D_/Pico_Downloads/pico-sdk/lib/tinyusb/src/tusb.c.obj
 *fill*         0x1000852a        0x2 
 .rodata.__func__.0
                0x1000852c        0xa CMakeFiles/centimeter.dir/D_/Pico_Downloads/pico-sdk/lib/tinyusb/src/tusb.c.obj
                0x10008538                . = ALIGN (0x4)
 *fill*         0x10008536        0x2 
 *(SORT_BY_ALIGNMENT(SORT_BY_NAME(.flashdata*)))
                0x10008538                . = ALIGN (0x4)

.rel.dyn        0x10008538        0x0
 .rel.iplt      0x10008538        0x0 c:/progra~2/gnuarm~1/102020~1/bin/../lib/gcc/arm-none-eabi/10.2.1/thumb/v6-m/nofp/crtbegin.o

.ARM.extab
 *(.ARM.extab* .gnu.linkonce.armextab.*)
                0x10008538                __exidx_start = .

.ARM.exidx
 *(.ARM.exidx* .gnu.linkonce.armexidx.*)
                0x10008538                __exidx_end = .
                0x10008538                . = ALIGN (0x4)
                0x10008538                __binary_info_start = .

.binary_info    0x10008538       0x20
 *(.binary_info.keep.*)
 .binary_info.keep.__bi_ptr18
                0x10008538        0x4 CMakeFiles/centimeter.dir/D_/Pico_Downloads/pico-sdk/src/rp2_common/pico_standard_link/binary_info.c.obj
 .binary_info.keep.__bi_ptr26
                0x1000853c        0x4 CMakeFiles/centimeter.dir/D_/Pico_Downloads/pico-sdk/src/rp2_common/pico_standard_link/binary_info.c.obj
 .binary_info.keep.__bi_ptr34
                0x10008540        0x4 CMakeFiles/centimeter.dir/D_/Pico_Downloads/pico-sdk/src/rp2_common/pico_standard_link/binary_info.c.obj
 .binary_info.keep.__bi_ptr40
                0x10008544        0x4 CMakeFiles/centimeter.dir/D_/Pico_Downloads/pico-sdk/src/rp2_common/pico_standard_link/binary_info.c.obj
 .binary_info.keep.__bi_ptr46
                0x10008548        0x4 CMakeFiles/centimeter.dir/D_/Pico_Downloads/pico-sdk/src/rp2_common/pico_standard_link/binary_info.c.obj
 .binary_info.keep.__bi_ptr65
                0x1000854c        0x4 CMakeFiles/centimeter.dir/D_/Pico_Downloads/pico-sdk/src/rp2_common/pico_standard_link/binary_info.c.obj
 .binary_info.keep.__bi_ptr71
                0x10008550        0x4 CMakeFiles/centimeter.dir/D_/Pico_Downloads/pico-sdk/src/rp2_common/pico_standard_link/binary_info.c.obj
 *(.binary_info.*)
 .binary_info.__bi_ptr93
                0x10008554        0x4 CMakeFiles/centimeter.dir/D_/Pico_Downloads/pico-sdk/src/rp2_common/pico_stdio_usb/stdio_usb.c.obj
                0x10008558                __binary_info_end = .
                0x10008558                . = ALIGN (0x4)
                0x10008558                __etext = .

.ram_vector_table
                0x20000000       0xc0
 *(.ram_vector_table)
 .ram_vector_table
                0x20000000       0xc0 CMakeFiles/centimeter.dir/D_/Pico_Downloads/pico-sdk/src/rp2_common/pico_runtime/runtime.c.obj
                0x20000000                ram_vector_table

.data           0x200000c0      0xb1c load address 0x10008558
                0x200000c0                __data_start__ = .
 *(vtable)
 *(.time_critical*)
 .time_critical.mutex_enter_blocking
                0x200000c0       0x64 CMakeFiles/centimeter.dir/D_/Pico_Downloads/pico-sdk/src/common/pico_sync/mutex.c.obj
                0x200000c0                mutex_enter_blocking
 .time_critical.mutex_try_enter
                0x20000124       0x44 CMakeFiles/centimeter.dir/D_/Pico_Downloads/pico-sdk/src/common/pico_sync/mutex.c.obj
                0x20000124                mutex_try_enter
 .time_critical.mutex_enter_block_until
                0x20000168       0x78 CMakeFiles/centimeter.dir/D_/Pico_Downloads/pico-sdk/src/common/pico_sync/mutex.c.obj
                0x20000168                mutex_enter_block_until
 .time_critical.mutex_enter_timeout_ms
                0x200001e0       0x4a CMakeFiles/centimeter.dir/D_/Pico_Downloads/pico-sdk/src/common/pico_sync/mutex.c.obj
                0x200001e0                mutex_enter_timeout_ms
 *fill*         0x2000022a        0x2 
 .time_critical.mutex_exit
                0x2000022c       0x4c CMakeFiles/centimeter.dir/D_/Pico_Downloads/pico-sdk/src/common/pico_sync/mutex.c.obj
                0x2000022c                mutex_exit
 *(.text*)
 .text          0x20000278        0x4 c:/progra~2/gnuarm~1/102020~1/bin/../lib/gcc/arm-none-eabi/10.2.1/thumb/v6-m/nofp\libgcc.a(_dvmd_tls.o)
                0x20000278                __aeabi_idiv0
                0x20000278                __aeabi_ldiv0
 *fill*         0x2000027c        0x4 
 .text.__stub   0x20000280       0x40 linker stubs
                0x200002c0                . = ALIGN (0x4)
 *(.rodata*)
                0x200002c0                . = ALIGN (0x4)
 *(.data*)
 .data.echoPin  0x200002c0        0x4 CMakeFiles/centimeter.dir/cmExample.c.obj
                0x200002c0                echoPin
 .data.trigPin  0x200002c4        0x4 CMakeFiles/centimeter.dir/cmExample.c.obj
                0x200002c4                trigPin
 .data.striped_spin_lock_num
                0x200002c8        0x1 CMakeFiles/centimeter.dir/D_/Pico_Downloads/pico-sdk/src/rp2_common/hardware_sync/sync.c.obj
 *fill*         0x200002c9        0x3 
 .data          0x200002cc       0x48 CMakeFiles/centimeter.dir/D_/Pico_Downloads/pico-sdk/src/rp2_common/hardware_irq/irq_handler_chain.S.obj
                0x200002cc                irq_handler_chain_slots
                0x200002fc                irq_handler_chain_first_slot
                0x20000306                irq_handler_chain_remove_tail
 *fill*         0x20000314        0xc 
 .data.aeabi_bits_funcs
                0x20000320       0x10 CMakeFiles/centimeter.dir/D_/Pico_Downloads/pico-sdk/src/rp2_common/pico_bit_ops/bit_ops_aeabi.S.obj
                0x20000320                aeabi_bits_funcs
                0x20000330                aeabi_bits_funcs_end
 .data.aeabi_mem_funcs
                0x20000330       0x10 CMakeFiles/centimeter.dir/D_/Pico_Downloads/pico-sdk/src/rp2_common/pico_mem_ops/mem_ops_aeabi.S.obj
                0x20000330                aeabi_mem_funcs
                0x20000340                aeabi_mem_funcs_end
 .data.stdio_usb
                0x20000340       0x14 CMakeFiles/centimeter.dir/D_/Pico_Downloads/pico-sdk/src/rp2_common/pico_stdio_usb/stdio_usb.c.obj
                0x20000340                stdio_usb
 .data.ep_dir_string
                0x20000354        0x8 CMakeFiles/centimeter.dir/D_/Pico_Downloads/pico-sdk/lib/tinyusb/src/portable/raspberrypi/rp2040/rp2040_usb.c.obj
                0x20000354                ep_dir_string
 .data._usbd_qdef
                0x2000035c       0x20 CMakeFiles/centimeter.dir/D_/Pico_Downloads/pico-sdk/lib/tinyusb/src/device/usbd.c.obj
                0x2000035c                _usbd_qdef
 .data.timeout  0x2000037c        0x4 ..\ultrasonic\libpico_ultrasonic.a(ultrasonic.c.obj)
                0x2000037c                timeout
 .data._impure_ptr
                0x20000380        0x4 c:/progra~2/gnuarm~1/102020~1/bin/../lib/gcc/arm-none-eabi/10.2.1/../../../../arm-none-eabi/lib/thumb/v6-m/nofp\libg.a(lib_a-impure.o)
                0x20000380                _impure_ptr
 *fill*         0x20000384        0x4 
 .data.impure_data
                0x20000388      0x428 c:/progra~2/gnuarm~1/102020~1/bin/../lib/gcc/arm-none-eabi/10.2.1/../../../../arm-none-eabi/lib/thumb/v6-m/nofp\libg.a(lib_a-impure.o)
 .data.__malloc_av_
                0x200007b0      0x408 c:/progra~2/gnuarm~1/102020~1/bin/../lib/gcc/arm-none-eabi/10.2.1/../../../../arm-none-eabi/lib/thumb/v6-m/nofp\libg.a(lib_a-mallocr.o)
                0x200007b0                __malloc_av_
 .data.__malloc_sbrk_base
                0x20000bb8        0x4 c:/progra~2/gnuarm~1/102020~1/bin/../lib/gcc/arm-none-eabi/10.2.1/../../../../arm-none-eabi/lib/thumb/v6-m/nofp\libg.a(lib_a-mallocr.o)
                0x20000bb8                __malloc_sbrk_base
 .data.__malloc_trim_threshold
                0x20000bbc        0x4 c:/progra~2/gnuarm~1/102020~1/bin/../lib/gcc/arm-none-eabi/10.2.1/../../../../arm-none-eabi/lib/thumb/v6-m/nofp\libg.a(lib_a-mallocr.o)
                0x20000bbc                __malloc_trim_threshold
                0x20000bc0                . = ALIGN (0x4)
 *(.after_data.*)
                0x20000bc0                . = ALIGN (0x4)
                0x20000bc0                PROVIDE (__mutex_array_start = .)
 *(SORT_BY_NAME(.mutex_array.*))
 *(.mutex_array)
 .mutex_array   0x20000bc0        0x8 CMakeFiles/centimeter.dir/D_/Pico_Downloads/pico-sdk/src/rp2_common/pico_stdio/stdio.c.obj
                0x20000bc8                PROVIDE (__mutex_array_end = .)
                0x20000bc8                . = ALIGN (0x4)
                0x20000bc8                PROVIDE (__preinit_array_start = .)
 *(SORT_BY_NAME(.preinit_array.*))
 .preinit_array.00001
                0x20000bc8        0x4 CMakeFiles/centimeter.dir/D_/Pico_Downloads/pico-sdk/src/rp2_common/pico_mem_ops/mem_ops_aeabi.S.obj
 .preinit_array.00010
                0x20000bcc        0x4 CMakeFiles/centimeter.dir/D_/Pico_Downloads/pico-sdk/src/rp2_common/pico_bit_ops/bit_ops_aeabi.S.obj
 .preinit_array.00020
                0x20000bd0        0x4 CMakeFiles/centimeter.dir/D_/Pico_Downloads/pico-sdk/src/rp2_common/pico_double/double_aeabi.S.obj
 .preinit_array.00020
                0x20000bd4        0x4 CMakeFiles/centimeter.dir/D_/Pico_Downloads/pico-sdk/src/rp2_common/pico_float/float_aeabi.S.obj
 *(.preinit_array)
                0x20000bd8                PROVIDE (__preinit_array_end = .)
                0x20000bd8                . = ALIGN (0x4)
                0x20000bd8                PROVIDE (__init_array_start = .)
 *(SORT_BY_NAME(.init_array.*))
 *(.init_array)
 .init_array    0x20000bd8        0x4 c:/progra~2/gnuarm~1/102020~1/bin/../lib/gcc/arm-none-eabi/10.2.1/thumb/v6-m/nofp/crtbegin.o
                0x20000bdc                PROVIDE (__init_array_end = .)
                0x20000bdc                . = ALIGN (0x4)
                [!provide]                PROVIDE (__fini_array_start = .)
 *(SORT_BY_NAME(.fini_array.*))
 *(.fini_array)
                [!provide]                PROVIDE (__fini_array_end = .)
 *(.jcr)
                0x20000bdc                . = ALIGN (0x4)
                0x20000bdc                __data_end__ = .

.igot.plt       0x20000bdc        0x0 load address 0x10009074
 .igot.plt      0x20000bdc        0x0 c:/progra~2/gnuarm~1/102020~1/bin/../lib/gcc/arm-none-eabi/10.2.1/thumb/v6-m/nofp/crtbegin.o

.uninitialized_data
                0x20000bdc        0x0 load address 0x10009074
                0x20000bdc                . = ALIGN (0x4)
 *(.uninitialized_data*)

.scratch_x      0x20040000        0x0 load address 0x10009074
                0x20040000                __scratch_x_start__ = .
 *(.scratch_x.*)
                0x20040000                . = ALIGN (0x4)
                0x20040000                __scratch_x_end__ = .
                0x10009074                __scratch_x_source__ = LOADADDR (.scratch_x)

.scratch_y      0x20041000        0x0 load address 0x10009074
                0x20041000                __scratch_y_start__ = .
 *(.scratch_y.*)
                0x20041000                . = ALIGN (0x4)
                0x20041000                __scratch_y_end__ = .
                0x10009074                __scratch_y_source__ = LOADADDR (.scratch_y)

.bss            0x20000be0      0xdbc
                0x20000be0                . = ALIGN (0x4)
                0x20000be0                __bss_start__ = .
 *(SORT_BY_ALIGNMENT(SORT_BY_NAME(.bss*)))
 .bss.last_avail_time.1
                0x20000be0        0x8 CMakeFiles/centimeter.dir/D_/Pico_Downloads/pico-sdk/src/rp2_common/pico_stdio_usb/stdio_usb.c.obj
 .bss           0x20000be8       0x1c c:/progra~2/gnuarm~1/102020~1/bin/../lib/gcc/arm-none-eabi/10.2.1/thumb/v6-m/nofp/crtbegin.o
 .bss.__lock___malloc_recursive_mutex
                0x20000c04        0x1 c:/progra~2/gnuarm~1/102020~1/bin/../lib/gcc/arm-none-eabi/10.2.1/../../../../arm-none-eabi/lib/thumb/v6-m/nofp\libg.a(lib_a-lock.o)
                0x20000c04                __lock___malloc_recursive_mutex
 *fill*         0x20000c05        0x3 
 .bss.__malloc_current_mallinfo
                0x20000c08       0x28 c:/progra~2/gnuarm~1/102020~1/bin/../lib/gcc/arm-none-eabi/10.2.1/../../../../arm-none-eabi/lib/thumb/v6-m/nofp\libg.a(lib_a-mallocr.o)
                0x20000c08                __malloc_current_mallinfo
 .bss.__malloc_max_sbrked_mem
                0x20000c30        0x4 c:/progra~2/gnuarm~1/102020~1/bin/../lib/gcc/arm-none-eabi/10.2.1/../../../../arm-none-eabi/lib/thumb/v6-m/nofp\libg.a(lib_a-mallocr.o)
                0x20000c30                __malloc_max_sbrked_mem
 .bss.__malloc_max_total_mem
                0x20000c34        0x4 c:/progra~2/gnuarm~1/102020~1/bin/../lib/gcc/arm-none-eabi/10.2.1/../../../../arm-none-eabi/lib/thumb/v6-m/nofp\libg.a(lib_a-mallocr.o)
                0x20000c34                __malloc_max_total_mem
 .bss.__malloc_top_pad
                0x20000c38        0x4 c:/progra~2/gnuarm~1/102020~1/bin/../lib/gcc/arm-none-eabi/10.2.1/../../../../arm-none-eabi/lib/thumb/v6-m/nofp\libg.a(lib_a-mallocr.o)
                0x20000c38                __malloc_top_pad
 .bss._app_driver
                0x20000c3c        0x4 CMakeFiles/centimeter.dir/D_/Pico_Downloads/pico-sdk/lib/tinyusb/src/device/usbd.c.obj
 .bss._cdcd_itf
                0x20000c40      0x2d0 CMakeFiles/centimeter.dir/D_/Pico_Downloads/pico-sdk/lib/tinyusb/src/class/cdc/cdc_device.c.obj
 .bss._ctrl_xfer
                0x20000f10       0x14 CMakeFiles/centimeter.dir/D_/Pico_Downloads/pico-sdk/lib/tinyusb/src/device/usbd_control.c.obj
 .bss._ubsd_mutexdef
                0x20000f24        0x8 CMakeFiles/centimeter.dir/D_/Pico_Downloads/pico-sdk/lib/tinyusb/src/device/usbd.c.obj
 .bss._usbd_ctrl_buf
                0x20000f2c       0x40 CMakeFiles/centimeter.dir/D_/Pico_Downloads/pico-sdk/lib/tinyusb/src/device/usbd_control.c.obj
 .bss._usbd_dev
                0x20000f6c       0x37 CMakeFiles/centimeter.dir/D_/Pico_Downloads/pico-sdk/lib/tinyusb/src/device/usbd.c.obj
 *fill*         0x20000fa3        0x1 
 .bss._usbd_mutex
                0x20000fa4        0x4 CMakeFiles/centimeter.dir/D_/Pico_Downloads/pico-sdk/lib/tinyusb/src/device/usbd.c.obj
 .bss._usbd_q   0x20000fa8        0x4 CMakeFiles/centimeter.dir/D_/Pico_Downloads/pico-sdk/lib/tinyusb/src/device/usbd.c.obj
 .bss._usbd_qdef_buf
                0x20000fac       0xc0 CMakeFiles/centimeter.dir/D_/Pico_Downloads/pico-sdk/lib/tinyusb/src/device/usbd.c.obj
                0x20000fac                _usbd_qdef_buf
 .bss.alarm_callbacks
                0x2000106c       0x10 CMakeFiles/centimeter.dir/D_/Pico_Downloads/pico-sdk/src/rp2_common/hardware_timer/timer.c.obj
 .bss.claimed   0x2000107c        0x4 CMakeFiles/centimeter.dir/D_/Pico_Downloads/pico-sdk/src/rp2_common/hardware_sync/sync.c.obj
 .bss.configured_freq
                0x20001080       0x28 CMakeFiles/centimeter.dir/D_/Pico_Downloads/pico-sdk/src/rp2_common/hardware_clocks/clocks.c.obj
 .bss.default_alarm_pool
                0x200010a8        0x4 CMakeFiles/centimeter.dir/D_/Pico_Downloads/pico-sdk/src/common/pico_time/time.c.obj
 .bss.desc_str.0
                0x200010ac       0x28 CMakeFiles/centimeter.dir/D_/Pico_Downloads/pico-sdk/src/rp2_common/pico_stdio_usb/stdio_usb_descriptors.c.obj
 .bss.drivers   0x200010d4        0x4 CMakeFiles/centimeter.dir/D_/Pico_Downloads/pico-sdk/src/rp2_common/pico_stdio/stdio.c.obj
 .bss.errno     0x200010d8        0x4 c:/progra~2/gnuarm~1/102020~1/bin/../lib/gcc/arm-none-eabi/10.2.1/../../../../arm-none-eabi/lib/thumb/v6-m/nofp\libg.a(lib_a-reent.o)
                0x200010d8                errno
 .bss.filter    0x200010dc        0x4 CMakeFiles/centimeter.dir/D_/Pico_Downloads/pico-sdk/src/rp2_common/pico_stdio/stdio.c.obj
 .bss.heap_end.0