Archive member included to satisfy reference by file (symbol)

..\ultrasonic\libpico_ultrasonic_object.a(ultrasonicObject.cpp.obj)
                              CMakeFiles/objectExample.dir/objectExample.cpp.obj (Ultrasonic::Ultrasonic(int, int))
..\ultrasonic\libpico_ultrasonic_object.a(ultrasonic.c.obj)
                              ..\ultrasonic\libpico_ultrasonic_object.a(ultrasonicObject.cpp.obj) (setupUltrasonicPins)
c:/progra~2/gnuarm~1/102020~1/bin/../lib/gcc/arm-none-eabi/10.2.1/thumb/v6-m/nofp\libgcc.a(_dvmd_tls.o)
                              CMakeFiles/objectExample.dir/D_/Pico_Downloads/pico-sdk/src/rp2_common/pico_divider/divider.S.obj (__aeabi_idiv0)
c:/progra~2/gnuarm~1/102020~1/bin/../lib/gcc/arm-none-eabi/10.2.1/../../../../arm-none-eabi/lib/thumb/v6-m/nofp\libg.a(lib_a-calloc.o)
                              CMakeFiles/objectExample.dir/D_/Pico_Downloads/pico-sdk/src/rp2_common/pico_malloc/pico_malloc.c.obj (calloc)
c:/progra~2/gnuarm~1/102020~1/bin/../lib/gcc/arm-none-eabi/10.2.1/../../../../arm-none-eabi/lib/thumb/v6-m/nofp\libg.a(lib_a-callocr.o)
                              c:/progra~2/gnuarm~1/102020~1/bin/../lib/gcc/arm-none-eabi/10.2.1/../../../../arm-none-eabi/lib/thumb/v6-m/nofp\libg.a(lib_a-calloc.o) (_calloc_r)
c:/progra~2/gnuarm~1/102020~1/bin/../lib/gcc/arm-none-eabi/10.2.1/../../../../arm-none-eabi/lib/thumb/v6-m/nofp\libg.a(lib_a-ctype_.o)
                              CMakeFiles/objectExample.dir/D_/Pico_Downloads/pico-sdk/lib/tinyusb/src/tusb.c.obj (_ctype_)
c:/progra~2/gnuarm~1/102020~1/bin/../lib/gcc/arm-none-eabi/10.2.1/../../../../arm-none-eabi/lib/thumb/v6-m/nofp\libg.a(lib_a-impure.o)
                              c:/progra~2/gnuarm~1/102020~1/bin/../lib/gcc/arm-none-eabi/10.2.1/../../../../arm-none-eabi/lib/thumb/v6-m/nofp\libg.a(lib_a-calloc.o) (_impure_ptr)
c:/progra~2/gnuarm~1/102020~1/bin/../lib/gcc/arm-none-eabi/10.2.1/../../../../arm-none-eabi/lib/thumb/v6-m/nofp\libg.a(lib_a-init.o)
                              c:/progra~2/gnuarm~1/102020~1/bin/../lib/gcc/arm-none-eabi/10.2.1/../../../../arm-none-eabi/lib/thumb/v6-m/nofp/crt0.o (__libc_init_array)
c:/progra~2/gnuarm~1/102020~1/bin/../lib/gcc/arm-none-eabi/10.2.1/../../../../arm-none-eabi/lib/thumb/v6-m/nofp\libg.a(lib_a-malloc.o)
                              CMakeFiles/objectExample.dir/D_/Pico_Downloads/pico-sdk/src/rp2_common/pico_malloc/pico_malloc.c.obj (malloc)
c:/progra~2/gnuarm~1/102020~1/bin/../lib/gcc/arm-none-eabi/10.2.1/../../../../arm-none-eabi/lib/thumb/v6-m/nofp\libg.a(lib_a-mallocr.o)
                              c:/progra~2/gnuarm~1/102020~1/bin/../lib/gcc/arm-none-eabi/10.2.1/../../../../arm-none-eabi/lib/thumb/v6-m/nofp\libg.a(lib_a-callocr.o) (_malloc_r)
c:/progra~2/gnuarm~1/102020~1/bin/../lib/gcc/arm-none-eabi/10.2.1/../../../../arm-none-eabi/lib/thumb/v6-m/nofp\libg.a(lib_a-mlock.o)
                              c:/progra~2/gnuarm~1/102020~1/bin/../lib/gcc/arm-none-eabi/10.2.1/../../../../arm-none-eabi/lib/thumb/v6-m/nofp\libg.a(lib_a-mallocr.o) (__malloc_lock)
c:/progra~2/gnuarm~1/102020~1/bin/../lib/gcc/arm-none-eabi/10.2.1/../../../../arm-none-eabi/lib/thumb/v6-m/nofp\libg.a(lib_a-sbrkr.o)
                              c:/progra~2/gnuarm~1/102020~1/bin/../lib/gcc/arm-none-eabi/10.2.1/../../../../arm-none-eabi/lib/thumb/v6-m/nofp\libg.a(lib_a-mallocr.o) (_sbrk_r)
c:/progra~2/gnuarm~1/102020~1/bin/../lib/gcc/arm-none-eabi/10.2.1/../../../../arm-none-eabi/lib/thumb/v6-m/nofp\libg.a(lib_a-strlen-stub.o)
                              CMakeFiles/objectExample.dir/D_/Pico_Downloads/pico-sdk/src/rp2_common/pico_stdio/stdio.c.obj (strlen)
c:/progra~2/gnuarm~1/102020~1/bin/../lib/gcc/arm-none-eabi/10.2.1/../../../../arm-none-eabi/lib/thumb/v6-m/nofp\libg.a(lib_a-freer.o)
                              c:/progra~2/gnuarm~1/102020~1/bin/../lib/gcc/arm-none-eabi/10.2.1/../../../../arm-none-eabi/lib/thumb/v6-m/nofp\libg.a(lib_a-malloc.o) (_free_r)
c:/progra~2/gnuarm~1/102020~1/bin/../lib/gcc/arm-none-eabi/10.2.1/../../../../arm-none-eabi/lib/thumb/v6-m/nofp\libg.a(lib_a-lock.o)
                              c:/progra~2/gnuarm~1/102020~1/bin/../lib/gcc/arm-none-eabi/10.2.1/../../../../arm-none-eabi/lib/thumb/v6-m/nofp\libg.a(lib_a-mlock.o) (__retarget_lock_acquire_recursive)
c:/progra~2/gnuarm~1/102020~1/bin/../lib/gcc/arm-none-eabi/10.2.1/../../../../arm-none-eabi/lib/thumb/v6-m/nofp\libg.a(lib_a-reent.o)
                              c:/progra~2/gnuarm~1/102020~1/bin/../lib/gcc/arm-none-eabi/10.2.1/../../../../arm-none-eabi/lib/thumb/v6-m/nofp\libg.a(lib_a-sbrkr.o) (errno)

Discarded input sections

 .text          0x00000000        0x0 c:/progra~2/gnuarm~1/102020~1/bin/../lib/gcc/arm-none-eabi/10.2.1/thumb/v6-m/nofp/crti.o
 .data          0x00000000        0x0 c:/progra~2/gnuarm~1/102020~1/bin/../lib/gcc/arm-none-eabi/10.2.1/thumb/v6-m/nofp/crti.o
 .bss           0x00000000        0x0 c:/progra~2/gnuarm~1/102020~1/bin/../lib/gcc/arm-none-eabi/10.2.1/thumb/v6-m/nofp/crti.o
[...]
Memory Configuration

Name             Origin             Length             Attributes
FLASH            0x10000000         0x00200000         xr
RAM              0x20000000         0x00040000         xrw
SCRATCH_X        0x20040000         0x00001000         xrw
SCRATCH_Y        0x20041000         0x00001000         xrw
*default*        0x00000000         0xffffffff

Linker script and memory map

LOAD c:/progra~2/gnuarm~1/102020~1/bin/../lib/gcc/arm-none-eabi/10.2.1/thumb/v6-m/nofp/crti.o
LOAD c:/progra~2/gnuarm~1/102020~1/bin/../lib/gcc/arm-none-eabi/10.2.1/thumb/v6-m/nofp/crtbegin.o
LOAD c:/progra~2/gnuarm~1/102020~1/bin/../lib/gcc/arm-none-eabi/10.2.1/../../../../arm-none-eabi/lib/thumb/v6-m/nofp/crt0.o

.flash_begin    0x10000000        0x0
                0x10000000                __flash_binary_start = .

.boot2          0x10000000      0x100
                0x10000000                __boot2_start__ = .
 *(.boot2)
 .boot2         0x10000000      0x100 C:\Users\tfkbr\AppData\Local\Temp\ccU7FSFv.o
                0x10000100                __boot2_end__ = .
                0x00000001                ASSERT (((__boot2_end__ - __boot2_start__) == 0x100), ERROR: Pico second stage bootloader must be 256 bytes in size)

.text           0x10000100     0x70e8
                0x10000100                __logical_binary_start = .
 *(.vectors)
 .vectors       0x10000100       0xd4 CMakeFiles/objectExample.dir/D_/Pico_Downloads/pico-sdk/src/rp2_common/pico_standard_link/crt0.S.obj
                0x10000100                __vectors
                0x100001c0                isr_invalid
                0x100001c2                isr_nmi
                0x100001c4                isr_hardfault
                0x100001c6                isr_svcall
                0x100001c8                isr_pendsv
                0x100001ca                isr_systick
                0x100001cc                isr_irq11
                0x100001cc                isr_irq5
                0x100001cc                isr_irq23
                0x100001cc                isr_irq18
                0x100001cc                isr_irq31
                0x100001cc                isr_irq28
                0x100001cc                isr_irq19
                0x100001cc                isr_irq0
                0x100001cc                isr_irq6
                0x100001cc                isr_irq27
                0x100001cc                isr_irq12
                0x100001cc                isr_irq22
                0x100001cc                isr_irq13
                0x100001cc                isr_irq17
                0x100001cc                isr_irq14
                0x100001cc                isr_irq2
                0x100001cc                isr_irq10
                0x100001cc                isr_irq8
                0x100001cc                isr_irq24
                0x100001cc                isr_irq1
                0x100001cc                isr_irq7
                0x100001cc                isr_irq21
                0x100001cc                isr_irq20
                0x100001cc                isr_irq15
                0x100001cc                isr_irq25
                0x100001cc                __unhandled_user_irq
                0x100001cc                isr_irq4
                0x100001cc                isr_irq16
                0x100001cc                isr_irq29
                0x100001cc                isr_irq26
                0x100001cc                isr_irq3
                0x100001cc                isr_irq30
                0x100001cc                isr_irq9
                0x100001d2                unhandled_user_irq_num_in_r0
 *(.binary_info_header)
 .binary_info_header
                0x100001d4       0x14 CMakeFiles/objectExample.dir/D_/Pico_Downloads/pico-sdk/src/rp2_common/pico_standard_link/crt0.S.obj
                0x100001e8                __binary_info_header_end = .
 *(.reset)
 .reset         0x100001e8       0xa8 CMakeFiles/objectExample.dir/D_/Pico_Downloads/pico-sdk/src/rp2_common/pico_standard_link/crt0.S.obj
                0x100001e8                _entry_point
                0x10000266                __get_current_exception
 .reset         0x10000290       0x30 CMakeFiles/objectExample.dir/D_/Pico_Downloads/pico-sdk/src/rp2_common/pico_standard_link/binary_info.c.obj
 *(.init)
 .init          0x100002c0        0x4 c:/progra~2/gnuarm~1/102020~1/bin/../lib/gcc/arm-none-eabi/10.2.1/thumb/v6-m/nofp/crti.o
                0x100002c0                _init
 *(EXCLUDE_FILE(*libm.a: *libc.a:*lib_a-mem*.o *libgcc.a:) .text*)
 .text          0x100002c4       0x48 c:/progra~2/gnuarm~1/102020~1/bin/../lib/gcc/arm-none-eabi/10.2.1/thumb/v6-m/nofp/crtbegin.o
 .text._Z41__static_initialization_and_destruction_0ii
                0x1000030c       0x30 CMakeFiles/objectExample.dir/objectExample.cpp.obj
 .text.main     0x1000033c       0x24 CMakeFiles/objectExample.dir/objectExample.cpp.obj
                0x1000033c                main
 .text._GLOBAL__sub_I_trigPin
                0x10000360       0x10 CMakeFiles/objectExample.dir/objectExample.cpp.obj
 .text.gpio_set_function
                0x10000370       0x30 CMakeFiles/objectExample.dir/D_/Pico_Downloads/pico-sdk/src/rp2_common/hardware_gpio/gpio.c.obj
                0x10000370                gpio_set_function
 .text.gpio_init
                0x100003a0       0x16 CMakeFiles/objectExample.dir/D_/Pico_Downloads/pico-sdk/src/rp2_common/hardware_gpio/gpio.c.obj
                0x100003a0                gpio_init
 *fill*         0x100003b6        0x2 
 .text.hw_claim_lock
                0x100003b8       0x18 CMakeFiles/objectExample.dir/D_/Pico_Downloads/pico-sdk/src/rp2_common/hardware_claim/claim.c.obj
                0x100003b8                hw_claim_lock
 .text.hw_claim_unlock
                0x100003d0       0x14 CMakeFiles/objectExample.dir/D_/Pico_Downloads/pico-sdk/src/rp2_common/hardware_claim/claim.c.obj
                0x100003d0                hw_claim_unlock
 .text.hw_claim_or_assert
                0x100003e4       0x34 CMakeFiles/objectExample.dir/D_/Pico_Downloads/pico-sdk/src/rp2_common/hardware_claim/claim.c.obj
                0x100003e4                hw_claim_or_assert
 .text.hw_claim_unused_from_range
                0x10000418       0x56 CMakeFiles/objectExample.dir/D_/Pico_Downloads/pico-sdk/src/rp2_common/hardware_claim/claim.c.obj
                0x10000418                hw_claim_unused_from_range
 *fill*         0x1000046e        0x2 
 .text.spin_locks_reset
                0x10000470       0x20 CMakeFiles/objectExample.dir/D_/Pico_Downloads/pico-sdk/src/rp2_common/hardware_sync/sync.c.obj
                0x10000470                spin_locks_reset
 .text.next_striped_spin_lock_num
                0x10000490       0x1c CMakeFiles/objectExample.dir/D_/Pico_Downloads/pico-sdk/src/rp2_common/hardware_sync/sync.c.obj
                0x10000490                next_striped_spin_lock_num
 .text.spin_lock_claim_unused
                0x100004ac       0x20 CMakeFiles/objectExample.dir/D_/Pico_Downloads/pico-sdk/src/rp2_common/hardware_sync/sync.c.obj
                0x100004ac                spin_lock_claim_unused
 .text.running_on_fpga
                0x100004cc       0x14 CMakeFiles/objectExample.dir/D_/Pico_Downloads/pico-sdk/src/rp2_common/pico_platform/platform.c.obj
                0x100004cc                running_on_fpga
 .text.sev_callback
                0x100004e0        0x8 CMakeFiles/objectExample.dir/D_/Pico_Downloads/pico-sdk/src/common/pico_time/time.c.obj
 .text.timer_pool_entry_comparator
                0x100004e8       0x7c CMakeFiles/objectExample.dir/D_/Pico_Downloads/pico-sdk/src/common/pico_time/time.c.obj
                0x100004e8                timer_pool_entry_comparator
 .text.ph_add_child_node
                0x10000564       0xa4 CMakeFiles/objectExample.dir/D_/Pico_Downloads/pico-sdk/src/common/pico_time/time.c.obj
 .text.ph_merge_nodes
                0x10000608       0x3e CMakeFiles/objectExample.dir/D_/Pico_Downloads/pico-sdk/src/common/pico_time/time.c.obj
 *fill*         0x10000646        0x2 
 .text.add_alarm_under_lock
                0x10000648      0x178 CMakeFiles/objectExample.dir/D_/Pico_Downloads/pico-sdk/src/common/pico_time/time.c.obj
 .text.alarm_pool_alarm_callback
                0x100007c0      0x2e4 CMakeFiles/objectExample.dir/D_/Pico_Downloads/pico-sdk/src/common/pico_time/time.c.obj
 .text.alarm_pool_get_default
                0x10000aa4       0x28 CMakeFiles/objectExample.dir/D_/Pico_Downloads/pico-sdk/src/common/pico_time/time.c.obj
                0x10000aa4                alarm_pool_get_default
 .text.alarm_pool_create
                0x10000acc       0x6c CMakeFiles/objectExample.dir/D_/Pico_Downloads/pico-sdk/src/common/pico_time/time.c.obj
                0x10000acc                alarm_pool_create
 .text.alarm_pool_init_default
                0x10000b38       0x20 CMakeFiles/objectExample.dir/D_/Pico_Downloads/pico-sdk/src/common/pico_time/time.c.obj
                0x10000b38                alarm_pool_init_default
 .text.alarm_pool_add_alarm_at
                0x10000b58      0x128 CMakeFiles/objectExample.dir/D_/Pico_Downloads/pico-sdk/src/common/pico_time/time.c.obj
                0x10000b58                alarm_pool_add_alarm_at
 .text.alarm_pool_cancel_alarm
                0x10000c80       0xec CMakeFiles/objectExample.dir/D_/Pico_Downloads/pico-sdk/src/common/pico_time/time.c.obj
                0x10000c80                alarm_pool_cancel_alarm
 .text.sleep_until
                0x10000d6c       0x94 CMakeFiles/objectExample.dir/D_/Pico_Downloads/pico-sdk/src/common/pico_time/time.c.obj
                0x10000d6c                sleep_until
 .text.sleep_us
                0x10000e00       0x2c CMakeFiles/objectExample.dir/D_/Pico_Downloads/pico-sdk/src/common/pico_time/time.c.obj
                0x10000e00                sleep_us
 .text.sleep_ms
                0x10000e2c       0x14 CMakeFiles/objectExample.dir/D_/Pico_Downloads/pico-sdk/src/common/pico_time/time.c.obj
                0x10000e2c                sleep_ms
 .text.best_effort_wfe_or_timeout
                0x10000e40       0x80 CMakeFiles/objectExample.dir/D_/Pico_Downloads/pico-sdk/src/common/pico_time/time.c.obj
                0x10000e40                best_effort_wfe_or_timeout
 .text.hardware_alarm_irq_handler
                0x10000ec0       0x8c CMakeFiles/objectExample.dir/D_/Pico_Downloads/pico-sdk/src/rp2_common/hardware_timer/timer.c.obj
 .text.hardware_alarm_claim
                0x10000f4c       0x18 CMakeFiles/objectExample.dir/D_/Pico_Downloads/pico-sdk/src/rp2_common/hardware_timer/timer.c.obj
                0x10000f4c                hardware_alarm_claim
 .text.time_us_64
                0x10000f64       0x18 CMakeFiles/objectExample.dir/D_/Pico_Downloads/pico-sdk/src/rp2_common/hardware_timer/timer.c.obj
                0x10000f64                time_us_64
 .text.busy_wait_until
                0x10000f7c       0x28 CMakeFiles/objectExample.dir/D_/Pico_Downloads/pico-sdk/src/rp2_common/hardware_timer/timer.c.obj
                0x10000f7c                busy_wait_until
 .text.hardware_alarm_set_callback
                0x10000fa4       0x90 CMakeFiles/objectExample.dir/D_/Pico_Downloads/pico-sdk/src/rp2_common/hardware_timer/timer.c.obj
                0x10000fa4                hardware_alarm_set_callback
 .text.hardware_alarm_set_target
                0x10001034       0xd0 CMakeFiles/objectExample.dir/D_/Pico_Downloads/pico-sdk/src/rp2_common/hardware_timer/timer.c.obj
                0x10001034                hardware_alarm_set_target
 .text.hardware_alarm_cancel
                0x10001104       0x40 CMakeFiles/objectExample.dir/D_/Pico_Downloads/pico-sdk/src/rp2_common/hardware_timer/timer.c.obj
                0x10001104                hardware_alarm_cancel
 .text.lock_init
                0x10001144       0x30 CMakeFiles/objectExample.dir/D_/Pico_Downloads/pico-sdk/src/common/pico_sync/lock_core.c.obj
                0x10001144                lock_init
 .text.mutex_init
                0x10001174       0x1a CMakeFiles/objectExample.dir/D_/Pico_Downloads/pico-sdk/src/common/pico_sync/mutex.c.obj
                0x10001174                mutex_init
 .text.critical_section_init_with_lock_num
                0x1000118e        0xc CMakeFiles/objectExample.dir/D_/Pico_Downloads/pico-sdk/src/common/pico_sync/critical_section.c.obj
                0x1000118e                critical_section_init_with_lock_num
 .text.critical_section_init
                0x1000119a       0x14 CMakeFiles/objectExample.dir/D_/Pico_Downloads/pico-sdk/src/common/pico_sync/critical_section.c.obj
                0x1000119a                critical_section_init
 *fill*         0x100011ae        0x2 
 .text.ph_add_child_node
                0x100011b0       0xa4 CMakeFiles/objectExample.dir/D_/Pico_Downloads/pico-sdk/src/common/pico_util/pheap.c.obj
 .text.ph_merge_nodes
                0x10001254       0x3e CMakeFiles/objectExample.dir/D_/Pico_Downloads/pico-sdk/src/common/pico_util/pheap.c.obj
 *fill*         0x10001292        0x2 
 .text.ph_clear
                0x10001294       0x74 CMakeFiles/objectExample.dir/D_/Pico_Downloads/pico-sdk/src/common/pico_util/pheap.c.obj
                0x10001294                ph_clear
 .text.ph_create
                0x10001308       0x2c CMakeFiles/objectExample.dir/D_/Pico_Downloads/pico-sdk/src/common/pico_util/pheap.c.obj
                0x10001308                ph_create
 .text.ph_merge_two_pass
                0x10001334       0xa8 CMakeFiles/objectExample.dir/D_/Pico_Downloads/pico-sdk/src/common/pico_util/pheap.c.obj
                0x10001334                ph_merge_two_pass
 .text.ph_remove_any_head
                0x100013dc      0x108 CMakeFiles/objectExample.dir/D_/Pico_Downloads/pico-sdk/src/common/pico_util/pheap.c.obj
 .text.ph_remove_head_reserve
                0x100014e4       0x14 CMakeFiles/objectExample.dir/D_/Pico_Downloads/pico-sdk/src/common/pico_util/pheap.c.obj
                0x100014e4                ph_remove_head_reserve
 .text.ph_delete
                0x100014f8       0xf8 CMakeFiles/objectExample.dir/D_/Pico_Downloads/pico-sdk/src/common/pico_util/pheap.c.obj
                0x100014f8                ph_delete
 .text.runtime_init
                0x100015f0       0xcc CMakeFiles/objectExample.dir/D_/Pico_Downloads/pico-sdk/src/rp2_common/pico_runtime/runtime.c.obj
                0x100015f0                runtime_init
 .text._exit    0x100016bc        0x4 CMakeFiles/objectExample.dir/D_/Pico_Downloads/pico-sdk/src/rp2_common/pico_runtime/runtime.c.obj
                0x100016bc                _exit
 .text._sbrk    0x100016c0       0x38 CMakeFiles/objectExample.dir/D_/Pico_Downloads/pico-sdk/src/rp2_common/pico_runtime/runtime.c.obj
                0x100016c0                _sbrk
 .text.exit     0x100016f8        0x6 CMakeFiles/objectExample.dir/D_/Pico_Downloads/pico-sdk/src/rp2_common/pico_runtime/runtime.c.obj
                0x100016f8                exit
 *fill*         0x100016fe        0x2 
 .text.__assert_func
                0x10001700       0x3c CMakeFiles/objectExample.dir/D_/Pico_Downloads/pico-sdk/src/rp2_common/pico_runtime/runtime.c.obj
                0x10001700                __assert_func
 .text.panic    0x1000173c       0x30 CMakeFiles/objectExample.dir/D_/Pico_Downloads/pico-sdk/src/rp2_common/pico_runtime/runtime.c.obj
                0x1000173c                panic
 .text.clock_configure
                0x1000176c       0xe8 CMakeFiles/objectExample.dir/D_/Pico_Downloads/pico-sdk/src/rp2_common/hardware_clocks/clocks.c.obj
                0x1000176c                clock_configure
 .text.clocks_init
                0x10001854      0x124 CMakeFiles/objectExample.dir/D_/Pico_Downloads/pico-sdk/src/rp2_common/hardware_clocks/clocks.c.obj
                0x10001854                clocks_init
 .text.watchdog_start_tick
                0x10001978       0x10 CMakeFiles/objectExample.dir/D_/Pico_Downloads/pico-sdk/src/rp2_common/hardware_watchdog/watchdog.c.obj
                0x10001978                watchdog_start_tick
 .text.xosc_init
                0x10001988       0x28 CMakeFiles/objectExample.dir/D_/Pico_Downloads/pico-sdk/src/rp2_common/hardware_xosc/xosc.c.obj
                0x10001988                xosc_init
 .text.pll_init
                0x100019b0       0xd4 CMakeFiles/objectExample.dir/D_/Pico_Downloads/pico-sdk/src/rp2_common/hardware_pll/pll.c.obj
                0x100019b0                pll_init
 .text.set_raw_irq_handler_and_unlock
                0x10001a84       0x28 CMakeFiles/objectExample.dir/D_/Pico_Downloads/pico-sdk/src/rp2_common/hardware_irq/irq.c.obj
 .text.make_branch
                0x10001aac       0x34 CMakeFiles/objectExample.dir/D_/Pico_Downloads/pico-sdk/src/rp2_common/hardware_irq/irq.c.obj
 .text.insert_branch_and_link
                0x10001ae0       0x40 CMakeFiles/objectExample.dir/D_/Pico_Downloads/pico-sdk/src/rp2_common/hardware_irq/irq.c.obj
 .text.irq_is_enabled
                0x10001b20       0x18 CMakeFiles/objectExample.dir/D_/Pico_Downloads/pico-sdk/src/rp2_common/hardware_irq/irq.c.obj
                0x10001b20                irq_is_enabled
 .text.irq_set_mask_enabled
                0x10001b38       0x20 CMakeFiles/objectExample.dir/D_/Pico_Downloads/pico-sdk/src/rp2_common/hardware_irq/irq.c.obj
                0x10001b38                irq_set_mask_enabled
 .text.irq_set_enabled
                0x10001b58        0xe CMakeFiles/objectExample.dir/D_/Pico_Downloads/pico-sdk/src/rp2_common/hardware_irq/irq.c.obj
                0x10001b58                irq_set_enabled
 *fill*         0x10001b66        0x2 
 .text.irq_set_pending
                0x10001b68       0x10 CMakeFiles/objectExample.dir/D_/Pico_Downloads/pico-sdk/src/rp2_common/hardware_irq/irq.c.obj
                0x10001b68                irq_set_pending
 .text.irq_get_vtable_handler
                0x10001b78       0x10 CMakeFiles/objectExample.dir/D_/Pico_Downloads/pico-sdk/src/rp2_common/hardware_irq/irq.c.obj
                0x10001b78                irq_get_vtable_handler
 .text.irq_set_exclusive_handler
                0x10001b88       0x54 CMakeFiles/objectExample.dir/D_/Pico_Downloads/pico-sdk/src/rp2_common/hardware_irq/irq.c.obj
                0x10001b88                irq_set_exclusive_handler
 .text.irq_remove_handler
                0x10001bdc      0x1b4 CMakeFiles/objectExample.dir/D_/Pico_Downloads/pico-sdk/src/rp2_common/hardware_irq/irq.c.obj
                0x10001bdc                irq_remove_handler
 .text.irq_set_priority
                0x10001d90       0x28 CMakeFiles/objectExample.dir/D_/Pico_Downloads/pico-sdk/src/rp2_common/hardware_irq/irq.c.obj
                0x10001d90                irq_set_priority
 .text.irq_add_tail_to_free_list
                0x10001db8       0xf8 CMakeFiles/objectExample.dir/D_/Pico_Downloads/pico-sdk/src/rp2_common/hardware_irq/irq.c.obj
                0x10001db8                irq_add_tail_to_free_list
 .text.irq_init_priorities
                0x10001eb0       0x16 CMakeFiles/objectExample.dir/D_/Pico_Downloads/pico-sdk/src/rp2_common/hardware_irq/irq.c.obj
                0x10001eb0                irq_init_priorities
 .text._out_null
                0x10001ec6        0x2 CMakeFiles/objectExample.dir/D_/Pico_Downloads/pico-sdk/src/rp2_common/pico_printf/printf.c.obj
 .text._out_fct
                0x10001ec8        0xe CMakeFiles/objectExample.dir/D_/Pico_Downloads/pico-sdk/src/rp2_common/pico_printf/printf.c.obj
 .text._atoi    0x10001ed6       0x24 CMakeFiles/objectExample.dir/D_/Pico_Downloads/pico-sdk/src/rp2_common/pico_printf/printf.c.obj
 .text._out_rev
                0x10001efa       0xae CMakeFiles/objectExample.dir/D_/Pico_Downloads/pico-sdk/src/rp2_common/pico_printf/printf.c.obj
 .text._ntoa_format
                0x10001fa8      0x112 CMakeFiles/objectExample.dir/D_/Pico_Downloads/pico-sdk/src/rp2_common/pico_printf/printf.c.obj
 .text._ntoa_long
                0x100020ba       0xbc CMakeFiles/objectExample.dir/D_/Pico_Downloads/pico-sdk/src/rp2_common/pico_printf/printf.c.obj
 .text._ntoa_long_long
                0x10002176       0xe2 CMakeFiles/objectExample.dir/D_/Pico_Downloads/pico-sdk/src/rp2_common/pico_printf/printf.c.obj
 .text._etoa    0x10002258      0x404 CMakeFiles/objectExample.dir/D_/Pico_Downloads/pico-sdk/src/rp2_common/pico_printf/printf.c.obj
 .text._ftoa    0x1000265c      0x354 CMakeFiles/objectExample.dir/D_/Pico_Downloads/pico-sdk/src/rp2_common/pico_printf/printf.c.obj
 .text._vsnprintf
                0x100029b0      0x624 CMakeFiles/objectExample.dir/D_/Pico_Downloads/pico-sdk/src/rp2_common/pico_printf/printf.c.obj
 .text.vfctprintf
                0x10002fd4       0x20 CMakeFiles/objectExample.dir/D_/Pico_Downloads/pico-sdk/src/rp2_common/pico_printf/printf.c.obj
                0x10002fd4                vfctprintf
 .text          0x10002ff4       0x10 CMakeFiles/objectExample.dir/D_/Pico_Downloads/pico-sdk/src/rp2_common/pico_bit_ops/bit_ops_aeabi.S.obj
 .text.rom_func_lookup
                0x10003004       0x10 CMakeFiles/objectExample.dir/D_/Pico_Downloads/pico-sdk/src/rp2_common/pico_bootrom/bootrom.c.obj
                0x10003004                rom_func_lookup
 .text.rom_data_lookup
                0x10003014       0x10 CMakeFiles/objectExample.dir/D_/Pico_Downloads/pico-sdk/src/rp2_common/pico_bootrom/bootrom.c.obj
                0x10003014                rom_data_lookup
 .text.rom_funcs_lookup
                0x10003024       0x36 CMakeFiles/objectExample.dir/D_/Pico_Downloads/pico-sdk/src/rp2_common/pico_bootrom/bootrom.c.obj
                0x10003024                rom_funcs_lookup
 *fill*         0x1000305a        0x2 
 .text.__wrap___aeabi_idiv
                0x1000305c       0x58 CMakeFiles/objectExample.dir/D_/Pico_Downloads/pico-sdk/src/rp2_common/pico_divider/divider.S.obj
                0x1000305c                __wrap___aeabi_idivmod
                0x1000305c                divmod_s32s32
                0x1000305c                div_s32s32
                0x1000305c                __wrap___aeabi_idiv
                0x10003064                divmod_s32s32_unsafe
                0x10003090                divmod_s32s32_savestate
 .text.__wrap___aeabi_uidiv
                0x100030b4       0x54 CMakeFiles/objectExample.dir/D_/Pico_Downloads/pico-sdk/src/rp2_common/pico_divider/divider.S.obj
                0x100030b4                __wrap___aeabi_uidiv
                0x100030b4                __wrap___aeabi_uidivmod
                0x100030b4                div_u32u32
                0x100030b4                divmod_u32u32
                0x100030bc                divmod_u32u32_unsafe
                0x100030e4                divmod_u32u32_savestate
 .text.__wrap___aeabi_ldiv
                0x10003108      0x430 CMakeFiles/objectExample.dir/D_/Pico_Downloads/pico-sdk/src/rp2_common/pico_divider/divider.S.obj
                0x10003108                div_s64s64
                0x10003108                divmod_s64s64
                0x10003108                __wrap___aeabi_ldivmod
                0x10003140                divmod_u64u64
                0x10003140                div_u64u64
                0x10003140                __wrap___aeabi_uldivmod
                0x10003150                divmod_u64u64_savestate
                0x10003178                divmod_s64s64_unsafe
                0x10003200                divmod_u64u64_unsafe
 .text.__wrap___aeabi_darithmetic
                0x10003538       0x54 CMakeFiles/objectExample.dir/D_/Pico_Downloads/pico-sdk/src/rp2_common/pico_double/double_aeabi.S.obj
                0x10003538                __wrap___aeabi_drsub
                0x1000353e                __wrap___aeabi_dsub
                0x10003550                __wrap___aeabi_dadd
                0x10003562                __wrap___aeabi_ddiv
                0x10003574                __wrap___aeabi_dmul
 .text.__wrap___aeabi_cdcmple
                0x1000358c       0x6c CMakeFiles/objectExample.dir/D_/Pico_Downloads/pico-sdk/src/rp2_common/pico_double/double_aeabi.S.obj
                0x1000358c                __wrap___aeabi_cdrcmple
                0x1000359c                __wrap___aeabi_cdcmpeq
                0x1000359c                __wrap___aeabi_cdcmple
 .text.__wrap___aeabi_dcmplt
                0x100035f8        0xc CMakeFiles/objectExample.dir/D_/Pico_Downloads/pico-sdk/src/rp2_common/pico_double/double_aeabi.S.obj
                0x100035f8                __wrap___aeabi_dcmplt
 .text.__wrap___aeabi_dcmple
                0x10003604       0x10 CMakeFiles/objectExample.dir/D_/Pico_Downloads/pico-sdk/src/rp2_common/pico_double/double_aeabi.S.obj
                0x10003604                __wrap___aeabi_dcmple
 .text.__wrap___aeabi_dcmpge
                0x10003614       0x10 CMakeFiles/objectExample.dir/D_/Pico_Downloads/pico-sdk/src/rp2_common/pico_double/double_aeabi.S.obj
                0x10003614                __wrap___aeabi_dcmpge
 .text.__wrap___aeabi_dcmpgt
                0x10003624        0xa CMakeFiles/objectExample.dir/D_/Pico_Downloads/pico-sdk/src/rp2_common/pico_double/double_aeabi.S.obj
                0x10003624                __wrap___aeabi_dcmpgt
 .text.__wrap___aeabi_dcmpun
                0x1000362e       0x1c CMakeFiles/objectExample.dir/D_/Pico_Downloads/pico-sdk/src/rp2_common/pico_double/double_aeabi.S.obj
                0x1000362e                __wrap___aeabi_dcmpun
 *fill*         0x1000364a        0x2 
 .text.__wrap___aeabi_i2d
                0x1000364c       0x38 CMakeFiles/objectExample.dir/D_/Pico_Downloads/pico-sdk/src/rp2_common/pico_double/double_aeabi.S.obj
                0x1000364c                __wrap___aeabi_ui2d
                0x10003654                __wrap___aeabi_i2d
 .text.__wrap___aeabi_d2iz
                0x10003684       0x48 CMakeFiles/objectExample.dir/D_/Pico_Downloads/pico-sdk/src/rp2_common/pico_double/double_aeabi.S.obj
                0x10003684                double2int_z
                0x10003684                __wrap___aeabi_d2iz
 .text.__wrap___aeabi_d2uiz
                0x100036cc       0x18 CMakeFiles/objectExample.dir/D_/Pico_Downloads/pico-sdk/src/rp2_common/pico_double/double_aeabi.S.obj
                0x100036cc                __wrap___aeabi_d2uiz
                0x100036cc                double2uint
 .text.__aeabi_double_init
                0x100036e4       0xb8 CMakeFiles/objectExample.dir/D_/Pico_Downloads/pico-sdk/src/rp2_common/pico_double/double_init_rom.c.obj
                0x100036e4                __aeabi_double_init
 .text.double_table_shim_on_use_helper
                0x1000379c       0x34 CMakeFiles/objectExample.dir/D_/Pico_Downloads/pico-sdk/src/rp2_common/pico_double/double_v1_rom_shim.S.obj
                0x1000379c                double_table_shim_on_use_helper
 .text.__wrap___aeabi_dsub
                0x100037d0       0x10 CMakeFiles/objectExample.dir/D_/Pico_Downloads/pico-sdk/src/rp2_common/pico_double/double_v1_rom_shim.S.obj
                0x100037d0                drsub_shim
                0x100037d6                dsub_shim
 .text.dadd_shim
                0x100037e0      0x15c CMakeFiles/objectExample.dir/D_/Pico_Downloads/pico-sdk/src/rp2_common/pico_double/double_v1_rom_shim.S.obj
                0x100037e0                dadd_shim
 .text.dmul_shim
                0x1000393c      0x15c CMakeFiles/objectExample.dir/D_/Pico_Downloads/pico-sdk/src/rp2_common/pico_double/double_v1_rom_shim.S.obj
                0x1000393c                dmul_shim
 .text.ddiv_shim
                0x10003a98      0x1b0 CMakeFiles/objectExample.dir/D_/Pico_Downloads/pico-sdk/src/rp2_common/pico_double/double_v1_rom_shim.S.obj
                0x10003a98                ddiv_shim
 .text.dcordic_rot_step
                0x10003c48       0x7c CMakeFiles/objectExample.dir/D_/Pico_Downloads/pico-sdk/src/rp2_common/pico_double/double_v1_rom_shim.S.obj
                0x10003c48                dcordic_rot_step
 .text.double2uint_shim
                0x10003cc4        0xe CMakeFiles/objectExample.dir/D_/Pico_Downloads/pico-sdk/src/rp2_common/pico_double/double_v1_rom_shim.S.obj
                0x10003cc4                double2uint_shim
                0x10003cc6                double2ufix_shim
 *fill*         0x10003cd2        0x2 
 .text.double2uint64_shim
                0x10003cd4       0x6c CMakeFiles/objectExample.dir/D_/Pico_Downloads/pico-sdk/src/rp2_common/pico_double/double_v1_rom_shim.S.obj
                0x10003cd4                double2uint64_shim
                0x10003cd6                double2ufix64_shim
                0x10003cf0                d2fix_a
 .text.dunpacks
                0x10003d40       0x3c CMakeFiles/objectExample.dir/D_/Pico_Downloads/pico-sdk/src/rp2_common/pico_double/double_v1_rom_shim.S.obj
                0x10003d40                dunpacks
 .text.__aeabi_lmul
                0x10003d7c       0x32 CMakeFiles/objectExample.dir/D_/Pico_Downloads/pico-sdk/src/rp2_common/pico_int64_ops/pico_int64_ops_aeabi.S.obj
                0x10003d7c                __wrap___aeabi_lmul
 *fill*         0x10003dae        0x2 
 .text.__aeabi_float_init
                0x10003db0       0xfc CMakeFiles/objectExample.dir/D_/Pico_Downloads/pico-sdk/src/rp2_common/pico_float/float_init_rom.c.obj
                0x10003db0                __aeabi_float_init
 .text.float_table_shim_on_use_helper
                0x10003eac       0x34 CMakeFiles/objectExample.dir/D_/Pico_Downloads/pico-sdk/src/rp2_common/pico_float/float_v1_rom_shim.S.obj
                0x10003eac                float_table_shim_on_use_helper
 .text.__wrap_malloc
                0x10003ee0        0x8 CMakeFiles/objectExample.dir/D_/Pico_Downloads/pico-sdk/src/rp2_common/pico_malloc/pico_malloc.c.obj
                0x10003ee0                __wrap_malloc
 .text.__wrap_calloc
                0x10003ee8        0x8 CMakeFiles/objectExample.dir/D_/Pico_Downloads/pico-sdk/src/rp2_common/pico_malloc/pico_malloc.c.obj
                0x10003ee8                __wrap_calloc
 .text          0x10003ef0       0x10 CMakeFiles/objectExample.dir/D_/Pico_Downloads/pico-sdk/src/rp2_common/pico_mem_ops/mem_ops_aeabi.S.obj
                0x10003ef0                __aeabi_mem_init
 .text.memset   0x10003f00        0xc CMakeFiles/objectExample.dir/D_/Pico_Downloads/pico-sdk/src/rp2_common/pico_mem_ops/mem_ops_aeabi.S.obj
                0x10003f00                __wrap_memset
 .text.memcpy   0x10003f0c        0xc CMakeFiles/objectExample.dir/D_/Pico_Downloads/pico-sdk/src/rp2_common/pico_mem_ops/mem_ops_aeabi.S.obj
                0x10003f0c                __wrap_memcpy
                0x10003f0c                __wrap___aeabi_memcpy
 .text.stdio_out_chars_crlf
                0x10003f18       0x80 CMakeFiles/objectExample.dir/D_/Pico_Downloads/pico-sdk/src/rp2_common/pico_stdio/stdio.c.obj
 .text.stdio_stack_buffer_flush
                0x10003f98       0x44 CMakeFiles/objectExample.dir/D_/Pico_Downloads/pico-sdk/src/rp2_common/pico_stdio/stdio.c.obj
 .text.stdio_buffered_printer
                0x10003fdc       0x20 CMakeFiles/objectExample.dir/D_/Pico_Downloads/pico-sdk/src/rp2_common/pico_stdio/stdio.c.obj
 .text.stdout_serialize_begin
                0x10003ffc       0x2c CMakeFiles/objectExample.dir/D_/Pico_Downloads/pico-sdk/src/rp2_common/pico_stdio/stdio.c.obj
                0x10003ffc                stdout_serialize_begin
 .text.stdout_serialize_end
                0x10004028       0x10 CMakeFiles/objectExample.dir/D_/Pico_Downloads/pico-sdk/src/rp2_common/pico_stdio/stdio.c.obj
                0x10004028                stdout_serialize_end
 .text.stdio_put_string
                0x10004038       0x84 CMakeFiles/objectExample.dir/D_/Pico_Downloads/pico-sdk/src/rp2_common/pico_stdio/stdio.c.obj
 .text.stdio_set_driver_enabled
                0x100040bc       0x38 CMakeFiles/objectExample.dir/D_/Pico_Downloads/pico-sdk/src/rp2_common/pico_stdio/stdio.c.obj
                0x100040bc                stdio_set_driver_enabled
 .text.stdio_flush
                0x100040f4       0x20 CMakeFiles/objectExample.dir/D_/Pico_Downloads/pico-sdk/src/rp2_common/pico_stdio/stdio.c.obj
                0x100040f4                stdio_flush
 .text.__wrap_puts
                0x10004114       0x1c CMakeFiles/objectExample.dir/D_/Pico_Downloads/pico-sdk/src/rp2_common/pico_stdio/stdio.c.obj
                0x10004114                __wrap_puts
 .text.__wrap_vprintf
                0x10004130       0x44 CMakeFiles/objectExample.dir/D_/Pico_Downloads/pico-sdk/src/rp2_common/pico_stdio/stdio.c.obj
                0x10004130                __wrap_vprintf
 .text.__wrap_printf
                0x10004174       0x18 CMakeFiles/objectExample.dir/D_/Pico_Downloads/pico-sdk/src/rp2_common/pico_stdio/stdio.c.obj
                0x10004174                __wrap_printf
 .text.stdio_init_all
                0x1000418c        0x8 CMakeFiles/objectExample.dir/D_/Pico_Downloads/pico-sdk/src/rp2_common/pico_stdio/stdio.c.obj
                0x1000418c                stdio_init_all
 .text.stdio_usb_in_chars
                0x10004194       0x70 CMakeFiles/objectExample.dir/D_/Pico_Downloads/pico-sdk/src/rp2_common/pico_stdio_usb/stdio_usb.c.obj
                0x10004194                stdio_usb_in_chars
 .text.low_priority_worker_irq
                0x10004204       0x20 CMakeFiles/objectExample.dir/D_/Pico_Downloads/pico-sdk/src/rp2_common/pico_stdio_usb/stdio_usb.c.obj
 .text.stdio_usb_out_chars
                0x10004224       0xd4 CMakeFiles/objectExample.dir/D_/Pico_Downloads/pico-sdk/src/rp2_common/pico_stdio_usb/stdio_usb.c.obj
 .text.timer_task
                0x100042f8       0x10 CMakeFiles/objectExample.dir/D_/Pico_Downloads/pico-sdk/src/rp2_common/pico_stdio_usb/stdio_usb.c.obj
 .text.stdio_usb_init
                0x10004308       0x90 CMakeFiles/objectExample.dir/D_/Pico_Downloads/pico-sdk/src/rp2_common/pico_stdio_usb/stdio_usb.c.obj
                0x10004308                stdio_usb_init
 .text.tud_descriptor_device_cb
                0x10004398        0x8 CMakeFiles/objectExample.dir/D_/Pico_Downloads/pico-sdk/src/rp2_common/pico_stdio_usb/stdio_usb_descriptors.c.obj
                0x10004398                tud_descriptor_device_cb
 .text.tud_descriptor_configuration_cb
                0x100043a0        0x8 CMakeFiles/objectExample.dir/D_/Pico_Downloads/pico-sdk/src/rp2_common/pico_stdio_usb/stdio_usb_descriptors.c.obj
                0x100043a0                tud_descriptor_configuration_cb
 .text.tud_descriptor_string_cb
                0x100043a8       0x50 CMakeFiles/objectExample.dir/D_/Pico_Downloads/pico-sdk/src/rp2_common/pico_stdio_usb/stdio_usb_descriptors.c.obj
                0x100043a8                tud_descriptor_string_cb
 .text.hw_endpoint_get_by_addr
                0x100043f8       0x1c CMakeFiles/objectExample.dir/D_/Pico_Downloads/pico-sdk/lib/tinyusb/src/portable/raspberrypi/rp2040/dcd_rp2040.c.obj
 .text.reset_ep0
                0x10004414       0x2c CMakeFiles/objectExample.dir/D_/Pico_Downloads/pico-sdk/lib/tinyusb/src/portable/raspberrypi/rp2040/dcd_rp2040.c.obj
 .text._hw_endpoint_alloc
                0x10004440       0x7c CMakeFiles/objectExample.dir/D_/Pico_Downloads/pico-sdk/lib/tinyusb/src/portable/raspberrypi/rp2040/dcd_rp2040.c.obj
 .text._hw_endpoint_init
                0x100044bc       0xbc CMakeFiles/objectExample.dir/D_/Pico_Downloads/pico-sdk/lib/tinyusb/src/portable/raspberrypi/rp2040/dcd_rp2040.c.obj
 .text.hw_endpoint_init
                0x10004578       0x18 CMakeFiles/objectExample.dir/D_/Pico_Downloads/pico-sdk/lib/tinyusb/src/portable/raspberrypi/rp2040/dcd_rp2040.c.obj
 .text.hw_handle_buff_status
                0x10004590       0xb8 CMakeFiles/objectExample.dir/D_/Pico_Downloads/pico-sdk/lib/tinyusb/src/portable/raspberrypi/rp2040/dcd_rp2040.c.obj
 .text.dcd_rp2040_irq
                0x10004648       0x8c CMakeFiles/objectExample.dir/D_/Pico_Downloads/pico-sdk/lib/tinyusb/src/portable/raspberrypi/rp2040/dcd_rp2040.c.obj
 .text.hw_endpoint_xfer
                0x100046d4       0x18 CMakeFiles/objectExample.dir/D_/Pico_Downloads/pico-sdk/lib/tinyusb/src/portable/raspberrypi/rp2040/dcd_rp2040.c.obj
 .text.ep0_0len_status
                0x100046ec       0x14 CMakeFiles/objectExample.dir/D_/Pico_Downloads/pico-sdk/lib/tinyusb/src/portable/raspberrypi/rp2040/dcd_rp2040.c.obj
 .text._hw_endpoint_stall
                0x10004700       0x54 CMakeFiles/objectExample.dir/D_/Pico_Downloads/pico-sdk/lib/tinyusb/src/portable/raspberrypi/rp2040/dcd_rp2040.c.obj
 .text.hw_endpoint_stall
                0x10004754        0xc CMakeFiles/objectExample.dir/D_/Pico_Downloads/pico-sdk/lib/tinyusb/src/portable/raspberrypi/rp2040/dcd_rp2040.c.obj
 .text._hw_endpoint_clear_stall
                0x10004760       0x34 CMakeFiles/objectExample.dir/D_/Pico_Downloads/pico-sdk/lib/tinyusb/src/portable/raspberrypi/rp2040/dcd_rp2040.c.obj
 .text.hw_endpoint_clear_stall
                0x10004794        0xc CMakeFiles/objectExample.dir/D_/Pico_Downloads/pico-sdk/lib/tinyusb/src/portable/raspberrypi/rp2040/dcd_rp2040.c.obj
 .text.dcd_int_enable
                0x100047a0       0x2c CMakeFiles/objectExample.dir/D_/Pico_Downloads/pico-sdk/lib/tinyusb/src/portable/raspberrypi/rp2040/dcd_rp2040.c.obj
                0x100047a0                dcd_int_enable
 .text.dcd_set_address
                0x100047cc       0x30 CMakeFiles/objectExample.dir/D_/Pico_Downloads/pico-sdk/lib/tinyusb/src/portable/raspberrypi/rp2040/dcd_rp2040.c.obj
                0x100047cc                dcd_set_address
 .text.dcd_connect
                0x100047fc       0x30 CMakeFiles/objectExample.dir/D_/Pico_Downloads/pico-sdk/lib/tinyusb/src/portable/raspberrypi/rp2040/dcd_rp2040.c.obj
                0x100047fc                dcd_connect
 .text.dcd_init
                0x1000482c       0x90 CMakeFiles/objectExample.dir/D_/Pico_Downloads/pico-sdk/lib/tinyusb/src/portable/raspberrypi/rp2040/dcd_rp2040.c.obj
                0x1000482c                dcd_init
 .text.dcd_edpt0_status_complete
                0x100048bc       0x44 CMakeFiles/objectExample.dir/D_/Pico_Downloads/pico-sdk/lib/tinyusb/src/portable/raspberrypi/rp2040/dcd_rp2040.c.obj
                0x100048bc                dcd_edpt0_status_complete
 .text.dcd_edpt_open
                0x10004900       0x40 CMakeFiles/objectExample.dir/D_/Pico_Downloads/pico-sdk/lib/tinyusb/src/portable/raspberrypi/rp2040/dcd_rp2040.c.obj
                0x10004900                dcd_edpt_open
 .text.dcd_edpt_xfer
                0x10004940       0x34 CMakeFiles/objectExample.dir/D_/Pico_Downloads/pico-sdk/lib/tinyusb/src/portable/raspberrypi/rp2040/dcd_rp2040.c.obj
                0x10004940                dcd_edpt_xfer
 .text.dcd_edpt_stall
                0x10004974       0x28 CMakeFiles/objectExample.dir/D_/Pico_Downloads/pico-sdk/lib/tinyusb/src/portable/raspberrypi/rp2040/dcd_rp2040.c.obj
                0x10004974                dcd_edpt_stall
 .text.dcd_edpt_clear_stall
                0x1000499c       0x28 CMakeFiles/objectExample.dir/D_/Pico_Downloads/pico-sdk/lib/tinyusb/src/portable/raspberrypi/rp2040/dcd_rp2040.c.obj
                0x1000499c                dcd_edpt_clear_stall
 .text.rp2040_usb_init
                0x100049c4       0x50 CMakeFiles/objectExample.dir/D_/Pico_Downloads/pico-sdk/lib/tinyusb/src/portable/raspberrypi/rp2040/rp2040_usb.c.obj
                0x100049c4                rp2040_usb_init
 .text.hw_endpoint_reset_transfer
                0x10004a14       0x14 CMakeFiles/objectExample.dir/D_/Pico_Downloads/pico-sdk/lib/tinyusb/src/portable/raspberrypi/rp2040/rp2040_usb.c.obj
                0x10004a14                hw_endpoint_reset_transfer
 .text._hw_endpoint_buffer_control_update32
                0x10004a28       0x54 CMakeFiles/objectExample.dir/D_/Pico_Downloads/pico-sdk/lib/tinyusb/src/portable/raspberrypi/rp2040/rp2040_usb.c.obj
                0x10004a28                _hw_endpoint_buffer_control_update32
 .text._hw_endpoint_start_next_buffer
                0x10004a7c       0x5a CMakeFiles/objectExample.dir/D_/Pico_Downloads/pico-sdk/lib/tinyusb/src/portable/raspberrypi/rp2040/rp2040_usb.c.obj
                0x10004a7c                _hw_endpoint_start_next_buffer
 .text._hw_endpoint_xfer_start
                0x10004ad6       0x46 CMakeFiles/objectExample.dir/D_/Pico_Downloads/pico-sdk/lib/tinyusb/src/portable/raspberrypi/rp2040/rp2040_usb.c.obj
                0x10004ad6                _hw_endpoint_xfer_start
 .text._hw_endpoint_xfer_sync
                0x10004b1c       0x74 CMakeFiles/objectExample.dir/D_/Pico_Downloads/pico-sdk/lib/tinyusb/src/portable/raspberrypi/rp2040/rp2040_usb.c.obj
                0x10004b1c                _hw_endpoint_xfer_sync
 .text._hw_endpoint_xfer_continue
                0x10004b90       0x58 CMakeFiles/objectExample.dir/D_/Pico_Downloads/pico-sdk/lib/tinyusb/src/portable/raspberrypi/rp2040/rp2040_usb.c.obj
                0x10004b90                _hw_endpoint_xfer_continue
 .text._hw_endpoint_xfer
                0x10004be8       0x34 CMakeFiles/objectExample.dir/D_/Pico_Downloads/pico-sdk/lib/tinyusb/src/portable/raspberrypi/rp2040/rp2040_usb.c.obj
                0x10004be8                _hw_endpoint_xfer
 .text.mark_interface_endpoint
                0x10004c1c       0x2a CMakeFiles/objectExample.dir/D_/Pico_Downloads/pico-sdk/lib/tinyusb/src/device/usbd.c.obj
 *fill*         0x10004c46        0x2 
 .text.usbd_reset
                0x10004c48       0x88 CMakeFiles/objectExample.dir/D_/Pico_Downloads/pico-sdk/lib/tinyusb/src/device/usbd.c.obj
 .text.invoke_class_control
                0x10004cd0       0x18 CMakeFiles/objectExample.dir/D_/Pico_Downloads/pico-sdk/lib/tinyusb/src/device/usbd.c.obj
 .text.process_set_config
                0x10004ce8      0x1d0 CMakeFiles/objectExample.dir/D_/Pico_Downloads/pico-sdk/lib/tinyusb/src/device/usbd.c.obj
 .text.process_get_descriptor
                0x10004eb8       0xf4 CMakeFiles/objectExample.dir/D_/Pico_Downloads/pico-sdk/lib/tinyusb/src/device/usbd.c.obj
 .text.tud_mounted
                0x10004fac       0x10 CMakeFiles/objectExample.dir/D_/Pico_Downloads/pico-sdk/lib/tinyusb/src/device/usbd.c.obj
                0x10004fac                tud_mounted
 .text.tud_suspended
                0x10004fbc       0x10 CMakeFiles/objectExample.dir/D_/Pico_Downloads/pico-sdk/lib/tinyusb/src/device/usbd.c.obj
                0x10004fbc                tud_suspended
 .text.tud_init
                0x10004fcc       0xb8 CMakeFiles/objectExample.dir/D_/Pico_Downloads/pico-sdk/lib/tinyusb/src/device/usbd.c.obj
                0x10004fcc                tud_init
 .text.dcd_event_handler
                0x10005084      0x1c4 CMakeFiles/objectExample.dir/D_/Pico_Downloads/pico-sdk/lib/tinyusb/src/device/usbd.c.obj
                0x10005084                dcd_event_handler
 .text.dcd_event_bus_signal
                0x10005248       0x26 CMakeFiles/objectExample.dir/D_/Pico_Downloads/pico-sdk/lib/tinyusb/src/device/usbd.c.obj
                0x10005248                dcd_event_bus_signal
 .text.dcd_event_setup_received
                0x1000526e       0x34 CMakeFiles/objectExample.dir/D_/Pico_Downloads/pico-sdk/lib/tinyusb/src/device/usbd.c.obj
                0x1000526e                dcd_event_setup_received
 .text.dcd_event_xfer_complete
                0x100052a2       0x44 CMakeFiles/objectExample.dir/D_/Pico_Downloads/pico-sdk/lib/tinyusb/src/device/usbd.c.obj
                0x100052a2                dcd_event_xfer_complete
 .text.usbd_edpt_open
                0x100052e6        0x8 CMakeFiles/objectExample.dir/D_/Pico_Downloads/pico-sdk/lib/tinyusb/src/device/usbd.c.obj
                0x100052e6                usbd_edpt_open
 *fill*         0x100052ee        0x2 
 .text.usbd_open_edpt_pair
                0x100052f0       0x8c CMakeFiles/objectExample.dir/D_/Pico_Downloads/pico-sdk/lib/tinyusb/src/device/usbd.c.obj
                0x100052f0                usbd_open_edpt_pair
 .text.usbd_edpt_claim
                0x1000537c       0x8c CMakeFiles/objectExample.dir/D_/Pico_Downloads/pico-sdk/lib/tinyusb/src/device/usbd.c.obj
                0x1000537c                usbd_edpt_claim
 .text.usbd_edpt_release
                0x10005408       0x68 CMakeFiles/objectExample.dir/D_/Pico_Downloads/pico-sdk/lib/tinyusb/src/device/usbd.c.obj
                0x10005408                usbd_edpt_release
 .text.usbd_edpt_xfer
                0x10005470       0x80 CMakeFiles/objectExample.dir/D_/Pico_Downloads/pico-sdk/lib/tinyusb/src/device/usbd.c.obj
                0x10005470                usbd_edpt_xfer
 .text.usbd_edpt_stall
                0x100054f0       0x2c CMakeFiles/objectExample.dir/D_/Pico_Downloads/pico-sdk/lib/tinyusb/src/device/usbd.c.obj
                0x100054f0                usbd_edpt_stall
 .text.usbd_edpt_clear_stall
                0x1000551c       0x2c CMakeFiles/objectExample.dir/D_/Pico_Downloads/pico-sdk/lib/tinyusb/src/device/usbd.c.obj
                0x1000551c                usbd_edpt_clear_stall
 .text.usbd_edpt_stalled
                0x10005548       0x1c CMakeFiles/objectExample.dir/D_/Pico_Downloads/pico-sdk/lib/tinyusb/src/device/usbd.c.obj
                0x10005548                usbd_edpt_stalled
 .text.process_control_request
                0x10005564      0x37c CMakeFiles/objectExample.dir/D_/Pico_Downloads/pico-sdk/lib/tinyusb/src/device/usbd.c.obj
 .text.tud_task
                0x100058e0      0x204 CMakeFiles/objectExample.dir/D_/Pico_Downloads/pico-sdk/lib/tinyusb/src/device/usbd.c.obj
                0x100058e0                tud_task
 .text._data_stage_xact
                0x10005ae4       0x58 CMakeFiles/objectExample.dir/D_/Pico_Downloads/pico-sdk/lib/tinyusb/src/device/usbd_control.c.obj
 .text.tud_control_status
                0x10005b3c       0x38 CMakeFiles/objectExample.dir/D_/Pico_Downloads/pico-sdk/lib/tinyusb/src/device/usbd_control.c.obj
                0x10005b3c                tud_control_status
 .text.tud_control_xfer
                0x10005b74       0xa8 CMakeFiles/objectExample.dir/D_/Pico_Downloads/pico-sdk/lib/tinyusb/src/device/usbd_control.c.obj
                0x10005b74                tud_control_xfer
 .text.usbd_control_reset
                0x10005c1c       0x14 CMakeFiles/objectExample.dir/D_/Pico_Downloads/pico-sdk/lib/tinyusb/src/device/usbd_control.c.obj
                0x10005c1c                usbd_control_reset
 .text.usbd_control_set_complete_callback
                0x10005c30        0xc CMakeFiles/objectExample.dir/D_/Pico_Downloads/pico-sdk/lib/tinyusb/src/device/usbd_control.c.obj
                0x10005c30                usbd_control_set_complete_callback
 .text.usbd_control_set_request
                0x10005c3c       0x1c CMakeFiles/objectExample.dir/D_/Pico_Downloads/pico-sdk/lib/tinyusb/src/device/usbd_control.c.obj
                0x10005c3c                usbd_control_set_request
 .text.usbd_control_xfer_cb
                0x10005c58       0xe8 CMakeFiles/objectExample.dir/D_/Pico_Downloads/pico-sdk/lib/tinyusb/src/device/usbd_control.c.obj
                0x10005c58                usbd_control_xfer_cb
 .text._prep_out_transaction
                0x10005d40       0x46 CMakeFiles/objectExample.dir/D_/Pico_Downloads/pico-sdk/lib/tinyusb/src/class/cdc/cdc_device.c.obj
 *fill*         0x10005d86        0x2 
 .text.tud_cdc_n_connected
                0x10005d88       0x48 CMakeFiles/objectExample.dir/D_/Pico_Downloads/pico-sdk/lib/tinyusb/src/class/cdc/cdc_device.c.obj
                0x10005d88                tud_cdc_n_connected
 .text.tud_cdc_n_available
                0x10005dd0       0x20 CMakeFiles/objectExample.dir/D_/Pico_Downloads/pico-sdk/lib/tinyusb/src/class/cdc/cdc_device.c.obj
                0x10005dd0                tud_cdc_n_available
 .text.tud_cdc_n_read
                0x10005df0       0x30 CMakeFiles/objectExample.dir/D_/Pico_Downloads/pico-sdk/lib/tinyusb/src/class/cdc/cdc_device.c.obj
                0x10005df0                tud_cdc_n_read
 .text.tud_cdc_n_write_flush
                0x10005e20       0xc4 CMakeFiles/objectExample.dir/D_/Pico_Downloads/pico-sdk/lib/tinyusb/src/class/cdc/cdc_device.c.obj
                0x10005e20                tud_cdc_n_write_flush
 .text.tud_cdc_n_write
                0x10005ee4       0x38 CMakeFiles/objectExample.dir/D_/Pico_Downloads/pico-sdk/lib/tinyusb/src/class/cdc/cdc_device.c.obj
                0x10005ee4                tud_cdc_n_write
 .text.tud_cdc_n_write_available
                0x10005f1c       0x20 CMakeFiles/objectExample.dir/D_/Pico_Downloads/pico-sdk/lib/tinyusb/src/class/cdc/cdc_device.c.obj
                0x10005f1c                tud_cdc_n_write_available
 .text.cdcd_init
                0x10005f3c       0xdc CMakeFiles/objectExample.dir/D_/Pico_Downloads/pico-sdk/lib/tinyusb/src/class/cdc/cdc_device.c.obj
                0x10005f3c                cdcd_init
 .text.cdcd_reset
                0x10006018       0x44 CMakeFiles/objectExample.dir/D_/Pico_Downloads/pico-sdk/lib/tinyusb/src/class/cdc/cdc_device.c.obj
                0x10006018                cdcd_reset
 .text.cdcd_open
                0x1000605c      0x118 CMakeFiles/objectExample.dir/D_/Pico_Downloads/pico-sdk/lib/tinyusb/src/class/cdc/cdc_device.c.obj
                0x1000605c                cdcd_open
 .text.cdcd_control_complete
                0x10006174       0x60 CMakeFiles/objectExample.dir/D_/Pico_Downloads/pico-sdk/lib/tinyusb/src/class/cdc/cdc_device.c.obj
                0x10006174                cdcd_control_complete
 .text.cdcd_control_request
                0x100061d4       0x9c CMakeFiles/objectExample.dir/D_/Pico_Downloads/pico-sdk/lib/tinyusb/src/class/cdc/cdc_device.c.obj
                0x100061d4                cdcd_control_request
 .text.cdcd_xfer_cb
                0x10006270      0x130 CMakeFiles/objectExample.dir/D_/Pico_Downloads/pico-sdk/lib/tinyusb/src/class/cdc/cdc_device.c.obj
                0x10006270                cdcd_xfer_cb
 .text.tusb_init
                0x100063a0       0x38 CMakeFiles/objectExample.dir/D_/Pico_Downloads/pico-sdk/lib/tinyusb/src/tusb.c.obj
                0x100063a0                tusb_init
 .text.tusb_inited
                0x100063d8        0xc CMakeFiles/objectExample.dir/D_/Pico_Downloads/pico-sdk/lib/tinyusb/src/tusb.c.obj
                0x100063d8                tusb_inited
 .text.advance_pointer
                0x100063e4       0x1e CMakeFiles/objectExample.dir/D_/Pico_Downloads/pico-sdk/lib/tinyusb/src/common/tusb_fifo.c.obj
 .text.backward_pointer
                0x10006402       0x1a CMakeFiles/objectExample.dir/D_/Pico_Downloads/pico-sdk/lib/tinyusb/src/common/tusb_fifo.c.obj
 .text.get_relative_pointer
                0x1000641c       0x16 CMakeFiles/objectExample.dir/D_/Pico_Downloads/pico-sdk/lib/tinyusb/src/common/tusb_fifo.c.obj
 .text.tu_fifo_lock
                0x10006432       0x12 CMakeFiles/objectExample.dir/D_/Pico_Downloads/pico-sdk/lib/tinyusb/src/common/tusb_fifo.c.obj
 .text.tu_fifo_unlock
                0x10006444        0xe CMakeFiles/objectExample.dir/D_/Pico_Downloads/pico-sdk/lib/tinyusb/src/common/tusb_fifo.c.obj
 .text._tu_fifo_peek_at
                0x10006452       0x66 CMakeFiles/objectExample.dir/D_/Pico_Downloads/pico-sdk/lib/tinyusb/src/common/tusb_fifo.c.obj
 .text._ff_pull_n
                0x100064b8       0x4a CMakeFiles/objectExample.dir/D_/Pico_Downloads/pico-sdk/lib/tinyusb/src/common/tusb_fifo.c.obj
 .text._tu_fifo_peek_at_n
                0x10006502       0x72 CMakeFiles/objectExample.dir/D_/Pico_Downloads/pico-sdk/lib/tinyusb/src/common/tusb_fifo.c.obj
 .text._ff_push_n
                0x10006574       0x4a CMakeFiles/objectExample.dir/D_/Pico_Downloads/pico-sdk/lib/tinyusb/src/common/tusb_fifo.c.obj
 .text.tu_fifo_config
                0x100065be       0x48 CMakeFiles/objectExample.dir/D_/Pico_Downloads/pico-sdk/lib/tinyusb/src/common/tusb_fifo.c.obj
                0x100065be                tu_fifo_config
 .text.tu_fifo_count
                0x10006606       0x1c CMakeFiles/objectExample.dir/D_/Pico_Downloads/pico-sdk/lib/tinyusb/src/common/tusb_fifo.c.obj
                0x10006606                tu_fifo_count
 .text.tu_fifo_remaining
                0x10006622       0x20 CMakeFiles/objectExample.dir/D_/Pico_Downloads/pico-sdk/lib/tinyusb/src/common/tusb_fifo.c.obj
                0x10006622                tu_fifo_remaining
 .text.tu_fifo_read
                0x10006642       0x3a CMakeFiles/objectExample.dir/D_/Pico_Downloads/pico-sdk/lib/tinyusb/src/common/tusb_fifo.c.obj
                0x10006642                tu_fifo_read
 .text.tu_fifo_read_n
                0x1000667c       0x3e CMakeFiles/objectExample.dir/D_/Pico_Downloads/pico-sdk/lib/tinyusb/src/common/tusb_fifo.c.obj
                0x1000667c                tu_fifo_read_n
 .text.tu_fifo_write
                0x100066ba       0x5c CMakeFiles/objectExample.dir/D_/Pico_Downloads/pico-sdk/lib/tinyusb/src/common/tusb_fifo.c.obj
                0x100066ba                tu_fifo_write
 .text.tu_fifo_write_n
                0x10006716       0x7c CMakeFiles/objectExample.dir/D_/Pico_Downloads/pico-sdk/lib/tinyusb/src/common/tusb_fifo.c.obj
                0x10006716                tu_fifo_write_n
 .text.tu_fifo_clear
                0x10006792       0x18 CMakeFiles/objectExample.dir/D_/Pico_Downloads/pico-sdk/lib/tinyusb/src/common/tusb_fifo.c.obj
                0x10006792                tu_fifo_clear
 .text._ZN10UltrasonicC2Eii
                0x100067aa       0x14 ..\ultrasonic\libpico_ultrasonic_object.a(ultrasonicObject.cpp.obj)
                0x100067aa                Ultrasonic::Ultrasonic(int, int)
                0x100067aa                Ultrasonic::Ultrasonic(int, int)
 .text._ZN10Ultrasonic5getCMEv
                0x100067be        0xc ..\ultrasonic\libpico_ultrasonic_object.a(ultrasonicObject.cpp.obj)
                0x100067be                Ultrasonic::getCM()
 .text.setupUltrasonicPins
                0x100067ca       0x22 ..\ultrasonic\libpico_ultrasonic_object.a(ultrasonic.c.obj)
                0x100067ca                setupUltrasonicPins
 .text.getPulse
                0x100067ec       0x78 ..\ultrasonic\libpico_ultrasonic_object.a(ultrasonic.c.obj)
                0x100067ec                getPulse
 .text.getCm    0x10006864       0x10 ..\ultrasonic\libpico_ultrasonic_object.a(ultrasonic.c.obj)
                0x10006864                getCm
 .text.calloc   0x10006874       0x18 c:/progra~2/gnuarm~1/102020~1/bin/../lib/gcc/arm-none-eabi/10.2.1/../../../../arm-none-eabi/lib/thumb/v6-m/nofp\libg.a(lib_a-calloc.o)
                0x10006874                calloc
 .text._calloc_r
                0x1000688c       0x5c c:/progra~2/gnuarm~1/102020~1/bin/../lib/gcc/arm-none-eabi/10.2.1/../../../../arm-none-eabi/lib/thumb/v6-m/nofp\libg.a(lib_a-callocr.o)
                0x1000688c                _calloc_r
 .text.malloc   0x100068e8       0x14 c:/progra~2/gnuarm~1/102020~1/bin/../lib/gcc/arm-none-eabi/10.2.1/../../../../arm-none-eabi/lib/thumb/v6-m/nofp\libg.a(lib_a-malloc.o)
                0x100068e8                malloc
 .text._malloc_r
                0x100068fc      0x580 c:/progra~2/gnuarm~1/102020~1/bin/../lib/gcc/arm-none-eabi/10.2.1/../../../../arm-none-eabi/lib/thumb/v6-m/nofp\libg.a(lib_a-mallocr.o)
                0x100068fc                _malloc_r
 .text.__malloc_lock
                0x10006e7c       0x10 c:/progra~2/gnuarm~1/102020~1/bin/../lib/gcc/arm-none-eabi/10.2.1/../../../../arm-none-eabi/lib/thumb/v6-m/nofp\libg.a(lib_a-mlock.o)
                0x10006e7c                __malloc_lock
 .text.__malloc_unlock
                0x10006e8c       0x10 c:/progra~2/gnuarm~1/102020~1/bin/../lib/gcc/arm-none-eabi/10.2.1/../../../../arm-none-eabi/lib/thumb/v6-m/nofp\libg.a(lib_a-mlock.o)
                0x10006e8c                __malloc_unlock
 .text._sbrk_r  0x10006e9c       0x24 c:/progra~2/gnuarm~1/102020~1/bin/../lib/gcc/arm-none-eabi/10.2.1/../../../../arm-none-eabi/lib/thumb/v6-m/nofp\libg.a(lib_a-sbrkr.o)
                0x10006e9c                _sbrk_r
 .text.strlen   0x10006ec0       0x5c c:/progra~2/gnuarm~1/102020~1/bin/../lib/gcc/arm-none-eabi/10.2.1/../../../../arm-none-eabi/lib/thumb/v6-m/nofp\libg.a(lib_a-strlen-stub.o)
                0x10006ec0                strlen
 .text._malloc_trim_r
                0x10006f1c       0x9c c:/progra~2/gnuarm~1/102020~1/bin/../lib/gcc/arm-none-eabi/10.2.1/../../../../arm-none-eabi/lib/thumb/v6-m/nofp\libg.a(lib_a-freer.o)
                0x10006f1c                _malloc_trim_r
 .text._free_r  0x10006fb8      0x1c4 c:/progra~2/gnuarm~1/102020~1/bin/../lib/gcc/arm-none-eabi/10.2.1/../../../../arm-none-eabi/lib/thumb/v6-m/nofp\libg.a(lib_a-freer.o)
                0x10006fb8                _free_r
 .text.__retarget_lock_acquire_recursive
                0x1000717c        0x4 c:/progra~2/gnuarm~1/102020~1/bin/../lib/gcc/arm-none-eabi/10.2.1/../../../../arm-none-eabi/lib/thumb/v6-m/nofp\libg.a(lib_a-lock.o)
                0x1000717c                __retarget_lock_acquire_recursive
 .text.__retarget_lock_release_recursive
                0x10007180        0x4 c:/progra~2/gnuarm~1/102020~1/bin/../lib/gcc/arm-none-eabi/10.2.1/../../../../arm-none-eabi/lib/thumb/v6-m/nofp\libg.a(lib_a-lock.o)
                0x10007180                __retarget_lock_release_recursive
 *(.fini)
 .fini          0x10007184        0x4 c:/progra~2/gnuarm~1/102020~1/bin/../lib/gcc/arm-none-eabi/10.2.1/thumb/v6-m/nofp/crti.o
                0x10007184                _fini
 .fini.__stub   0x10007188       0x60 linker stubs
 *crtbegin.o(.ctors)
 *crtbegin?.o(.ctors)
 *(EXCLUDE_FILE(*crtend.o *crtend?.o) .ctors)
 *(SORT_BY_NAME(.ctors.*))
 *(.ctors)
 *crtbegin.o(.dtors)
 *crtbegin?.o(.dtors)
 *(EXCLUDE_FILE(*crtend.o *crtend?.o) .dtors)
 *(SORT_BY_NAME(.dtors.*))
 *(.dtors)
 *(.eh_frame*)
 .eh_frame      0x100071e8        0x0 c:/progra~2/gnuarm~1/102020~1/bin/../lib/gcc/arm-none-eabi/10.2.1/thumb/v6-m/nofp/crtbegin.o
                0x100071e8                . = ALIGN (0x4)

.glue_7         0x100071e8        0x0
 .glue_7        0x100071e8        0x0 linker stubs

.glue_7t        0x100071e8        0x0
 .glue_7t       0x100071e8        0x0 linker stubs

.vfp11_veneer   0x100071e8        0x0
 .vfp11_veneer  0x100071e8        0x0 linker stubs

.v4_bx          0x100071e8        0x0
 .v4_bx         0x100071e8        0x0 linker stubs

.iplt           0x100071e8        0x0
 .iplt          0x100071e8        0x0 c:/progra~2/gnuarm~1/102020~1/bin/../lib/gcc/arm-none-eabi/10.2.1/thumb/v6-m/nofp/crtbegin.o

.rodata         0x100071e8     0x139c
 *(EXCLUDE_FILE(*libm.a: *libc.a:*lib_a-mem*.o *libgcc.a:) .rodata*)
 .rodata.main.str1.4
                0x100071e8        0x8 CMakeFiles/objectExample.dir/objectExample.cpp.obj
 .rodata.spin_lock_claim_unused.str1.4
                0x100071f0       0x1b CMakeFiles/objectExample.dir/D_/Pico_Downloads/pico-sdk/src/rp2_common/hardware_sync/sync.c.obj
 *fill*         0x1000720b        0x1 
 .rodata.alarm_pool_dump_key.str1.4
                0x1000720c       0x6b CMakeFiles/objectExample.dir/D_/Pico_Downloads/pico-sdk/src/common/pico_time/time.c.obj
 *fill*         0x10007277        0x1 
 .rodata.ph_add_child_node.str1.4
                0x10007278       0x8e CMakeFiles/objectExample.dir/D_/Pico_Downloads/pico-sdk/src/common/pico_time/time.c.obj
 *fill*         0x10007306        0x2 
 .rodata.add_alarm_under_lock.str1.4
                0x10007308       0x27 CMakeFiles/objectExample.dir/D_/Pico_Downloads/pico-sdk/src/common/pico_time/time.c.obj
 *fill*         0x1000732f        0x1 
 .rodata.alarm_pool_alarm_callback.str1.4
                0x10007330       0x7d CMakeFiles/objectExample.dir/D_/Pico_Downloads/pico-sdk/src/common/pico_time/time.c.obj
 *fill*         0x100073ad        0x3 
 .rodata.alarm_pool_get_default.str1.4
                0x100073b0       0x13 CMakeFiles/objectExample.dir/D_/Pico_Downloads/pico-sdk/src/common/pico_time/time.c.obj
 *fill*         0x100073c3        0x1 
 .rodata.alarm_pool_cancel_alarm.str1.4
                0x100073c4       0x27 CMakeFiles/objectExample.dir/D_/Pico_Downloads/pico-sdk/src/common/pico_time/time.c.obj
 *fill*         0x100073eb        0x1 
 .rodata.__func__.0
                0x100073ec       0x18 CMakeFiles/objectExample.dir/D_/Pico_Downloads/pico-sdk/src/common/pico_time/time.c.obj
 .rodata.__func__.10
                0x10007404       0x17 CMakeFiles/objectExample.dir/D_/Pico_Downloads/pico-sdk/src/common/pico_time/time.c.obj
 *fill*         0x1000741b        0x1 
 .rodata.__func__.2
                0x1000741c       0x12 CMakeFiles/objectExample.dir/D_/Pico_Downloads/pico-sdk/src/common/pico_time/time.c.obj
 *fill*         0x1000742e        0x2 
 .rodata.__func__.3
                0x10007430       0x14 CMakeFiles/objectExample.dir/D_/Pico_Downloads/pico-sdk/src/common/pico_time/time.c.obj
 .rodata.__func__.4
                0x10007444       0x12 CMakeFiles/objectExample.dir/D_/Pico_Downloads/pico-sdk/src/common/pico_time/time.c.obj
 *fill*         0x10007456        0x2 
 .rodata.__func__.5
                0x10007458        0xa CMakeFiles/objectExample.dir/D_/Pico_Downloads/pico-sdk/src/common/pico_time/time.c.obj
 *fill*         0x10007462        0x2 
 .rodata.__func__.6
                0x10007464        0xc CMakeFiles/objectExample.dir/D_/Pico_Downloads/pico-sdk/src/common/pico_time/time.c.obj
 .rodata.__func__.7
                0x10007470       0x15 CMakeFiles/objectExample.dir/D_/Pico_Downloads/pico-sdk/src/common/pico_time/time.c.obj
 *fill*         0x10007485        0x3 
 .rodata.__func__.8
                0x10007488       0x1a CMakeFiles/objectExample.dir/D_/Pico_Downloads/pico-sdk/src/common/pico_time/time.c.obj
 *fill*         0x100074a2        0x2 
 .rodata.__func__.9
                0x100074a4        0xa CMakeFiles/objectExample.dir/D_/Pico_Downloads/pico-sdk/src/common/pico_time/time.c.obj
 *fill*         0x100074ae        0x2 
 .rodata.hardware_alarm_claim.str1.4
                0x100074b0       0x22 CMakeFiles/objectExample.dir/D_/Pico_Downloads/pico-sdk/src/rp2_common/hardware_timer/timer.c.obj
 *fill*         0x100074d2        0x2 
 .rodata.hardware_alarm_set_target.str1.4
                0x100074d4       0x65 CMakeFiles/objectExample.dir/D_/Pico_Downloads/pico-sdk/src/rp2_common/hardware_timer/timer.c.obj
 *fill*         0x10007539        0x3 
 .rodata.__func__.0
                0x1000753c       0x1a CMakeFiles/objectExample.dir/D_/Pico_Downloads/pico-sdk/src/rp2_common/hardware_timer/timer.c.obj
 *fill*         0x10007556        0x2 
 .rodata.lock_init.str1.4
                0x10007558       0x68 CMakeFiles/objectExample.dir/D_/Pico_Downloads/pico-sdk/src/common/pico_sync/lock_core.c.obj
 .rodata.__func__.0
                0x100075c0        0xa CMakeFiles/objectExample.dir/D_/Pico_Downloads/pico-sdk/src/common/pico_sync/lock_core.c.obj
 *fill*         0x100075ca        0x2 
 .rodata.str1.4
                0x100075cc       0x5c CMakeFiles/objectExample.dir/D_/Pico_Downloads/pico-sdk/src/common/pico_sync/mutex.c.obj
 .rodata.__func__.0
                0x10007628        0xb CMakeFiles/objectExample.dir/D_/Pico_Downloads/pico-sdk/src/common/pico_sync/mutex.c.obj
 *fill*         0x10007633        0x1 
 .rodata.__func__.1
                0x10007634       0x18 CMakeFiles/objectExample.dir/D_/Pico_Downloads/pico-sdk/src/common/pico_sync/mutex.c.obj
 .rodata.__func__.2
                0x1000764c       0x15 CMakeFiles/objectExample.dir/D_/Pico_Downloads/pico-sdk/src/common/pico_sync/mutex.c.obj
 .rodata.ph_add_child_node.str1.4
                0x10007661       0x8e CMakeFiles/objectExample.dir/D_/Pico_Downloads/pico-sdk/src/common/pico_util/pheap.c.obj
 *fill*         0x10007661        0x3 
 .rodata.ph_remove_any_head.str1.4
                0x10007664       0x8c CMakeFiles/objectExample.dir/D_/Pico_Downloads/pico-sdk/src/common/pico_util/pheap.c.obj
 .rodata.ph_delete.str1.4
                0x100076f0       0x26 CMakeFiles/objectExample.dir/D_/Pico_Downloads/pico-sdk/src/common/pico_util/pheap.c.obj
 *fill*         0x10007716        0x2 
 .rodata.__func__.0
                0x10007718        0xa CMakeFiles/objectExample.dir/D_/Pico_Downloads/pico-sdk/src/common/pico_util/pheap.c.obj
 *fill*         0x10007722        0x2 
 .rodata.__func__.1
                0x10007724       0x13 CMakeFiles/objectExample.dir/D_/Pico_Downloads/pico-sdk/src/common/pico_util/pheap.c.obj
 *fill*         0x10007737        0x1 
 .rodata.__func__.2
                0x10007738       0x12 CMakeFiles/objectExample.dir/D_/Pico_Downloads/pico-sdk/src/common/pico_util/pheap.c.obj
 *fill*         0x1000774a        0x2 
 .rodata.__func__.3
                0x1000774c        0xc CMakeFiles/objectExample.dir/D_/Pico_Downloads/pico-sdk/src/common/pico_util/pheap.c.obj
 .rodata.__assert_func.str1.4
                0x10007758       0x3f CMakeFiles/objectExample.dir/D_/Pico_Downloads/pico-sdk/src/rp2_common/pico_runtime/runtime.c.obj
                                 0x43 (size before relaxing)
 *fill*         0x10007797        0x1 
 .rodata.panic.str1.4
                0x10007798       0x12 CMakeFiles/objectExample.dir/D_/Pico_Downloads/pico-sdk/src/rp2_common/pico_runtime/runtime.c.obj
 *fill*         0x100077aa        0x2 
 .rodata.clock_configure.str1.4
                0x100077ac       0x57 CMakeFiles/objectExample.dir/D_/Pico_Downloads/pico-sdk/src/rp2_common/hardware_clocks/clocks.c.obj
 *fill*         0x10007803        0x1 
 .rodata.__func__.1
                0x10007804       0x10 CMakeFiles/objectExample.dir/D_/Pico_Downloads/pico-sdk/src/rp2_common/hardware_clocks/clocks.c.obj
 .rodata.pll_init.str1.4
                0x10007814       0xdb CMakeFiles/objectExample.dir/D_/Pico_Downloads/pico-sdk/src/rp2_common/hardware_pll/pll.c.obj
 *fill*         0x100078ef        0x1 
 .rodata.__func__.0
                0x100078f0        0x9 CMakeFiles/objectExample.dir/D_/Pico_Downloads/pico-sdk/src/rp2_common/hardware_pll/pll.c.obj
 *fill*         0x100078f9        0x3 
 .rodata.make_branch.str1.4
                0x100078fc       0x4d CMakeFiles/objectExample.dir/D_/Pico_Downloads/pico-sdk/src/rp2_common/hardware_irq/irq.c.obj
 *fill*         0x10007949        0x3 
 .rodata.irq_set_exclusive_handler.str1.4
                0x1000794c       0x36 CMakeFiles/objectExample.dir/D_/Pico_Downloads/pico-sdk/src/rp2_common/hardware_irq/irq.c.obj
 *fill*         0x10007982        0x2 
 .rodata.irq_add_shared_handler.str1.4
                0x10007984       0xd9 CMakeFiles/objectExample.dir/D_/Pico_Downloads/pico-sdk/src/rp2_common/hardware_irq/irq.c.obj
 *fill*         0x10007a5d        0x3 
 .rodata.irq_remove_handler.str1.4
                0x10007a60       0x2a CMakeFiles/objectExample.dir/D_/Pico_Downloads/pico-sdk/src/rp2_common/hardware_irq/irq.c.obj
 *fill*         0x10007a8a        0x2 
 .rodata.irq_add_tail_to_free_list.str1.4
                0x10007a8c       0x32 CMakeFiles/objectExample.dir/D_/Pico_Downloads/pico-sdk/src/rp2_common/hardware_irq/irq.c.obj
                                 0x3a (size before relaxing)
 *fill*         0x10007abe        0x2 
 .rodata.__func__.0
                0x10007ac0       0x1a CMakeFiles/objectExample.dir/D_/Pico_Downloads/pico-sdk/src/rp2_common/hardware_irq/irq.c.obj
 *fill*         0x10007ada        0x2 
 .rodata.__func__.1
                0x10007adc       0x17 CMakeFiles/objectExample.dir/D_/Pico_Downloads/pico-sdk/src/rp2_common/hardware_irq/irq.c.obj
 *fill*         0x10007af3        0x1 
 .rodata.__func__.2
                0x10007af4       0x13 CMakeFiles/objectExample.dir/D_/Pico_Downloads/pico-sdk/src/rp2_common/hardware_irq/irq.c.obj
 *fill*         0x10007b07        0x1 
 .rodata.__func__.3
                0x10007b08        0xc CMakeFiles/objectExample.dir/D_/Pico_Downloads/pico-sdk/src/rp2_common/hardware_irq/irq.c.obj
 .rodata.__func__.4
                0x10007b14        0xf CMakeFiles/objectExample.dir/D_/Pico_Downloads/pico-sdk/src/rp2_common/hardware_irq/irq.c.obj
 *fill*         0x10007b23        0x1 
 .rodata.__func__.6
                0x10007b24       0x1a CMakeFiles/objectExample.dir/D_/Pico_Downloads/pico-sdk/src/rp2_common/hardware_irq/irq.c.obj
 *fill*         0x10007b3e        0x2 
 .rodata._ftoa.str1.4
                0x10007b40       0x15 CMakeFiles/objectExample.dir/D_/Pico_Downloads/pico-sdk/src/rp2_common/pico_printf/printf.c.obj
 *fill*         0x10007b55        0x3 
 .rodata._vsnprintf
                0x10007b58      0x1e0 CMakeFiles/objectExample.dir/D_/Pico_Downloads/pico-sdk/src/rp2_common/pico_printf/printf.c.obj
 .rodata.pow10.0
                0x10007d38       0x50 CMakeFiles/objectExample.dir/D_/Pico_Downloads/pico-sdk/src/rp2_common/pico_printf/printf.c.obj
 .rodata.__aeabi_double_init.str1.4
                0x10007d88       0xa8 CMakeFiles/objectExample.dir/D_/Pico_Downloads/pico-sdk/src/rp2_common/pico_double/double_init_rom.c.obj
 .rodata.__func__.0
                0x10007e30       0x14 CMakeFiles/objectExample.dir/D_/Pico_Downloads/pico-sdk/src/rp2_common/pico_double/double_init_rom.c.obj
 .rodata.__aeabi_float_init.str1.4
                0x10007e44       0x7a CMakeFiles/objectExample.dir/D_/Pico_Downloads/pico-sdk/src/rp2_common/pico_float/float_init_rom.c.obj
                                 0x7e (size before relaxing)
 *fill*         0x10007ebe        0x2 
 .rodata.__func__.0
                0x10007ec0       0x13 CMakeFiles/objectExample.dir/D_/Pico_Downloads/pico-sdk/src/rp2_common/pico_float/float_init_rom.c.obj
 *fill*         0x10007ed3        0x1 
 .rodata.str1.4
                0x10007ed4       0x74 CMakeFiles/objectExample.dir/D_/Pico_Downloads/pico-sdk/src/rp2_common/pico_standard_link/binary_info.c.obj
 .rodata.__bi_40
                0x10007f48        0xc CMakeFiles/objectExample.dir/D_/Pico_Downloads/pico-sdk/src/rp2_common/pico_standard_link/binary_info.c.obj
 .rodata.__bi_65
                0x10007f54        0xc CMakeFiles/objectExample.dir/D_/Pico_Downloads/pico-sdk/src/rp2_common/pico_standard_link/binary_info.c.obj
 .rodata.__bi_71
                0x10007f60        0xc CMakeFiles/objectExample.dir/D_/Pico_Downloads/pico-sdk/src/rp2_common/pico_standard_link/binary_info.c.obj
 .rodata.crlf_str.1
                0x10007f6c        0x2 CMakeFiles/objectExample.dir/D_/Pico_Downloads/pico-sdk/src/rp2_common/pico_stdio/stdio.c.obj
 *fill*         0x10007f6e        0x2 
 .rodata.str1.4
                0x10007f70       0x13 CMakeFiles/objectExample.dir/D_/Pico_Downloads/pico-sdk/src/rp2_common/pico_stdio_usb/stdio_usb.c.obj
 *fill*         0x10007f83        0x1 
 .rodata.__bi_93.0
                0x10007f84        0xc CMakeFiles/objectExample.dir/D_/Pico_Downloads/pico-sdk/src/rp2_common/pico_stdio_usb/stdio_usb.c.obj
 .rodata.str1.4
                0x10007f90       0x32 CMakeFiles/objectExample.dir/D_/Pico_Downloads/pico-sdk/src/rp2_common/pico_stdio_usb/stdio_usb_descriptors.c.obj
 *fill*         0x10007fc2        0x2 
 .rodata.usbd_desc_cfg
                0x10007fc4       0x4b CMakeFiles/objectExample.dir/D_/Pico_Downloads/pico-sdk/src/rp2_common/pico_stdio_usb/stdio_usb_descriptors.c.obj
 *fill*         0x1000800f        0x1 
 .rodata.usbd_desc_device
                0x10008010       0x12 CMakeFiles/objectExample.dir/D_/Pico_Downloads/pico-sdk/src/rp2_common/pico_stdio_usb/stdio_usb_descriptors.c.obj
 *fill*         0x10008022        0x2 
 .rodata.usbd_desc_str
                0x10008024       0x14 CMakeFiles/objectExample.dir/D_/Pico_Downloads/pico-sdk/src/rp2_common/pico_stdio_usb/stdio_usb_descriptors.c.obj
 .rodata._hw_endpoint_alloc.str1.4
                0x10008038       0xb5 CMakeFiles/objectExample.dir/D_/Pico_Downloads/pico-sdk/lib/tinyusb/src/portable/raspberrypi/rp2040/dcd_rp2040.c.obj
 *fill*         0x100080ed        0x3 
 .rodata._hw_endpoint_init.str1.4
                0x100080f0       0x28 CMakeFiles/objectExample.dir/D_/Pico_Downloads/pico-sdk/lib/tinyusb/src/portable/raspberrypi/rp2040/dcd_rp2040.c.obj
 .rodata.hw_handle_buff_status.str1.4
                0x10008118        0xb CMakeFiles/objectExample.dir/D_/Pico_Downloads/pico-sdk/lib/tinyusb/src/portable/raspberrypi/rp2040/dcd_rp2040.c.obj
 *fill*         0x10008123        0x1 
 .rodata.dcd_rp2040_irq.str1.4
                0x10008124       0x14 CMakeFiles/objectExample.dir/D_/Pico_Downloads/pico-sdk/lib/tinyusb/src/portable/raspberrypi/rp2040/dcd_rp2040.c.obj
 .rodata._hw_endpoint_stall.str1.4
                0x10008138        0xd CMakeFiles/objectExample.dir/D_/Pico_Downloads/pico-sdk/lib/tinyusb/src/portable/raspberrypi/rp2040/dcd_rp2040.c.obj
 *fill*         0x10008145        0x3 
 .rodata.dcd_int_enable.str1.4
                0x10008148        0xc CMakeFiles/objectExample.dir/D_/Pico_Downloads/pico-sdk/lib/tinyusb/src/portable/raspberrypi/rp2040/dcd_rp2040.c.obj
 .rodata.__func__.0
                0x10008154       0x15 CMakeFiles/objectExample.dir/D_/Pico_Downloads/pico-sdk/lib/tinyusb/src/portable/raspberrypi/rp2040/dcd_rp2040.c.obj
 *fill*         0x10008169        0x3 
 .rodata.__func__.1
                0x1000816c       0x13 CMakeFiles/objectExample.dir/D_/Pico_Downloads/pico-sdk/lib/tinyusb/src/portable/raspberrypi/rp2040/dcd_rp2040.c.obj
 *fill*         0x1000817f        0x1 
 .rodata.__func__.10
                0x10008180        0xf CMakeFiles/objectExample.dir/D_/Pico_Downloads/pico-sdk/lib/tinyusb/src/portable/raspberrypi/rp2040/dcd_rp2040.c.obj
 *fill*         0x1000818f        0x1 
 .rodata.__func__.11
                0x10008190       0x13 CMakeFiles/objectExample.dir/D_/Pico_Downloads/pico-sdk/lib/tinyusb/src/portable/raspberrypi/rp2040/dcd_rp2040.c.obj
 *fill*         0x100081a3        0x1 
 .rodata.__func__.12
                0x100081a4       0x16 CMakeFiles/objectExample.dir/D_/Pico_Downloads/pico-sdk/lib/tinyusb/src/portable/raspberrypi/rp2040/dcd_rp2040.c.obj
 *fill*         0x100081ba        0x2 
 .rodata.__func__.13
                0x100081bc        0x9 CMakeFiles/objectExample.dir/D_/Pico_Downloads/pico-sdk/lib/tinyusb/src/portable/raspberrypi/rp2040/dcd_rp2040.c.obj
 *fill*         0x100081c5        0x3 
 .rodata.__func__.2
                0x100081c8        0xf CMakeFiles/objectExample.dir/D_/Pico_Downloads/pico-sdk/lib/tinyusb/src/portable/raspberrypi/rp2040/dcd_rp2040.c.obj
 *fill*         0x100081d7        0x1 
 .rodata.__func__.3
                0x100081d8        0xe CMakeFiles/objectExample.dir/D_/Pico_Downloads/pico-sdk/lib/tinyusb/src/portable/raspberrypi/rp2040/dcd_rp2040.c.obj
 *fill*         0x100081e6        0x2 
 .rodata.__func__.4
                0x100081e8        0xe CMakeFiles/objectExample.dir/D_/Pico_Downloads/pico-sdk/lib/tinyusb/src/portable/raspberrypi/rp2040/dcd_rp2040.c.obj
 *fill*         0x100081f6        0x2 
 .rodata.__func__.5
                0x100081f8       0x1a CMakeFiles/objectExample.dir/D_/Pico_Downloads/pico-sdk/lib/tinyusb/src/portable/raspberrypi/rp2040/dcd_rp2040.c.obj
 *fill*         0x10008212        0x2 
 .rodata.__func__.6
                0x10008214        0xc CMakeFiles/objectExample.dir/D_/Pico_Downloads/pico-sdk/lib/tinyusb/src/portable/raspberrypi/rp2040/dcd_rp2040.c.obj
 .rodata.__func__.8
                0x10008220       0x10 CMakeFiles/objectExample.dir/D_/Pico_Downloads/pico-sdk/lib/tinyusb/src/portable/raspberrypi/rp2040/dcd_rp2040.c.obj
 .rodata._hw_endpoint_buffer_control_update32.str1.4
                0x10008230       0x1f CMakeFiles/objectExample.dir/D_/Pico_Downloads/pico-sdk/lib/tinyusb/src/portable/raspberrypi/rp2040/rp2040_usb.c.obj
 *fill*         0x1000824f        0x1 
 .rodata._hw_endpoint_xfer_sync.str1.4
                0x10008250       0x91 CMakeFiles/objectExample.dir/D_/Pico_Downloads/pico-sdk/lib/tinyusb/src/portable/raspberrypi/rp2040/rp2040_usb.c.obj
 *fill*         0x100082e1        0x3 
 .rodata._hw_endpoint_xfer_continue.str1.4
                0x100082e4       0x50 CMakeFiles/objectExample.dir/D_/Pico_Downloads/pico-sdk/lib/tinyusb/src/portable/raspberrypi/rp2040/rp2040_usb.c.obj
 .rodata._hw_endpoint_xfer.str1.4
                0x10008334        0xf CMakeFiles/objectExample.dir/D_/Pico_Downloads/pico-sdk/lib/tinyusb/src/portable/raspberrypi/rp2040/rp2040_usb.c.obj
 *fill*         0x10008343        0x1 
 .rodata.str1.4
                0x10008344        0x7 CMakeFiles/objectExample.dir/D_/Pico_Downloads/pico-sdk/lib/tinyusb/src/portable/raspberrypi/rp2040/rp2040_usb.c.obj
 *fill*         0x1000834b        0x1 
 .rodata.__func__.0
                0x1000834c       0x12 CMakeFiles/objectExample.dir/D_/Pico_Downloads/pico-sdk/lib/tinyusb/src/portable/raspberrypi/rp2040/rp2040_usb.c.obj
 *fill*         0x1000835e        0x2 
 .rodata.__func__.1
                0x10008360       0x17 CMakeFiles/objectExample.dir/D_/Pico_Downloads/pico-sdk/lib/tinyusb/src/portable/raspberrypi/rp2040/rp2040_usb.c.obj
 *fill*         0x10008377        0x1 
 .rodata.process_set_config.str1.4
                0x10008378       0x17 CMakeFiles/objectExample.dir/D_/Pico_Downloads/pico-sdk/lib/tinyusb/src/device/usbd.c.obj
 *fill*         0x1000838f        0x1 
 .rodata.process_get_descriptor
                0x10008390       0x40 CMakeFiles/objectExample.dir/D_/Pico_Downloads/pico-sdk/lib/tinyusb/src/device/usbd.c.obj
 .rodata.dcd_event_handler.str1.4
                0x100083d0       0x46 CMakeFiles/objectExample.dir/D_/Pico_Downloads/pico-sdk/lib/tinyusb/src/device/usbd.c.obj
 *fill*         0x10008416        0x2 
 .rodata.process_control_request
                0x10008418       0x28 CMakeFiles/objectExample.dir/D_/Pico_Downloads/pico-sdk/lib/tinyusb/src/device/usbd.c.obj
 .rodata.tud_task
                0x10008440       0x24 CMakeFiles/objectExample.dir/D_/Pico_Downloads/pico-sdk/lib/tinyusb/src/device/usbd.c.obj
 .rodata.__func__.1
                0x10008464        0xf CMakeFiles/objectExample.dir/D_/Pico_Downloads/pico-sdk/lib/tinyusb/src/device/usbd.c.obj
 *fill*         0x10008473        0x1 
 .rodata.__func__.2
                0x10008474       0x14 CMakeFiles/objectExample.dir/D_/Pico_Downloads/pico-sdk/lib/tinyusb/src/device/usbd.c.obj
 .rodata.__func__.3
                0x10008488       0x10 CMakeFiles/objectExample.dir/D_/Pico_Downloads/pico-sdk/lib/tinyusb/src/device/usbd.c.obj
 .rodata.__func__.4
                0x10008498       0x17 CMakeFiles/objectExample.dir/D_/Pico_Downloads/pico-sdk/lib/tinyusb/src/device/usbd.c.obj
 *fill*         0x100084af        0x1 
 .rodata.__func__.5
                0x100084b0       0x13 CMakeFiles/objectExample.dir/D_/Pico_Downloads/pico-sdk/lib/tinyusb/src/device/usbd.c.obj
 *fill*         0x100084c3        0x1 
 .rodata.__func__.6
                0x100084c4       0x18 CMakeFiles/objectExample.dir/D_/Pico_Downloads/pico-sdk/lib/tinyusb/src/device/usbd.c.obj
 .rodata.__func__.7
                0x100084dc       0x13 CMakeFiles/objectExample.dir/D_/Pico_Downloads/pico-sdk/lib/tinyusb/src/device/usbd.c.obj
 *fill*         0x100084ef        0x1 
 .rodata.__func__.8
                0x100084f0        0x9 CMakeFiles/objectExample.dir/D_/Pico_Downloads/pico-sdk/lib/tinyusb/src/device/usbd.c.obj
 *fill*         0x100084f9        0x3 
 .rodata._usbd_driver
                0x100084fc       0x1c CMakeFiles/objectExample.dir/D_/Pico_Downloads/pico-sdk/lib/tinyusb/src/device/usbd.c.obj
 .rodata.tud_control_xfer.str1.4
                0x10008518       0x17 CMakeFiles/objectExample.dir/D_/Pico_Downloads/pico-sdk/lib/tinyusb/src/device/usbd_control.c.obj
 .rodata.__func__.0
                0x10008518       0x15 CMakeFiles/objectExample.dir/D_/Pico_Downloads/pico-sdk/lib/tinyusb/src/device/usbd_control.c.obj
 *fill*         0x1000852d        0x3 
 .rodata.__func__.1
                0x10008530       0x11 CMakeFiles/objectExample.dir/D_/Pico_Downloads/pico-sdk/lib/tinyusb/src/device/usbd_control.c.obj
 .rodata.tud_cdc_n_write_flush.str1.4
                0x10008541       0x17 CMakeFiles/objectExample.dir/D_/Pico_Downloads/pico-sdk/lib/tinyusb/src/class/cdc/cdc_device.c.obj
 *fill*         0x10008541        0x3 
 .rodata.__func__.0
                0x10008544        0xd CMakeFiles/objectExample.dir/D_/Pico_Downloads/pico-sdk/lib/tinyusb/src/class/cdc/cdc_device.c.obj
 *fill*         0x10008551        0x3 
 .rodata.__func__.1
                0x10008554        0xa CMakeFiles/objectExample.dir/D_/Pico_Downloads/pico-sdk/lib/tinyusb/src/class/cdc/cdc_device.c.obj
 *fill*         0x1000855e        0x2 
 .rodata.__func__.2
                0x10008560       0x16 CMakeFiles/objectExample.dir/D_/Pico_Downloads/pico-sdk/lib/tinyusb/src/class/cdc/cdc_device.c.obj
 .rodata.tusb_init.str1.4
                0x10008576       0x17 CMakeFiles/objectExample.dir/D_/Pico_Downloads/pico-sdk/lib/tinyusb/src/tusb.c.obj
 *fill*         0x10008576        0x2 
 .rodata.__func__.0
                0x10008578        0xa CMakeFiles/objectExample.dir/D_/Pico_Downloads/pico-sdk/lib/tinyusb/src/tusb.c.obj
                0x10008584                . = ALIGN (0x4)
 *fill*         0x10008582        0x2 
 *(SORT_BY_ALIGNMENT(SORT_BY_NAME(.flashdata*)))
                0x10008584                . = ALIGN (0x4)

.rel.dyn        0x10008584        0x0
 .rel.iplt      0x10008584        0x0 c:/progra~2/gnuarm~1/102020~1/bin/../lib/gcc/arm-none-eabi/10.2.1/thumb/v6-m/nofp/crtbegin.o

.ARM.extab
 *(.ARM.extab* .gnu.linkonce.armextab.*)
                0x10008584                __exidx_start = .

.ARM.exidx
 *(.ARM.exidx* .gnu.linkonce.armexidx.*)
                0x10008584                __exidx_end = .
                0x10008584                . = ALIGN (0x4)
                0x10008584                __binary_info_start = .

.binary_info    0x10008584       0x20
 *(.binary_info.keep.*)
 .binary_info.keep.__bi_ptr18
                0x10008584        0x4 CMakeFiles/objectExample.dir/D_/Pico_Downloads/pico-sdk/src/rp2_common/pico_standard_link/binary_info.c.obj
 .binary_info.keep.__bi_ptr26
                0x10008588        0x4 CMakeFiles/objectExample.dir/D_/Pico_Downloads/pico-sdk/src/rp2_common/pico_standard_link/binary_info.c.obj
 .binary_info.keep.__bi_ptr34
                0x1000858c        0x4 CMakeFiles/objectExample.dir/D_/Pico_Downloads/pico-sdk/src/rp2_common/pico_standard_link/binary_info.c.obj
 .binary_info.keep.__bi_ptr40
                0x10008590        0x4 CMakeFiles/objectExample.dir/D_/Pico_Downloads/pico-sdk/src/rp2_common/pico_standard_link/binary_info.c.obj
 .binary_info.keep.__bi_ptr46
                0x10008594        0x4 CMakeFiles/objectExample.dir/D_/Pico_Downloads/pico-sdk/src/rp2_common/pico_standard_link/binary_info.c.obj
 .binary_info.keep.__bi_ptr65
                0x10008598        0x4 CMakeFiles/objectExample.dir/D_/Pico_Downloads/pico-sdk/src/rp2_common/pico_standard_link/binary_info.c.obj
 .binary_info.keep.__bi_ptr71
                0x1000859c        0x4 CMakeFiles/objectExample.dir/D_/Pico_Downloads/pico-sdk/src/rp2_common/pico_standard_link/binary_info.c.obj
 *(.binary_info.*)
 .binary_info.__bi_ptr93
                0x100085a0        0x4 CMakeFiles/objectExample.dir/D_/Pico_Downloads/pico-sdk/src/rp2_common/pico_stdio_usb/stdio_usb.c.obj
                0x100085a4                __binary_info_end = .
                0x100085a4                . = ALIGN (0x4)
                0x100085a4                __etext = .

.ram_vector_table
                0x20000000       0xc0
 *(.ram_vector_table)
 .ram_vector_table
                0x20000000       0xc0 CMakeFiles/objectExample.dir/D_/Pico_Downloads/pico-sdk/src/rp2_common/pico_runtime/runtime.c.obj
                0x20000000                ram_vector_table

.data           0x200000c0      0xb20 load address 0x100085a4
                0x200000c0                __data_start__ = .
 *(vtable)
 *(.time_critical*)
 .time_critical.mutex_enter_blocking
                0x200000c0       0x64 CMakeFiles/objectExample.dir/D_/Pico_Downloads/pico-sdk/src/common/pico_sync/mutex.c.obj
                0x200000c0                mutex_enter_blocking
 .time_critical.mutex_try_enter
                0x20000124       0x44 CMakeFiles/objectExample.dir/D_/Pico_Downloads/pico-sdk/src/common/pico_sync/mutex.c.obj
                0x20000124                mutex_try_enter
 .time_critical.mutex_enter_block_until
                0x20000168       0x78 CMakeFiles/objectExample.dir/D_/Pico_Downloads/pico-sdk/src/common/pico_sync/mutex.c.obj
                0x20000168                mutex_enter_block_until
 .time_critical.mutex_enter_timeout_ms
                0x200001e0       0x4a CMakeFiles/objectExample.dir/D_/Pico_Downloads/pico-sdk/src/common/pico_sync/mutex.c.obj
                0x200001e0                mutex_enter_timeout_ms
 *fill*         0x2000022a        0x2 
 .time_critical.mutex_exit
                0x2000022c       0x4c CMakeFiles/objectExample.dir/D_/Pico_Downloads/pico-sdk/src/common/pico_sync/mutex.c.obj
                0x2000022c                mutex_exit
 *(.text*)
 .text          0x20000278        0x4 c:/progra~2/gnuarm~1/102020~1/bin/../lib/gcc/arm-none-eabi/10.2.1/thumb/v6-m/nofp\libgcc.a(_dvmd_tls.o)
                0x20000278                __aeabi_idiv0
                0x20000278                __aeabi_ldiv0
 *fill*         0x2000027c        0x4 
 .text.__stub   0x20000280       0x40 linker stubs
                0x200002c0                . = ALIGN (0x4)
 *(.rodata*)
                0x200002c0                . = ALIGN (0x4)
 *(.data*)
 .data.echoPin  0x200002c0        0x4 CMakeFiles/objectExample.dir/objectExample.cpp.obj
                0x200002c0                echoPin
 .data.trigPin  0x200002c4        0x4 CMakeFiles/objectExample.dir/objectExample.cpp.obj
                0x200002c4                trigPin
 .data.striped_spin_lock_num
                0x200002c8        0x1 CMakeFiles/objectExample.dir/D_/Pico_Downloads/pico-sdk/src/rp2_common/hardware_sync/sync.c.obj
 *fill*         0x200002c9        0x3 
 .data          0x200002cc       0x48 CMakeFiles/objectExample.dir/D_/Pico_Downloads/pico-sdk/src/rp2_common/hardware_irq/irq_handler_chain.S.obj
                0x200002cc                irq_handler_chain_slots
                0x200002fc                irq_handler_chain_first_slot
                0x20000306                irq_handler_chain_remove_tail
 *fill*         0x20000314        0xc 
 .data.aeabi_bits_funcs
                0x20000320       0x10 CMakeFiles/objectExample.dir/D_/Pico_Downloads/pico-sdk/src/rp2_common/pico_bit_ops/bit_ops_aeabi.S.obj
                0x20000320                aeabi_bits_funcs
                0x20000330                aeabi_bits_funcs_end
 .data.aeabi_mem_funcs
                0x20000330       0x10 CMakeFiles/objectExample.dir/D_/Pico_Downloads/pico-sdk/src/rp2_common/pico_mem_ops/mem_ops_aeabi.S.obj
                0x20000330                aeabi_mem_funcs
                0x20000340                aeabi_mem_funcs_end
 .data.stdio_usb
                0x20000340       0x14 CMakeFiles/objectExample.dir/D_/Pico_Downloads/pico-sdk/src/rp2_common/pico_stdio_usb/stdio_usb.c.obj
                0x20000340                stdio_usb
 .data.ep_dir_string
                0x20000354        0x8 CMakeFiles/objectExample.dir/D_/Pico_Downloads/pico-sdk/lib/tinyusb/src/portable/raspberrypi/rp2040/rp2040_usb.c.obj
                0x20000354                ep_dir_string
 .data._usbd_qdef
                0x2000035c       0x20 CMakeFiles/objectExample.dir/D_/Pico_Downloads/pico-sdk/lib/tinyusb/src/device/usbd.c.obj
                0x2000035c                _usbd_qdef
 .data.timeout  0x2000037c        0x4 ..\ultrasonic\libpico_ultrasonic_object.a(ultrasonic.c.obj)
                0x2000037c                timeout
 .data._impure_ptr
                0x20000380        0x4 c:/progra~2/gnuarm~1/102020~1/bin/../lib/gcc/arm-none-eabi/10.2.1/../../../../arm-none-eabi/lib/thumb/v6-m/nofp\libg.a(lib_a-impure.o)
                0x20000380                _impure_ptr
 *fill*         0x20000384        0x4 
 .data.impure_data
                0x20000388      0x428 c:/progra~2/gnuarm~1/102020~1/bin/../lib/gcc/arm-none-eabi/10.2.1/../../../../arm-none-eabi/lib/thumb/v6-m/nofp\libg.a(lib_a-impure.o)
 .data.__malloc_av_
                0x200007b0      0x408 c:/progra~2/gnuarm~1/102020~1/bin/../lib/gcc/arm-none-eabi/10.2.1/../../../../arm-none-eabi/lib/thumb/v6-m/nofp\libg.a(lib_a-mallocr.o)
                0x200007b0                __malloc_av_
 .data.__malloc_sbrk_base
                0x20000bb8        0x4 c:/progra~2/gnuarm~1/102020~1/bin/../lib/gcc/arm-none-eabi/10.2.1/../../../../arm-none-eabi/lib/thumb/v6-m/nofp\libg.a(lib_a-mallocr.o)
                0x20000bb8                __malloc_sbrk_base
 .data.__malloc_trim_threshold
                0x20000bbc        0x4 c:/progra~2/gnuarm~1/102020~1/bin/../lib/gcc/arm-none-eabi/10.2.1/../../../../arm-none-eabi/lib/thumb/v6-m/nofp\libg.a(lib_a-mallocr.o)
                0x20000bbc                __malloc_trim_threshold
                0x20000bc0                . = ALIGN (0x4)
 *(.after_data.*)
                0x20000bc0                . = ALIGN (0x4)
                0x20000bc0                PROVIDE (__mutex_array_start = .)
 *(SORT_BY_NAME(.mutex_array.*))
 *(.mutex_array)
 .mutex_array   0x20000bc0        0x8 CMakeFiles/objectExample.dir/D_/Pico_Downloads/pico-sdk/src/rp2_common/pico_stdio/stdio.c.obj
                0x20000bc8                PROVIDE (__mutex_array_end = .)
                0x20000bc8                . = ALIGN (0x4)
                0x20000bc8                PROVIDE (__preinit_array_start = .)
 *(SORT_BY_NAME(.preinit_array.*))
 .preinit_array.00001
                0x20000bc8        0x4 CMakeFiles/objectExample.dir/D_/Pico_Downloads/pico-sdk/src/rp2_common/pico_mem_ops/mem_ops_aeabi.S.obj
 .preinit_array.00010
                0x20000bcc        0x4 CMakeFiles/objectExample.dir/D_/Pico_Downloads/pico-sdk/src/rp2_common/pico_bit_ops/bit_ops_aeabi.S.obj
 .preinit_array.00020
                0x20000bd0        0x4 CMakeFiles/objectExample.dir/D_/Pico_Downloads/pico-sdk/src/rp2_common/pico_double/double_aeabi.S.obj
 .preinit_array.00020
                0x20000bd4        0x4 CMakeFiles/objectExample.dir/D_/Pico_Downloads/pico-sdk/src/rp2_common/pico_float/float_aeabi.S.obj
 *(.preinit_array)
                0x20000bd8                PROVIDE (__preinit_array_end = .)
                0x20000bd8                . = ALIGN (0x4)
                0x20000bd8                PROVIDE (__init_array_start = .)
 *(SORT_BY_NAME(.init_array.*))
 *(.init_array)
 .init_array    0x20000bd8        0x4 c:/progra~2/gnuarm~1/102020~1/bin/../lib/gcc/arm-none-eabi/10.2.1/thumb/v6-m/nofp/crtbegin.o
 .init_array    0x20000bdc        0x4 CMakeFiles/objectExample.dir/objectExample.cpp.obj
                0x20000be0                PROVIDE (__init_array_end = .)
                0x20000be0                . = ALIGN (0x4)
                [!provide]                PROVIDE (__fini_array_start = .)
 *(SORT_BY_NAME(.fini_array.*))
 *(.fini_array)
                [!provide]                PROVIDE (__fini_array_end = .)
 *(.jcr)
                0x20000be0                . = ALIGN (0x4)
                0x20000be0                __data_end__ = .

.igot.plt       0x20000be0        0x0 load address 0x100090c4
 .igot.plt      0x20000be0        0x0 c:/progra~2/gnuarm~1/102020~1/bin/../lib/gcc/arm-none-eabi/10.2.1/thumb/v6-m/nofp/crtbegin.o

.uninitialized_data
                0x20000be0        0x0 load address 0x100090c4
                0x20000be0                . = ALIGN (0x4)
 *(.uninitialized_data*)

.scratch_x      0x20040000        0x0 load address 0x100090c4
                0x20040000                __scratch_x_start__ = .
 *(.scratch_x.*)
                0x20040000                . = ALIGN (0x4)
                0x20040000                __scratch_x_end__ = .
                0x100090c4                __scratch_x_source__ = LOADADDR (.scratch_x)

.scratch_y      0x20041000        0x0 load address 0x100090c4
                0x20041000                __scratch_y_start__ = .
 *(.scratch_y.*)
                0x20041000                . = ALIGN (0x4)
                0x20041000                __scratch_y_end__ = .
                0x100090c4                __scratch_y_source__ = LOADADDR (.scratch_y)

.bss            0x20000be0      0xdc4
                0x20000be0                . = ALIGN (0x4)
                0x20000be0                __bss_start__ = .
 *(SORT_BY_ALIGNMENT(SORT_BY_NAME(.bss*)))
 .bss.last_avail_time.1
                0x20000be0        0x8 CMakeFiles/objectExample.dir/D_/Pico_Downloads/pico-sdk/src/rp2_common/pico_stdio_usb/stdio_usb.c.obj
 .bss           0x20000be8       0x1c c:/progra~2/gnuarm~1/102020~1/bin/../lib/gcc/arm-none-eabi/10.2.1/thumb/v6-m/nofp/crtbegin.o
 .bss.__lock___malloc_recursive_mutex
                0x20000c04        0x1 c:/progra~2/gnuarm~1/102020~1/bin/../lib/gcc/arm-none-eabi/10.2.1/../../../../arm-none-eabi/lib/thumb/v6-m/nofp\libg.a(lib_a-lock.o)
                0x20000c04                __lock___malloc_recursive_mutex
 *fill*         0x20000c05        0x3 
 .bss.__malloc_current_mallinfo
                0x20000c08       0x28 c:/progra~2/gnuarm~1/102020~1/bin/../lib/gcc/arm-none-eabi/10.2.1/../../../../arm-none-eabi/lib/thumb/v6-m/nofp\libg.a(lib_a-mallocr.o)
                0x20000c08                __malloc_current_mallinfo
 .bss.__malloc_max_sbrked_mem
                0x20000c30        0x4 c:/progra~2/gnuarm~1/102020~1/bin/../lib/gcc/arm-none-eabi/10.2.1/../../../../arm-none-eabi/lib/thumb/v6-m/nofp\libg.a(lib_a-mallocr.o)
                0x20000c30                __malloc_max_sbrked_mem
 .bss.__malloc_max_total_mem
                0x20000c34        0x4 c:/progra~2/gnuarm~1/102020~1/bin/../lib/gcc/arm-none-eabi/10.2.1/../../../../arm-none-eabi/lib/thumb/v6-m/nofp\libg.a(lib_a-mallocr.o)
                0x20000c34                __malloc_max_total_mem
 .bss.__malloc_top_pad
                0x20000c38        0x4 c:/progra~2/gnuarm~1/102020~1/bin/../lib/gcc/arm-none-eabi/10.2.1/../../../../arm-none-eabi/lib/thumb/v6-m/nofp\libg.a(lib_a-mallocr.o)
                0x20000c38                __malloc_top_pad
 .bss._app_driver
                0x20000c3c        0x4 CMakeFiles/objectExample.dir/D_/Pico_Downloads/pico-sdk/lib/tinyusb/src/device/usbd.c.obj
 .bss._cdcd_itf
                0x20000c40      0x2d0 CMakeFiles/objectExample.dir/D_/Pico_Downloads/pico-sdk/lib/tinyusb/src/class/cdc/cdc_device.c.obj
 .bss._ctrl_xfer
                0x20000f10       0x14 CMakeFiles/objectExample.dir/D_/Pico_Downloads/pico-sdk/lib/tinyusb/src/device/usbd_control.c.obj
 .bss._ubsd_mutexdef
                0x20000f24        0x8 CMakeFiles/objectExample.dir/D_/Pico_Downloads/pico-sdk/lib/tinyusb/src/device/usbd.c.obj
 .bss._usbd_ctrl_buf