Archive member included to satisfy reference by file (symbol)

c:/progra~2/gnuarm~1/102020~1/bin/../lib/gcc/arm-none-eabi/10.2.1/thumb/v6-m/nofp\libgcc.a(_dvmd_tls.o)
                              CMakeFiles/centimeter.dir/D_/Pico_Downloads/pico-sdk/src/rp2_common/pico_divider/divider.S.obj (__aeabi_idiv0)
c:/progra~2/gnuarm~1/102020~1/bin/../lib/gcc/arm-none-eabi/10.2.1/../../../../arm-none-eabi/lib/thumb/v6-m/nofp\libg.a(lib_a-calloc.o)
                              CMakeFiles/centimeter.dir/D_/Pico_Downloads/pico-sdk/src/rp2_common/pico_malloc/pico_malloc.c.obj (calloc)
c:/progra~2/gnuarm~1/102020~1/bin/../lib/gcc/arm-none-eabi/10.2.1/../../../../arm-none-eabi/lib/thumb/v6-m/nofp\libg.a(lib_a-callocr.o)
                              c:/progra~2/gnuarm~1/102020~1/bin/../lib/gcc/arm-none-eabi/10.2.1/../../../../arm-none-eabi/lib/thumb/v6-m/nofp\libg.a(lib_a-calloc.o) (_calloc_r)
c:/progra~2/gnuarm~1/102020~1/bin/../lib/gcc/arm-none-eabi/10.2.1/../../../../arm-none-eabi/lib/thumb/v6-m/nofp\libg.a(lib_a-ctype_.o)
                              CMakeFiles/centimeter.dir/D_/Pico_Downloads/pico-sdk/lib/tinyusb/src/tusb.c.obj (_ctype_)
c:/progra~2/gnuarm~1/102020~1/bin/../lib/gcc/arm-none-eabi/10.2.1/../../../../arm-none-eabi/lib/thumb/v6-m/nofp\libg.a(lib_a-impure.o)
                              c:/progra~2/gnuarm~1/102020~1/bin/../lib/gcc/arm-none-eabi/10.2.1/../../../../arm-none-eabi/lib/thumb/v6-m/nofp\libg.a(lib_a-calloc.o) (_impure_ptr)
c:/progra~2/gnuarm~1/102020~1/bin/../lib/gcc/arm-none-eabi/10.2.1/../../../../arm-none-eabi/lib/thumb/v6-m/nofp\libg.a(lib_a-init.o)
                              c:/progra~2/gnuarm~1/102020~1/bin/../lib/gcc/arm-none-eabi/10.2.1/../../../../arm-none-eabi/lib/thumb/v6-m/nofp/crt0.o (__libc_init_array)
c:/progra~2/gnuarm~1/102020~1/bin/../lib/gcc/arm-none-eabi/10.2.1/../../../../arm-none-eabi/lib/thumb/v6-m/nofp\libg.a(lib_a-malloc.o)
                              CMakeFiles/centimeter.dir/D_/Pico_Downloads/pico-sdk/src/rp2_common/pico_malloc/pico_malloc.c.obj (malloc)
c:/progra~2/gnuarm~1/102020~1/bin/../lib/gcc/arm-none-eabi/10.2.1/../../../../arm-none-eabi/lib/thumb/v6-m/nofp\libg.a(lib_a-mallocr.o)
                              c:/progra~2/gnuarm~1/102020~1/bin/../lib/gcc/arm-none-eabi/10.2.1/../../../../arm-none-eabi/lib/thumb/v6-m/nofp\libg.a(lib_a-callocr.o) (_malloc_r)
c:/progra~2/gnuarm~1/102020~1/bin/../lib/gcc/arm-none-eabi/10.2.1/../../../../arm-none-eabi/lib/thumb/v6-m/nofp\libg.a(lib_a-mlock.o)
                              c:/progra~2/gnuarm~1/102020~1/bin/../lib/gcc/arm-none-eabi/10.2.1/../../../../arm-none-eabi/lib/thumb/v6-m/nofp\libg.a(lib_a-mallocr.o) (__malloc_lock)
c:/progra~2/gnuarm~1/102020~1/bin/../lib/gcc/arm-none-eabi/10.2.1/../../../../arm-none-eabi/lib/thumb/v6-m/nofp\libg.a(lib_a-sbrkr.o)
                              c:/progra~2/gnuarm~1/102020~1/bin/../lib/gcc/arm-none-eabi/10.2.1/../../../../arm-none-eabi/lib/thumb/v6-m/nofp\libg.a(lib_a-mallocr.o) (_sbrk_r)
c:/progra~2/gnuarm~1/102020~1/bin/../lib/gcc/arm-none-eabi/10.2.1/../../../../arm-none-eabi/lib/thumb/v6-m/nofp\libg.a(lib_a-strlen-stub.o)
                              CMakeFiles/centimeter.dir/D_/Pico_Downloads/pico-sdk/src/rp2_common/pico_stdio/stdio.c.obj (strlen)
c:/progra~2/gnuarm~1/102020~1/bin/../lib/gcc/arm-none-eabi/10.2.1/../../../../arm-none-eabi/lib/thumb/v6-m/nofp\libg.a(lib_a-freer.o)
                              c:/progra~2/gnuarm~1/102020~1/bin/../lib/gcc/arm-none-eabi/10.2.1/../../../../arm-none-eabi/lib/thumb/v6-m/nofp\libg.a(lib_a-malloc.o) (_free_r)
c:/progra~2/gnuarm~1/102020~1/bin/../lib/gcc/arm-none-eabi/10.2.1/../../../../arm-none-eabi/lib/thumb/v6-m/nofp\libg.a(lib_a-lock.o)
                              c:/progra~2/gnuarm~1/102020~1/bin/../lib/gcc/arm-none-eabi/10.2.1/../../../../arm-none-eabi/lib/thumb/v6-m/nofp\libg.a(lib_a-mlock.o) (__retarget_lock_acquire_recursive)
c:/progra~2/gnuarm~1/102020~1/bin/../lib/gcc/arm-none-eabi/10.2.1/../../../../arm-none-eabi/lib/thumb/v6-m/nofp\libg.a(lib_a-reent.o)
                              c:/progra~2/gnuarm~1/102020~1/bin/../lib/gcc/arm-none-eabi/10.2.1/../../../../arm-none-eabi/lib/thumb/v6-m/nofp\libg.a(lib_a-sbrkr.o) (errno)

Discarded input sections

 .text          0x00000000        0x0 c:/progra~2/gnuarm~1/102020~1/bin/../lib/gcc/arm-none-eabi/10.2.1/thumb/v6-m/nofp/crti.o
 .data          0x00000000        0x0 c:/progra~2/gnuarm~1/102020~1/bin/../lib/gcc/arm-none-eabi/10.2.1/thumb/v6-m/nofp/crti.o
 .bss           0x00000000        0x0 c:/progra~2/gnuarm~1/102020~1/bin/../lib/gcc/arm-none-eabi/10.2.1/thumb/v6-m/nofp/crti.o
 .data          0x00000000        0x4 c:/progra~2/gnuarm~1/102020~1/bin/../lib/gcc/arm-none-eabi/10.2.1/thumb/v6-m/nofp/crtbegin.o
 .rodata        0x00000000       0x24 c:/progra~2/gnuarm~1/102020~1/bin/../lib/gcc/arm-none-eabi/10.2.1/thumb/v6-m/nofp/crtbegin.o
 .fini_array    0x00000000        0x4 c:/progra~2/gnuarm~1/102020~1/bin/../lib/gcc/arm-none-eabi/10.2.1/thumb/v6-m/nofp/crtbegin.o
[...]
Memory Configuration

Name             Origin             Length             Attributes
FLASH            0x10000000         0x00200000         xr
RAM              0x20000000         0x00040000         xrw
SCRATCH_X        0x20040000         0x00001000         xrw
SCRATCH_Y        0x20041000         0x00001000         xrw
*default*        0x00000000         0xffffffff

Linker script and memory map

LOAD c:/progra~2/gnuarm~1/102020~1/bin/../lib/gcc/arm-none-eabi/10.2.1/thumb/v6-m/nofp/crti.o
LOAD c:/progra~2/gnuarm~1/102020~1/bin/../lib/gcc/arm-none-eabi/10.2.1/thumb/v6-m/nofp/crtbegin.o
LOAD c:/progra~2/gnuarm~1/102020~1/bin/../lib/gcc/arm-none-eabi/10.2.1/../../../../arm-none-eabi/lib/thumb/v6-m/nofp/crt0.o

.flash_begin    0x10000000        0x0
                0x10000000                __flash_binary_start = .

.boot2          0x10000000      0x100
                0x10000000                __boot2_start__ = .
 *(.boot2)
 .boot2         0x10000000      0x100 C:\Users\tfkbr\AppData\Local\Temp\ccafVKwr.o
                0x10000100                __boot2_end__ = .
                0x00000001                ASSERT (((__boot2_end__ - __boot2_start__) == 0x100), ERROR: Pico second stage bootloader must be 256 bytes in size)

.text           0x10000100     0x7080
                0x10000100                __logical_binary_start = .
 *(.vectors)
 .vectors       0x10000100       0xd4 CMakeFiles/centimeter.dir/D_/Pico_Downloads/pico-sdk/src/rp2_common/pico_standard_link/crt0.S.obj
                0x10000100                __vectors
                0x100001c0                isr_invalid
                0x100001c2                isr_nmi
                0x100001c4                isr_hardfault
                0x100001c6                isr_svcall
                0x100001c8                isr_pendsv
                0x100001ca                isr_systick
                0x100001cc                isr_irq11
                0x100001cc                isr_irq5
                0x100001cc                isr_irq23
                0x100001cc                isr_irq18
                0x100001cc                isr_irq31
                0x100001cc                isr_irq28
                0x100001cc                isr_irq19
                0x100001cc                isr_irq0
                0x100001cc                isr_irq6
                0x100001cc                isr_irq27
                0x100001cc                isr_irq12
                0x100001cc                isr_irq22
                0x100001cc                isr_irq13
                0x100001cc                isr_irq17
                0x100001cc                isr_irq14
                0x100001cc                isr_irq2
                0x100001cc                isr_irq10
                0x100001cc                isr_irq8
                0x100001cc                isr_irq24
                0x100001cc                isr_irq1
                0x100001cc                isr_irq7
                0x100001cc                isr_irq21
                0x100001cc                isr_irq20
                0x100001cc                isr_irq15
                0x100001cc                isr_irq25
                0x100001cc                __unhandled_user_irq
                0x100001cc                isr_irq4
                0x100001cc                isr_irq16
                0x100001cc                isr_irq29
                0x100001cc                isr_irq26
                0x100001cc                isr_irq3
                0x100001cc                isr_irq30
                0x100001cc                isr_irq9
                0x100001d2                unhandled_user_irq_num_in_r0
 *(.binary_info_header)
 .binary_info_header
                0x100001d4       0x14 CMakeFiles/centimeter.dir/D_/Pico_Downloads/pico-sdk/src/rp2_common/pico_standard_link/crt0.S.obj
                0x100001e8                __binary_info_header_end = .
 *(.reset)
 .reset         0x100001e8       0xa8 CMakeFiles/centimeter.dir/D_/Pico_Downloads/pico-sdk/src/rp2_common/pico_standard_link/crt0.S.obj
                0x100001e8                _entry_point
                0x10000266                __get_current_exception
 .reset         0x10000290       0x30 CMakeFiles/centimeter.dir/D_/Pico_Downloads/pico-sdk/src/rp2_common/pico_standard_link/binary_info.c.obj
 *(.init)
 .init          0x100002c0        0x4 c:/progra~2/gnuarm~1/102020~1/bin/../lib/gcc/arm-none-eabi/10.2.1/thumb/v6-m/nofp/crti.o
                0x100002c0                _init
 *(EXCLUDE_FILE(*libm.a: *libc.a:*lib_a-mem*.o *libgcc.a:) .text*)
 .text          0x100002c4       0x48 c:/progra~2/gnuarm~1/102020~1/bin/../lib/gcc/arm-none-eabi/10.2.1/thumb/v6-m/nofp/crtbegin.o
 .text.main     0x1000030c       0x40 CMakeFiles/centimeter.dir/cmExample.c.obj
                0x1000030c                main
 .text.setupUltrasonicPins
                0x1000034c       0x22 CMakeFiles/centimeter.dir/ultrasonic/ultrasonic.c.obj
                0x1000034c                setupUltrasonicPins
 *fill*         0x1000036e        0x2 
 .text.getPulse
                0x10000370       0x60 CMakeFiles/centimeter.dir/ultrasonic/ultrasonic.c.obj
                0x10000370                getPulse
 .text.getCm    0x100003d0       0x10 CMakeFiles/centimeter.dir/ultrasonic/ultrasonic.c.obj
                0x100003d0                getCm
 .text.gpio_set_function
                0x100003e0       0x30 CMakeFiles/centimeter.dir/D_/Pico_Downloads/pico-sdk/src/rp2_common/hardware_gpio/gpio.c.obj
                0x100003e0                gpio_set_function
 .text.gpio_init
                0x10000410       0x16 CMakeFiles/centimeter.dir/D_/Pico_Downloads/pico-sdk/src/rp2_common/hardware_gpio/gpio.c.obj
                0x10000410                gpio_init
 *fill*         0x10000426        0x2 
 .text.hw_claim_lock
                0x10000428       0x18 CMakeFiles/centimeter.dir/D_/Pico_Downloads/pico-sdk/src/rp2_common/hardware_claim/claim.c.obj
                0x10000428                hw_claim_lock
 .text.hw_claim_unlock
                0x10000440       0x14 CMakeFiles/centimeter.dir/D_/Pico_Downloads/pico-sdk/src/rp2_common/hardware_claim/claim.c.obj
                0x10000440                hw_claim_unlock
 .text.hw_claim_or_assert
                0x10000454       0x34 CMakeFiles/centimeter.dir/D_/Pico_Downloads/pico-sdk/src/rp2_common/hardware_claim/claim.c.obj
                0x10000454                hw_claim_or_assert
 .text.hw_claim_unused_from_range
                0x10000488       0x56 CMakeFiles/centimeter.dir/D_/Pico_Downloads/pico-sdk/src/rp2_common/hardware_claim/claim.c.obj
                0x10000488                hw_claim_unused_from_range
 *fill*         0x100004de        0x2 
 .text.spin_locks_reset
                0x100004e0       0x20 CMakeFiles/centimeter.dir/D_/Pico_Downloads/pico-sdk/src/rp2_common/hardware_sync/sync.c.obj
                0x100004e0                spin_locks_reset
 .text.next_striped_spin_lock_num
                0x10000500       0x1c CMakeFiles/centimeter.dir/D_/Pico_Downloads/pico-sdk/src/rp2_common/hardware_sync/sync.c.obj
                0x10000500                next_striped_spin_lock_num
 .text.spin_lock_claim_unused
                0x1000051c       0x20 CMakeFiles/centimeter.dir/D_/Pico_Downloads/pico-sdk/src/rp2_common/hardware_sync/sync.c.obj
                0x1000051c                spin_lock_claim_unused
 .text.running_on_fpga
                0x1000053c       0x14 CMakeFiles/centimeter.dir/D_/Pico_Downloads/pico-sdk/src/rp2_common/pico_platform/platform.c.obj
                0x1000053c                running_on_fpga
 .text.sev_callback
                0x10000550        0x8 CMakeFiles/centimeter.dir/D_/Pico_Downloads/pico-sdk/src/common/pico_time/time.c.obj
 .text.timer_pool_entry_comparator
                0x10000558       0x7c CMakeFiles/centimeter.dir/D_/Pico_Downloads/pico-sdk/src/common/pico_time/time.c.obj
                0x10000558                timer_pool_entry_comparator
 .text.ph_add_child_node
                0x100005d4       0xa4 CMakeFiles/centimeter.dir/D_/Pico_Downloads/pico-sdk/src/common/pico_time/time.c.obj
 .text.ph_merge_nodes
                0x10000678       0x3e CMakeFiles/centimeter.dir/D_/Pico_Downloads/pico-sdk/src/common/pico_time/time.c.obj
 *fill*         0x100006b6        0x2 
 .text.add_alarm_under_lock
                0x100006b8      0x178 CMakeFiles/centimeter.dir/D_/Pico_Downloads/pico-sdk/src/common/pico_time/time.c.obj
 .text.alarm_pool_alarm_callback
                0x10000830      0x2e4 CMakeFiles/centimeter.dir/D_/Pico_Downloads/pico-sdk/src/common/pico_time/time.c.obj
 .text.alarm_pool_get_default
                0x10000b14       0x28 CMakeFiles/centimeter.dir/D_/Pico_Downloads/pico-sdk/src/common/pico_time/time.c.obj
                0x10000b14                alarm_pool_get_default
 .text.alarm_pool_create
                0x10000b3c       0x6c CMakeFiles/centimeter.dir/D_/Pico_Downloads/pico-sdk/src/common/pico_time/time.c.obj
                0x10000b3c                alarm_pool_create
 .text.alarm_pool_init_default
                0x10000ba8       0x20 CMakeFiles/centimeter.dir/D_/Pico_Downloads/pico-sdk/src/common/pico_time/time.c.obj
                0x10000ba8                alarm_pool_init_default
 .text.alarm_pool_add_alarm_at
                0x10000bc8      0x128 CMakeFiles/centimeter.dir/D_/Pico_Downloads/pico-sdk/src/common/pico_time/time.c.obj
                0x10000bc8                alarm_pool_add_alarm_at
 .text.alarm_pool_cancel_alarm
                0x10000cf0       0xec CMakeFiles/centimeter.dir/D_/Pico_Downloads/pico-sdk/src/common/pico_time/time.c.obj
                0x10000cf0                alarm_pool_cancel_alarm
 .text.sleep_until
                0x10000ddc       0x94 CMakeFiles/centimeter.dir/D_/Pico_Downloads/pico-sdk/src/common/pico_time/time.c.obj
                0x10000ddc                sleep_until
 .text.sleep_us
                0x10000e70       0x2c CMakeFiles/centimeter.dir/D_/Pico_Downloads/pico-sdk/src/common/pico_time/time.c.obj
                0x10000e70                sleep_us
 .text.best_effort_wfe_or_timeout
                0x10000e9c       0x80 CMakeFiles/centimeter.dir/D_/Pico_Downloads/pico-sdk/src/common/pico_time/time.c.obj
                0x10000e9c                best_effort_wfe_or_timeout
 .text.hardware_alarm_irq_handler
                0x10000f1c       0x8c CMakeFiles/centimeter.dir/D_/Pico_Downloads/pico-sdk/src/rp2_common/hardware_timer/timer.c.obj
 .text.hardware_alarm_claim
                0x10000fa8       0x18 CMakeFiles/centimeter.dir/D_/Pico_Downloads/pico-sdk/src/rp2_common/hardware_timer/timer.c.obj
                0x10000fa8                hardware_alarm_claim
 .text.time_us_64
                0x10000fc0       0x18 CMakeFiles/centimeter.dir/D_/Pico_Downloads/pico-sdk/src/rp2_common/hardware_timer/timer.c.obj
                0x10000fc0                time_us_64
 .text.busy_wait_until
                0x10000fd8       0x28 CMakeFiles/centimeter.dir/D_/Pico_Downloads/pico-sdk/src/rp2_common/hardware_timer/timer.c.obj
                0x10000fd8                busy_wait_until
 .text.hardware_alarm_set_callback
                0x10001000       0x90 CMakeFiles/centimeter.dir/D_/Pico_Downloads/pico-sdk/src/rp2_common/hardware_timer/timer.c.obj
                0x10001000                hardware_alarm_set_callback
 .text.hardware_alarm_set_target
                0x10001090       0xd0 CMakeFiles/centimeter.dir/D_/Pico_Downloads/pico-sdk/src/rp2_common/hardware_timer/timer.c.obj
                0x10001090                hardware_alarm_set_target
 .text.hardware_alarm_cancel
                0x10001160       0x40 CMakeFiles/centimeter.dir/D_/Pico_Downloads/pico-sdk/src/rp2_common/hardware_timer/timer.c.obj
                0x10001160                hardware_alarm_cancel
 .text.lock_init
                0x100011a0       0x30 CMakeFiles/centimeter.dir/D_/Pico_Downloads/pico-sdk/src/common/pico_sync/lock_core.c.obj
                0x100011a0                lock_init
 .text.mutex_init
                0x100011d0       0x1a CMakeFiles/centimeter.dir/D_/Pico_Downloads/pico-sdk/src/common/pico_sync/mutex.c.obj
                0x100011d0                mutex_init
 .text.critical_section_init_with_lock_num
                0x100011ea        0xc CMakeFiles/centimeter.dir/D_/Pico_Downloads/pico-sdk/src/common/pico_sync/critical_section.c.obj
                0x100011ea                critical_section_init_with_lock_num
 .text.critical_section_init
                0x100011f6       0x14 CMakeFiles/centimeter.dir/D_/Pico_Downloads/pico-sdk/src/common/pico_sync/critical_section.c.obj
                0x100011f6                critical_section_init
 *fill*         0x1000120a        0x2 
 .text.ph_add_child_node
                0x1000120c       0xa4 CMakeFiles/centimeter.dir/D_/Pico_Downloads/pico-sdk/src/common/pico_util/pheap.c.obj
 .text.ph_merge_nodes
                0x100012b0       0x3e CMakeFiles/centimeter.dir/D_/Pico_Downloads/pico-sdk/src/common/pico_util/pheap.c.obj
 *fill*         0x100012ee        0x2 
 .text.ph_clear
                0x100012f0       0x74 CMakeFiles/centimeter.dir/D_/Pico_Downloads/pico-sdk/src/common/pico_util/pheap.c.obj
                0x100012f0                ph_clear
 .text.ph_create
                0x10001364       0x2c CMakeFiles/centimeter.dir/D_/Pico_Downloads/pico-sdk/src/common/pico_util/pheap.c.obj
                0x10001364                ph_create
 .text.ph_merge_two_pass
                0x10001390       0xa8 CMakeFiles/centimeter.dir/D_/Pico_Downloads/pico-sdk/src/common/pico_util/pheap.c.obj
                0x10001390                ph_merge_two_pass
 .text.ph_remove_any_head
                0x10001438      0x108 CMakeFiles/centimeter.dir/D_/Pico_Downloads/pico-sdk/src/common/pico_util/pheap.c.obj
 .text.ph_remove_head_reserve
                0x10001540       0x14 CMakeFiles/centimeter.dir/D_/Pico_Downloads/pico-sdk/src/common/pico_util/pheap.c.obj
                0x10001540                ph_remove_head_reserve
 .text.ph_delete
                0x10001554       0xf8 CMakeFiles/centimeter.dir/D_/Pico_Downloads/pico-sdk/src/common/pico_util/pheap.c.obj
                0x10001554                ph_delete
 .text.runtime_init
                0x1000164c       0xcc CMakeFiles/centimeter.dir/D_/Pico_Downloads/pico-sdk/src/rp2_common/pico_runtime/runtime.c.obj
                0x1000164c                runtime_init
 .text._exit    0x10001718        0x4 CMakeFiles/centimeter.dir/D_/Pico_Downloads/pico-sdk/src/rp2_common/pico_runtime/runtime.c.obj
                0x10001718                _exit
 .text._sbrk    0x1000171c       0x38 CMakeFiles/centimeter.dir/D_/Pico_Downloads/pico-sdk/src/rp2_common/pico_runtime/runtime.c.obj
                0x1000171c                _sbrk
 .text.exit     0x10001754        0x6 CMakeFiles/centimeter.dir/D_/Pico_Downloads/pico-sdk/src/rp2_common/pico_runtime/runtime.c.obj
                0x10001754                exit
 *fill*         0x1000175a        0x2 
 .text.__assert_func
                0x1000175c       0x3c CMakeFiles/centimeter.dir/D_/Pico_Downloads/pico-sdk/src/rp2_common/pico_runtime/runtime.c.obj
                0x1000175c                __assert_func
 .text.panic    0x10001798       0x30 CMakeFiles/centimeter.dir/D_/Pico_Downloads/pico-sdk/src/rp2_common/pico_runtime/runtime.c.obj
                0x10001798                panic
 .text.clock_configure
                0x100017c8       0xe8 CMakeFiles/centimeter.dir/D_/Pico_Downloads/pico-sdk/src/rp2_common/hardware_clocks/clocks.c.obj
                0x100017c8                clock_configure
 .text.clocks_init
                0x100018b0      0x124 CMakeFiles/centimeter.dir/D_/Pico_Downloads/pico-sdk/src/rp2_common/hardware_clocks/clocks.c.obj
                0x100018b0                clocks_init
 .text.watchdog_start_tick
                0x100019d4       0x10 CMakeFiles/centimeter.dir/D_/Pico_Downloads/pico-sdk/src/rp2_common/hardware_watchdog/watchdog.c.obj
                0x100019d4                watchdog_start_tick
 .text.xosc_init
                0x100019e4       0x28 CMakeFiles/centimeter.dir/D_/Pico_Downloads/pico-sdk/src/rp2_common/hardware_xosc/xosc.c.obj
                0x100019e4                xosc_init
 .text.pll_init
                0x10001a0c       0xd4 CMakeFiles/centimeter.dir/D_/Pico_Downloads/pico-sdk/src/rp2_common/hardware_pll/pll.c.obj
                0x10001a0c                pll_init
 .text.set_raw_irq_handler_and_unlock
                0x10001ae0       0x28 CMakeFiles/centimeter.dir/D_/Pico_Downloads/pico-sdk/src/rp2_common/hardware_irq/irq.c.obj
 .text.make_branch
                0x10001b08       0x34 CMakeFiles/centimeter.dir/D_/Pico_Downloads/pico-sdk/src/rp2_common/hardware_irq/irq.c.obj
 .text.insert_branch_and_link
                0x10001b3c       0x40 CMakeFiles/centimeter.dir/D_/Pico_Downloads/pico-sdk/src/rp2_common/hardware_irq/irq.c.obj
 .text.irq_is_enabled
                0x10001b7c       0x18 CMakeFiles/centimeter.dir/D_/Pico_Downloads/pico-sdk/src/rp2_common/hardware_irq/irq.c.obj
                0x10001b7c                irq_is_enabled
 .text.irq_set_mask_enabled
                0x10001b94       0x20 CMakeFiles/centimeter.dir/D_/Pico_Downloads/pico-sdk/src/rp2_common/hardware_irq/irq.c.obj
                0x10001b94                irq_set_mask_enabled
 .text.irq_set_enabled
                0x10001bb4        0xe CMakeFiles/centimeter.dir/D_/Pico_Downloads/pico-sdk/src/rp2_common/hardware_irq/irq.c.obj
                0x10001bb4                irq_set_enabled
 *fill*         0x10001bc2        0x2 
 .text.irq_set_pending
                0x10001bc4       0x10 CMakeFiles/centimeter.dir/D_/Pico_Downloads/pico-sdk/src/rp2_common/hardware_irq/irq.c.obj
                0x10001bc4                irq_set_pending
 .text.irq_get_vtable_handler
                0x10001bd4       0x10 CMakeFiles/centimeter.dir/D_/Pico_Downloads/pico-sdk/src/rp2_common/hardware_irq/irq.c.obj
                0x10001bd4                irq_get_vtable_handler
 .text.irq_set_exclusive_handler
                0x10001be4       0x54 CMakeFiles/centimeter.dir/D_/Pico_Downloads/pico-sdk/src/rp2_common/hardware_irq/irq.c.obj
                0x10001be4                irq_set_exclusive_handler
 .text.irq_remove_handler
                0x10001c38      0x1b4 CMakeFiles/centimeter.dir/D_/Pico_Downloads/pico-sdk/src/rp2_common/hardware_irq/irq.c.obj
                0x10001c38                irq_remove_handler
 .text.irq_set_priority
                0x10001dec       0x28 CMakeFiles/centimeter.dir/D_/Pico_Downloads/pico-sdk/src/rp2_common/hardware_irq/irq.c.obj
                0x10001dec                irq_set_priority
 .text.irq_add_tail_to_free_list
                0x10001e14       0xf8 CMakeFiles/centimeter.dir/D_/Pico_Downloads/pico-sdk/src/rp2_common/hardware_irq/irq.c.obj
                0x10001e14                irq_add_tail_to_free_list
 .text.irq_init_priorities
                0x10001f0c       0x16 CMakeFiles/centimeter.dir/D_/Pico_Downloads/pico-sdk/src/rp2_common/hardware_irq/irq.c.obj
                0x10001f0c                irq_init_priorities
 .text._out_null
                0x10001f22        0x2 CMakeFiles/centimeter.dir/D_/Pico_Downloads/pico-sdk/src/rp2_common/pico_printf/printf.c.obj
 .text._out_fct
                0x10001f24        0xe CMakeFiles/centimeter.dir/D_/Pico_Downloads/pico-sdk/src/rp2_common/pico_printf/printf.c.obj
 .text._atoi    0x10001f32       0x24 CMakeFiles/centimeter.dir/D_/Pico_Downloads/pico-sdk/src/rp2_common/pico_printf/printf.c.obj
 .text._out_rev
                0x10001f56       0xae CMakeFiles/centimeter.dir/D_/Pico_Downloads/pico-sdk/src/rp2_common/pico_printf/printf.c.obj
 .text._ntoa_format
                0x10002004      0x112 CMakeFiles/centimeter.dir/D_/Pico_Downloads/pico-sdk/src/rp2_common/pico_printf/printf.c.obj
 .text._ntoa_long
                0x10002116       0xbc CMakeFiles/centimeter.dir/D_/Pico_Downloads/pico-sdk/src/rp2_common/pico_printf/printf.c.obj
 .text._ntoa_long_long
                0x100021d2       0xe2 CMakeFiles/centimeter.dir/D_/Pico_Downloads/pico-sdk/src/rp2_common/pico_printf/printf.c.obj
 .text._etoa    0x100022b4      0x404 CMakeFiles/centimeter.dir/D_/Pico_Downloads/pico-sdk/src/rp2_common/pico_printf/printf.c.obj
 .text._ftoa    0x100026b8      0x354 CMakeFiles/centimeter.dir/D_/Pico_Downloads/pico-sdk/src/rp2_common/pico_printf/printf.c.obj
 .text._vsnprintf
                0x10002a0c      0x624 CMakeFiles/centimeter.dir/D_/Pico_Downloads/pico-sdk/src/rp2_common/pico_printf/printf.c.obj
 .text.vfctprintf
                0x10003030       0x20 CMakeFiles/centimeter.dir/D_/Pico_Downloads/pico-sdk/src/rp2_common/pico_printf/printf.c.obj
                0x10003030                vfctprintf
 .text          0x10003050       0x10 CMakeFiles/centimeter.dir/D_/Pico_Downloads/pico-sdk/src/rp2_common/pico_bit_ops/bit_ops_aeabi.S.obj
 .text.rom_func_lookup
                0x10003060       0x10 CMakeFiles/centimeter.dir/D_/Pico_Downloads/pico-sdk/src/rp2_common/pico_bootrom/bootrom.c.obj
                0x10003060                rom_func_lookup
 .text.rom_data_lookup
                0x10003070       0x10 CMakeFiles/centimeter.dir/D_/Pico_Downloads/pico-sdk/src/rp2_common/pico_bootrom/bootrom.c.obj
                0x10003070                rom_data_lookup
 .text.rom_funcs_lookup
                0x10003080       0x36 CMakeFiles/centimeter.dir/D_/Pico_Downloads/pico-sdk/src/rp2_common/pico_bootrom/bootrom.c.obj
                0x10003080                rom_funcs_lookup
 *fill*         0x100030b6        0x2 
 .text.__wrap___aeabi_idiv
                0x100030b8       0x58 CMakeFiles/centimeter.dir/D_/Pico_Downloads/pico-sdk/src/rp2_common/pico_divider/divider.S.obj
                0x100030b8                __wrap___aeabi_idivmod
                0x100030b8                divmod_s32s32
                0x100030b8                div_s32s32
                0x100030b8                __wrap___aeabi_idiv
                0x100030c0                divmod_s32s32_unsafe
                0x100030ec                divmod_s32s32_savestate
 .text.__wrap___aeabi_uidiv
                0x10003110       0x54 CMakeFiles/centimeter.dir/D_/Pico_Downloads/pico-sdk/src/rp2_common/pico_divider/divider.S.obj
                0x10003110                __wrap___aeabi_uidiv
                0x10003110                __wrap___aeabi_uidivmod
                0x10003110                div_u32u32
                0x10003110                divmod_u32u32
                0x10003118                divmod_u32u32_unsafe
                0x10003140                divmod_u32u32_savestate
 .text.__wrap___aeabi_ldiv
                0x10003164      0x430 CMakeFiles/centimeter.dir/D_/Pico_Downloads/pico-sdk/src/rp2_common/pico_divider/divider.S.obj
                0x10003164                div_s64s64
                0x10003164                divmod_s64s64
                0x10003164                __wrap___aeabi_ldivmod
                0x1000319c                divmod_u64u64
                0x1000319c                div_u64u64
                0x1000319c                __wrap___aeabi_uldivmod
                0x100031ac                divmod_u64u64_savestate
                0x100031d4                divmod_s64s64_unsafe
                0x1000325c                divmod_u64u64_unsafe
 .text.__wrap___aeabi_darithmetic
                0x10003594       0x54 CMakeFiles/centimeter.dir/D_/Pico_Downloads/pico-sdk/src/rp2_common/pico_double/double_aeabi.S.obj
                0x10003594                __wrap___aeabi_drsub
                0x1000359a                __wrap___aeabi_dsub
                0x100035ac                __wrap___aeabi_dadd
                0x100035be                __wrap___aeabi_ddiv
                0x100035d0                __wrap___aeabi_dmul
 .text.__wrap___aeabi_cdcmple
                0x100035e8       0x6c CMakeFiles/centimeter.dir/D_/Pico_Downloads/pico-sdk/src/rp2_common/pico_double/double_aeabi.S.obj
                0x100035e8                __wrap___aeabi_cdrcmple
                0x100035f8                __wrap___aeabi_cdcmpeq
                0x100035f8                __wrap___aeabi_cdcmple
 .text.__wrap___aeabi_dcmplt
                0x10003654        0xc CMakeFiles/centimeter.dir/D_/Pico_Downloads/pico-sdk/src/rp2_common/pico_double/double_aeabi.S.obj
                0x10003654                __wrap___aeabi_dcmplt
 .text.__wrap___aeabi_dcmple
                0x10003660       0x10 CMakeFiles/centimeter.dir/D_/Pico_Downloads/pico-sdk/src/rp2_common/pico_double/double_aeabi.S.obj
                0x10003660                __wrap___aeabi_dcmple
 .text.__wrap___aeabi_dcmpge
                0x10003670       0x10 CMakeFiles/centimeter.dir/D_/Pico_Downloads/pico-sdk/src/rp2_common/pico_double/double_aeabi.S.obj
                0x10003670                __wrap___aeabi_dcmpge
 .text.__wrap___aeabi_dcmpgt
                0x10003680        0xa CMakeFiles/centimeter.dir/D_/Pico_Downloads/pico-sdk/src/rp2_common/pico_double/double_aeabi.S.obj
                0x10003680                __wrap___aeabi_dcmpgt
 .text.__wrap___aeabi_dcmpun
                0x1000368a       0x1c CMakeFiles/centimeter.dir/D_/Pico_Downloads/pico-sdk/src/rp2_common/pico_double/double_aeabi.S.obj
                0x1000368a                __wrap___aeabi_dcmpun
 *fill*         0x100036a6        0x2 
 .text.__wrap___aeabi_i2d
                0x100036a8       0x38 CMakeFiles/centimeter.dir/D_/Pico_Downloads/pico-sdk/src/rp2_common/pico_double/double_aeabi.S.obj
                0x100036a8                __wrap___aeabi_ui2d
                0x100036b0                __wrap___aeabi_i2d
 .text.__wrap___aeabi_d2iz
                0x100036e0       0x48 CMakeFiles/centimeter.dir/D_/Pico_Downloads/pico-sdk/src/rp2_common/pico_double/double_aeabi.S.obj
                0x100036e0                double2int_z
                0x100036e0                __wrap___aeabi_d2iz
 .text.__wrap___aeabi_d2uiz
                0x10003728       0x18 CMakeFiles/centimeter.dir/D_/Pico_Downloads/pico-sdk/src/rp2_common/pico_double/double_aeabi.S.obj
                0x10003728                __wrap___aeabi_d2uiz
                0x10003728                double2uint
 .text.__aeabi_double_init
                0x10003740       0xb8 CMakeFiles/centimeter.dir/D_/Pico_Downloads/pico-sdk/src/rp2_common/pico_double/double_init_rom.c.obj
                0x10003740                __aeabi_double_init
 .text.double_table_shim_on_use_helper
                0x100037f8       0x34 CMakeFiles/centimeter.dir/D_/Pico_Downloads/pico-sdk/src/rp2_common/pico_double/double_v1_rom_shim.S.obj
                0x100037f8                double_table_shim_on_use_helper
 .text.__wrap___aeabi_dsub
                0x1000382c       0x10 CMakeFiles/centimeter.dir/D_/Pico_Downloads/pico-sdk/src/rp2_common/pico_double/double_v1_rom_shim.S.obj
                0x1000382c                drsub_shim
                0x10003832                dsub_shim
 .text.dadd_shim
                0x1000383c      0x15c CMakeFiles/centimeter.dir/D_/Pico_Downloads/pico-sdk/src/rp2_common/pico_double/double_v1_rom_shim.S.obj
                0x1000383c                dadd_shim
 .text.dmul_shim
                0x10003998      0x15c CMakeFiles/centimeter.dir/D_/Pico_Downloads/pico-sdk/src/rp2_common/pico_double/double_v1_rom_shim.S.obj
                0x10003998                dmul_shim
 .text.ddiv_shim
                0x10003af4      0x1b0 CMakeFiles/centimeter.dir/D_/Pico_Downloads/pico-sdk/src/rp2_common/pico_double/double_v1_rom_shim.S.obj
                0x10003af4                ddiv_shim
 .text.dcordic_rot_step
                0x10003ca4       0x7c CMakeFiles/centimeter.dir/D_/Pico_Downloads/pico-sdk/src/rp2_common/pico_double/double_v1_rom_shim.S.obj
                0x10003ca4                dcordic_rot_step
 .text.double2uint_shim
                0x10003d20        0xe CMakeFiles/centimeter.dir/D_/Pico_Downloads/pico-sdk/src/rp2_common/pico_double/double_v1_rom_shim.S.obj
                0x10003d20                double2uint_shim
                0x10003d22                double2ufix_shim
 *fill*         0x10003d2e        0x2 
 .text.double2uint64_shim
                0x10003d30       0x6c CMakeFiles/centimeter.dir/D_/Pico_Downloads/pico-sdk/src/rp2_common/pico_double/double_v1_rom_shim.S.obj
                0x10003d30                double2uint64_shim
                0x10003d32                double2ufix64_shim
                0x10003d4c                d2fix_a
 .text.dunpacks
                0x10003d9c       0x3c CMakeFiles/centimeter.dir/D_/Pico_Downloads/pico-sdk/src/rp2_common/pico_double/double_v1_rom_shim.S.obj
                0x10003d9c                dunpacks
 .text.__aeabi_lmul
                0x10003dd8       0x32 CMakeFiles/centimeter.dir/D_/Pico_Downloads/pico-sdk/src/rp2_common/pico_int64_ops/pico_int64_ops_aeabi.S.obj
                0x10003dd8                __wrap___aeabi_lmul
 *fill*         0x10003e0a        0x2 
 .text.__aeabi_float_init
                0x10003e0c       0xfc CMakeFiles/centimeter.dir/D_/Pico_Downloads/pico-sdk/src/rp2_common/pico_float/float_init_rom.c.obj
                0x10003e0c                __aeabi_float_init
 .text.float_table_shim_on_use_helper
                0x10003f08       0x34 CMakeFiles/centimeter.dir/D_/Pico_Downloads/pico-sdk/src/rp2_common/pico_float/float_v1_rom_shim.S.obj
                0x10003f08                float_table_shim_on_use_helper
 .text.__wrap_malloc
                0x10003f3c        0x8 CMakeFiles/centimeter.dir/D_/Pico_Downloads/pico-sdk/src/rp2_common/pico_malloc/pico_malloc.c.obj
                0x10003f3c                __wrap_malloc
 .text.__wrap_calloc
                0x10003f44        0x8 CMakeFiles/centimeter.dir/D_/Pico_Downloads/pico-sdk/src/rp2_common/pico_malloc/pico_malloc.c.obj
                0x10003f44                __wrap_calloc
 .text          0x10003f4c       0x10 CMakeFiles/centimeter.dir/D_/Pico_Downloads/pico-sdk/src/rp2_common/pico_mem_ops/mem_ops_aeabi.S.obj
                0x10003f4c                __aeabi_mem_init
 .text.memset   0x10003f5c        0xc CMakeFiles/centimeter.dir/D_/Pico_Downloads/pico-sdk/src/rp2_common/pico_mem_ops/mem_ops_aeabi.S.obj
                0x10003f5c                __wrap_memset
 .text.memcpy   0x10003f68        0xc CMakeFiles/centimeter.dir/D_/Pico_Downloads/pico-sdk/src/rp2_common/pico_mem_ops/mem_ops_aeabi.S.obj
                0x10003f68                __wrap_memcpy
                0x10003f68                __wrap___aeabi_memcpy
 .text.stdio_out_chars_crlf
                0x10003f74       0x80 CMakeFiles/centimeter.dir/D_/Pico_Downloads/pico-sdk/src/rp2_common/pico_stdio/stdio.c.obj
 .text.stdio_stack_buffer_flush
                0x10003ff4       0x44 CMakeFiles/centimeter.dir/D_/Pico_Downloads/pico-sdk/src/rp2_common/pico_stdio/stdio.c.obj
 .text.stdio_buffered_printer
                0x10004038       0x20 CMakeFiles/centimeter.dir/D_/Pico_Downloads/pico-sdk/src/rp2_common/pico_stdio/stdio.c.obj
 .text.stdout_serialize_begin
                0x10004058       0x2c CMakeFiles/centimeter.dir/D_/Pico_Downloads/pico-sdk/src/rp2_common/pico_stdio/stdio.c.obj
                0x10004058                stdout_serialize_begin
 .text.stdout_serialize_end
                0x10004084       0x10 CMakeFiles/centimeter.dir/D_/Pico_Downloads/pico-sdk/src/rp2_common/pico_stdio/stdio.c.obj
                0x10004084                stdout_serialize_end
 .text.stdio_put_string
                0x10004094       0x84 CMakeFiles/centimeter.dir/D_/Pico_Downloads/pico-sdk/src/rp2_common/pico_stdio/stdio.c.obj
 .text.stdio_set_driver_enabled
                0x10004118       0x38 CMakeFiles/centimeter.dir/D_/Pico_Downloads/pico-sdk/src/rp2_common/pico_stdio/stdio.c.obj
                0x10004118                stdio_set_driver_enabled
 .text.stdio_flush
                0x10004150       0x20 CMakeFiles/centimeter.dir/D_/Pico_Downloads/pico-sdk/src/rp2_common/pico_stdio/stdio.c.obj
                0x10004150                stdio_flush
 .text.__wrap_puts
                0x10004170       0x1c CMakeFiles/centimeter.dir/D_/Pico_Downloads/pico-sdk/src/rp2_common/pico_stdio/stdio.c.obj
                0x10004170                __wrap_puts
 .text.__wrap_vprintf
                0x1000418c       0x44 CMakeFiles/centimeter.dir/D_/Pico_Downloads/pico-sdk/src/rp2_common/pico_stdio/stdio.c.obj
                0x1000418c                __wrap_vprintf
 .text.__wrap_printf
                0x100041d0       0x18 CMakeFiles/centimeter.dir/D_/Pico_Downloads/pico-sdk/src/rp2_common/pico_stdio/stdio.c.obj
                0x100041d0                __wrap_printf
 .text.stdio_init_all
                0x100041e8        0x8 CMakeFiles/centimeter.dir/D_/Pico_Downloads/pico-sdk/src/rp2_common/pico_stdio/stdio.c.obj
                0x100041e8                stdio_init_all
 .text.stdio_usb_in_chars
                0x100041f0       0x70 CMakeFiles/centimeter.dir/D_/Pico_Downloads/pico-sdk/src/rp2_common/pico_stdio_usb/stdio_usb.c.obj
                0x100041f0                stdio_usb_in_chars
 .text.low_priority_worker_irq
                0x10004260       0x20 CMakeFiles/centimeter.dir/D_/Pico_Downloads/pico-sdk/src/rp2_common/pico_stdio_usb/stdio_usb.c.obj
 .text.stdio_usb_out_chars
                0x10004280       0xd4 CMakeFiles/centimeter.dir/D_/Pico_Downloads/pico-sdk/src/rp2_common/pico_stdio_usb/stdio_usb.c.obj
 .text.timer_task
                0x10004354       0x10 CMakeFiles/centimeter.dir/D_/Pico_Downloads/pico-sdk/src/rp2_common/pico_stdio_usb/stdio_usb.c.obj
 .text.stdio_usb_init
                0x10004364       0x90 CMakeFiles/centimeter.dir/D_/Pico_Downloads/pico-sdk/src/rp2_common/pico_stdio_usb/stdio_usb.c.obj
                0x10004364                stdio_usb_init
 .text.tud_descriptor_device_cb
                0x100043f4        0x8 CMakeFiles/centimeter.dir/D_/Pico_Downloads/pico-sdk/src/rp2_common/pico_stdio_usb/stdio_usb_descriptors.c.obj
                0x100043f4                tud_descriptor_device_cb
 .text.tud_descriptor_configuration_cb
                0x100043fc        0x8 CMakeFiles/centimeter.dir/D_/Pico_Downloads/pico-sdk/src/rp2_common/pico_stdio_usb/stdio_usb_descriptors.c.obj
                0x100043fc                tud_descriptor_configuration_cb
 .text.tud_descriptor_string_cb
                0x10004404       0x50 CMakeFiles/centimeter.dir/D_/Pico_Downloads/pico-sdk/src/rp2_common/pico_stdio_usb/stdio_usb_descriptors.c.obj
                0x10004404                tud_descriptor_string_cb
 .text.hw_endpoint_get_by_addr
                0x10004454       0x1c CMakeFiles/centimeter.dir/D_/Pico_Downloads/pico-sdk/lib/tinyusb/src/portable/raspberrypi/rp2040/dcd_rp2040.c.obj
 .text.reset_ep0
                0x10004470       0x2c CMakeFiles/centimeter.dir/D_/Pico_Downloads/pico-sdk/lib/tinyusb/src/portable/raspberrypi/rp2040/dcd_rp2040.c.obj
 .text._hw_endpoint_alloc
                0x1000449c       0x7c CMakeFiles/centimeter.dir/D_/Pico_Downloads/pico-sdk/lib/tinyusb/src/portable/raspberrypi/rp2040/dcd_rp2040.c.obj
 .text._hw_endpoint_init
                0x10004518       0xbc CMakeFiles/centimeter.dir/D_/Pico_Downloads/pico-sdk/lib/tinyusb/src/portable/raspberrypi/rp2040/dcd_rp2040.c.obj
 .text.hw_endpoint_init
                0x100045d4       0x18 CMakeFiles/centimeter.dir/D_/Pico_Downloads/pico-sdk/lib/tinyusb/src/portable/raspberrypi/rp2040/dcd_rp2040.c.obj
 .text.hw_handle_buff_status
                0x100045ec       0xb8 CMakeFiles/centimeter.dir/D_/Pico_Downloads/pico-sdk/lib/tinyusb/src/portable/raspberrypi/rp2040/dcd_rp2040.c.obj
 .text.dcd_rp2040_irq
                0x100046a4       0x8c CMakeFiles/centimeter.dir/D_/Pico_Downloads/pico-sdk/lib/tinyusb/src/portable/raspberrypi/rp2040/dcd_rp2040.c.obj
 .text.hw_endpoint_xfer
                0x10004730       0x18 CMakeFiles/centimeter.dir/D_/Pico_Downloads/pico-sdk/lib/tinyusb/src/portable/raspberrypi/rp2040/dcd_rp2040.c.obj
 .text.ep0_0len_status
                0x10004748       0x14 CMakeFiles/centimeter.dir/D_/Pico_Downloads/pico-sdk/lib/tinyusb/src/portable/raspberrypi/rp2040/dcd_rp2040.c.obj
 .text._hw_endpoint_stall
                0x1000475c       0x54 CMakeFiles/centimeter.dir/D_/Pico_Downloads/pico-sdk/lib/tinyusb/src/portable/raspberrypi/rp2040/dcd_rp2040.c.obj
 .text.hw_endpoint_stall
                0x100047b0        0xc CMakeFiles/centimeter.dir/D_/Pico_Downloads/pico-sdk/lib/tinyusb/src/portable/raspberrypi/rp2040/dcd_rp2040.c.obj
 .text._hw_endpoint_clear_stall
                0x100047bc       0x34 CMakeFiles/centimeter.dir/D_/Pico_Downloads/pico-sdk/lib/tinyusb/src/portable/raspberrypi/rp2040/dcd_rp2040.c.obj
 .text.hw_endpoint_clear_stall
                0x100047f0        0xc CMakeFiles/centimeter.dir/D_/Pico_Downloads/pico-sdk/lib/tinyusb/src/portable/raspberrypi/rp2040/dcd_rp2040.c.obj
 .text.dcd_int_enable
                0x100047fc       0x2c CMakeFiles/centimeter.dir/D_/Pico_Downloads/pico-sdk/lib/tinyusb/src/portable/raspberrypi/rp2040/dcd_rp2040.c.obj
                0x100047fc                dcd_int_enable
 .text.dcd_set_address
                0x10004828       0x30 CMakeFiles/centimeter.dir/D_/Pico_Downloads/pico-sdk/lib/tinyusb/src/portable/raspberrypi/rp2040/dcd_rp2040.c.obj
                0x10004828                dcd_set_address
 .text.dcd_connect
                0x10004858       0x30 CMakeFiles/centimeter.dir/D_/Pico_Downloads/pico-sdk/lib/tinyusb/src/portable/raspberrypi/rp2040/dcd_rp2040.c.obj
                0x10004858                dcd_connect
 .text.dcd_init
                0x10004888       0x90 CMakeFiles/centimeter.dir/D_/Pico_Downloads/pico-sdk/lib/tinyusb/src/portable/raspberrypi/rp2040/dcd_rp2040.c.obj
                0x10004888                dcd_init
 .text.dcd_edpt0_status_complete
                0x10004918       0x44 CMakeFiles/centimeter.dir/D_/Pico_Downloads/pico-sdk/lib/tinyusb/src/portable/raspberrypi/rp2040/dcd_rp2040.c.obj
                0x10004918                dcd_edpt0_status_complete
 .text.dcd_edpt_open
                0x1000495c       0x40 CMakeFiles/centimeter.dir/D_/Pico_Downloads/pico-sdk/lib/tinyusb/src/portable/raspberrypi/rp2040/dcd_rp2040.c.obj
                0x1000495c                dcd_edpt_open
 .text.dcd_edpt_xfer
                0x1000499c       0x34 CMakeFiles/centimeter.dir/D_/Pico_Downloads/pico-sdk/lib/tinyusb/src/portable/raspberrypi/rp2040/dcd_rp2040.c.obj
                0x1000499c                dcd_edpt_xfer
 .text.dcd_edpt_stall
                0x100049d0       0x28 CMakeFiles/centimeter.dir/D_/Pico_Downloads/pico-sdk/lib/tinyusb/src/portable/raspberrypi/rp2040/dcd_rp2040.c.obj
                0x100049d0                dcd_edpt_stall
 .text.dcd_edpt_clear_stall
                0x100049f8       0x28 CMakeFiles/centimeter.dir/D_/Pico_Downloads/pico-sdk/lib/tinyusb/src/portable/raspberrypi/rp2040/dcd_rp2040.c.obj
                0x100049f8                dcd_edpt_clear_stall
 .text.rp2040_usb_init
                0x10004a20       0x50 CMakeFiles/centimeter.dir/D_/Pico_Downloads/pico-sdk/lib/tinyusb/src/portable/raspberrypi/rp2040/rp2040_usb.c.obj
                0x10004a20                rp2040_usb_init
 .text.hw_endpoint_reset_transfer
                0x10004a70       0x14 CMakeFiles/centimeter.dir/D_/Pico_Downloads/pico-sdk/lib/tinyusb/src/portable/raspberrypi/rp2040/rp2040_usb.c.obj
                0x10004a70                hw_endpoint_reset_transfer
 .text._hw_endpoint_buffer_control_update32
                0x10004a84       0x54 CMakeFiles/centimeter.dir/D_/Pico_Downloads/pico-sdk/lib/tinyusb/src/portable/raspberrypi/rp2040/rp2040_usb.c.obj
                0x10004a84                _hw_endpoint_buffer_control_update32
 .text._hw_endpoint_start_next_buffer
                0x10004ad8       0x5a CMakeFiles/centimeter.dir/D_/Pico_Downloads/pico-sdk/lib/tinyusb/src/portable/raspberrypi/rp2040/rp2040_usb.c.obj
                0x10004ad8                _hw_endpoint_start_next_buffer
 .text._hw_endpoint_xfer_start
                0x10004b32       0x46 CMakeFiles/centimeter.dir/D_/Pico_Downloads/pico-sdk/lib/tinyusb/src/portable/raspberrypi/rp2040/rp2040_usb.c.obj
                0x10004b32                _hw_endpoint_xfer_start
 .text._hw_endpoint_xfer_sync
                0x10004b78       0x74 CMakeFiles/centimeter.dir/D_/Pico_Downloads/pico-sdk/lib/tinyusb/src/portable/raspberrypi/rp2040/rp2040_usb.c.obj
                0x10004b78                _hw_endpoint_xfer_sync
 .text._hw_endpoint_xfer_continue
                0x10004bec       0x58 CMakeFiles/centimeter.dir/D_/Pico_Downloads/pico-sdk/lib/tinyusb/src/portable/raspberrypi/rp2040/rp2040_usb.c.obj
                0x10004bec                _hw_endpoint_xfer_continue
 .text._hw_endpoint_xfer
                0x10004c44       0x34 CMakeFiles/centimeter.dir/D_/Pico_Downloads/pico-sdk/lib/tinyusb/src/portable/raspberrypi/rp2040/rp2040_usb.c.obj
                0x10004c44                _hw_endpoint_xfer
 .text.mark_interface_endpoint
                0x10004c78       0x2a CMakeFiles/centimeter.dir/D_/Pico_Downloads/pico-sdk/lib/tinyusb/src/device/usbd.c.obj
 *fill*         0x10004ca2        0x2 
 .text.usbd_reset
                0x10004ca4       0x88 CMakeFiles/centimeter.dir/D_/Pico_Downloads/pico-sdk/lib/tinyusb/src/device/usbd.c.obj
 .text.invoke_class_control
                0x10004d2c       0x18 CMakeFiles/centimeter.dir/D_/Pico_Downloads/pico-sdk/lib/tinyusb/src/device/usbd.c.obj
 .text.process_set_config
                0x10004d44      0x1d0 CMakeFiles/centimeter.dir/D_/Pico_Downloads/pico-sdk/lib/tinyusb/src/device/usbd.c.obj
 .text.process_get_descriptor
                0x10004f14       0xf4 CMakeFiles/centimeter.dir/D_/Pico_Downloads/pico-sdk/lib/tinyusb/src/device/usbd.c.obj
 .text.tud_mounted
                0x10005008       0x10 CMakeFiles/centimeter.dir/D_/Pico_Downloads/pico-sdk/lib/tinyusb/src/device/usbd.c.obj
                0x10005008                tud_mounted
 .text.tud_suspended
                0x10005018       0x10 CMakeFiles/centimeter.dir/D_/Pico_Downloads/pico-sdk/lib/tinyusb/src/device/usbd.c.obj
                0x10005018                tud_suspended
 .text.tud_init
                0x10005028       0xb8 CMakeFiles/centimeter.dir/D_/Pico_Downloads/pico-sdk/lib/tinyusb/src/device/usbd.c.obj
                0x10005028                tud_init
 .text.dcd_event_handler
                0x100050e0      0x1c4 CMakeFiles/centimeter.dir/D_/Pico_Downloads/pico-sdk/lib/tinyusb/src/device/usbd.c.obj
                0x100050e0                dcd_event_handler
 .text.dcd_event_bus_signal
                0x100052a4       0x26 CMakeFiles/centimeter.dir/D_/Pico_Downloads/pico-sdk/lib/tinyusb/src/device/usbd.c.obj
                0x100052a4                dcd_event_bus_signal
 .text.dcd_event_setup_received
                0x100052ca       0x34 CMakeFiles/centimeter.dir/D_/Pico_Downloads/pico-sdk/lib/tinyusb/src/device/usbd.c.obj
                0x100052ca                dcd_event_setup_received
 .text.dcd_event_xfer_complete
                0x100052fe       0x44 CMakeFiles/centimeter.dir/D_/Pico_Downloads/pico-sdk/lib/tinyusb/src/device/usbd.c.obj
                0x100052fe                dcd_event_xfer_complete
 .text.usbd_edpt_open
                0x10005342        0x8 CMakeFiles/centimeter.dir/D_/Pico_Downloads/pico-sdk/lib/tinyusb/src/device/usbd.c.obj
                0x10005342                usbd_edpt_open
 *fill*         0x1000534a        0x2 
 .text.usbd_open_edpt_pair
                0x1000534c       0x8c CMakeFiles/centimeter.dir/D_/Pico_Downloads/pico-sdk/lib/tinyusb/src/device/usbd.c.obj
                0x1000534c                usbd_open_edpt_pair
 .text.usbd_edpt_claim
                0x100053d8       0x8c CMakeFiles/centimeter.dir/D_/Pico_Downloads/pico-sdk/lib/tinyusb/src/device/usbd.c.obj
                0x100053d8                usbd_edpt_claim
 .text.usbd_edpt_release
                0x10005464       0x68 CMakeFiles/centimeter.dir/D_/Pico_Downloads/pico-sdk/lib/tinyusb/src/device/usbd.c.obj
                0x10005464                usbd_edpt_release
 .text.usbd_edpt_xfer
                0x100054cc       0x80 CMakeFiles/centimeter.dir/D_/Pico_Downloads/pico-sdk/lib/tinyusb/src/device/usbd.c.obj
                0x100054cc                usbd_edpt_xfer
 .text.usbd_edpt_stall
                0x1000554c       0x2c CMakeFiles/centimeter.dir/D_/Pico_Downloads/pico-sdk/lib/tinyusb/src/device/usbd.c.obj
                0x1000554c                usbd_edpt_stall
 .text.usbd_edpt_clear_stall
                0x10005578       0x2c CMakeFiles/centimeter.dir/D_/Pico_Downloads/pico-sdk/lib/tinyusb/src/device/usbd.c.obj
                0x10005578                usbd_edpt_clear_stall
 .text.usbd_edpt_stalled
                0x100055a4       0x1c CMakeFiles/centimeter.dir/D_/Pico_Downloads/pico-sdk/lib/tinyusb/src/device/usbd.c.obj
                0x100055a4                usbd_edpt_stalled
 .text.process_control_request
                0x100055c0      0x37c CMakeFiles/centimeter.dir/D_/Pico_Downloads/pico-sdk/lib/tinyusb/src/device/usbd.c.obj
 .text.tud_task
                0x1000593c      0x204 CMakeFiles/centimeter.dir/D_/Pico_Downloads/pico-sdk/lib/tinyusb/src/device/usbd.c.obj
                0x1000593c                tud_task
 .text._data_stage_xact
                0x10005b40       0x58 CMakeFiles/centimeter.dir/D_/Pico_Downloads/pico-sdk/lib/tinyusb/src/device/usbd_control.c.obj
 .text.tud_control_status
                0x10005b98       0x38 CMakeFiles/centimeter.dir/D_/Pico_Downloads/pico-sdk/lib/tinyusb/src/device/usbd_control.c.obj
                0x10005b98                tud_control_status
 .text.tud_control_xfer
                0x10005bd0       0xa8 CMakeFiles/centimeter.dir/D_/Pico_Downloads/pico-sdk/lib/tinyusb/src/device/usbd_control.c.obj
                0x10005bd0                tud_control_xfer
 .text.usbd_control_reset
                0x10005c78       0x14 CMakeFiles/centimeter.dir/D_/Pico_Downloads/pico-sdk/lib/tinyusb/src/device/usbd_control.c.obj
                0x10005c78                usbd_control_reset
 .text.usbd_control_set_complete_callback
                0x10005c8c        0xc CMakeFiles/centimeter.dir/D_/Pico_Downloads/pico-sdk/lib/tinyusb/src/device/usbd_control.c.obj
                0x10005c8c                usbd_control_set_complete_callback
 .text.usbd_control_set_request
                0x10005c98       0x1c CMakeFiles/centimeter.dir/D_/Pico_Downloads/pico-sdk/lib/tinyusb/src/device/usbd_control.c.obj
                0x10005c98                usbd_control_set_request
 .text.usbd_control_xfer_cb
                0x10005cb4       0xe8 CMakeFiles/centimeter.dir/D_/Pico_Downloads/pico-sdk/lib/tinyusb/src/device/usbd_control.c.obj
                0x10005cb4                usbd_control_xfer_cb
 .text._prep_out_transaction
                0x10005d9c       0x46 CMakeFiles/centimeter.dir/D_/Pico_Downloads/pico-sdk/lib/tinyusb/src/class/cdc/cdc_device.c.obj
 *fill*         0x10005de2        0x2 
 .text.tud_cdc_n_connected
                0x10005de4       0x48 CMakeFiles/centimeter.dir/D_/Pico_Downloads/pico-sdk/lib/tinyusb/src/class/cdc/cdc_device.c.obj
                0x10005de4                tud_cdc_n_connected
 .text.tud_cdc_n_available
                0x10005e2c       0x20 CMakeFiles/centimeter.dir/D_/Pico_Downloads/pico-sdk/lib/tinyusb/src/class/cdc/cdc_device.c.obj
                0x10005e2c                tud_cdc_n_available
 .text.tud_cdc_n_read
                0x10005e4c       0x30 CMakeFiles/centimeter.dir/D_/Pico_Downloads/pico-sdk/lib/tinyusb/src/class/cdc/cdc_device.c.obj
                0x10005e4c                tud_cdc_n_read
 .text.tud_cdc_n_write_flush
                0x10005e7c       0xc4 CMakeFiles/centimeter.dir/D_/Pico_Downloads/pico-sdk/lib/tinyusb/src/class/cdc/cdc_device.c.obj
                0x10005e7c                tud_cdc_n_write_flush
 .text.tud_cdc_n_write
                0x10005f40       0x38 CMakeFiles/centimeter.dir/D_/Pico_Downloads/pico-sdk/lib/tinyusb/src/class/cdc/cdc_device.c.obj
                0x10005f40                tud_cdc_n_write
 .text.tud_cdc_n_write_available
                0x10005f78       0x20 CMakeFiles/centimeter.dir/D_/Pico_Downloads/pico-sdk/lib/tinyusb/src/class/cdc/cdc_device.c.obj
                0x10005f78                tud_cdc_n_write_available
 .text.cdcd_init
                0x10005f98       0xdc CMakeFiles/centimeter.dir/D_/Pico_Downloads/pico-sdk/lib/tinyusb/src/class/cdc/cdc_device.c.obj
                0x10005f98                cdcd_init
 .text.cdcd_reset
                0x10006074       0x44 CMakeFiles/centimeter.dir/D_/Pico_Downloads/pico-sdk/lib/tinyusb/src/class/cdc/cdc_device.c.obj
                0x10006074                cdcd_reset
 .text.cdcd_open
                0x100060b8      0x118 CMakeFiles/centimeter.dir/D_/Pico_Downloads/pico-sdk/lib/tinyusb/src/class/cdc/cdc_device.c.obj
                0x100060b8                cdcd_open
 .text.cdcd_control_complete
                0x100061d0       0x60 CMakeFiles/centimeter.dir/D_/Pico_Downloads/pico-sdk/lib/tinyusb/src/class/cdc/cdc_device.c.obj
                0x100061d0                cdcd_control_complete
 .text.cdcd_control_request
                0x10006230       0x9c CMakeFiles/centimeter.dir/D_/Pico_Downloads/pico-sdk/lib/tinyusb/src/class/cdc/cdc_device.c.obj
                0x10006230                cdcd_control_request
 .text.cdcd_xfer_cb
                0x100062cc      0x130 CMakeFiles/centimeter.dir/D_/Pico_Downloads/pico-sdk/lib/tinyusb/src/class/cdc/cdc_device.c.obj
                0x100062cc                cdcd_xfer_cb
 .text.tusb_init
                0x100063fc       0x38 CMakeFiles/centimeter.dir/D_/Pico_Downloads/pico-sdk/lib/tinyusb/src/tusb.c.obj
                0x100063fc                tusb_init
 .text.tusb_inited
                0x10006434        0xc CMakeFiles/centimeter.dir/D_/Pico_Downloads/pico-sdk/lib/tinyusb/src/tusb.c.obj
                0x10006434                tusb_inited
 .text.advance_pointer
                0x10006440       0x1e CMakeFiles/centimeter.dir/D_/Pico_Downloads/pico-sdk/lib/tinyusb/src/common/tusb_fifo.c.obj
 .text.backward_pointer
                0x1000645e       0x1a CMakeFiles/centimeter.dir/D_/Pico_Downloads/pico-sdk/lib/tinyusb/src/common/tusb_fifo.c.obj
 .text.get_relative_pointer
                0x10006478       0x16 CMakeFiles/centimeter.dir/D_/Pico_Downloads/pico-sdk/lib/tinyusb/src/common/tusb_fifo.c.obj
 .text.tu_fifo_lock
                0x1000648e       0x12 CMakeFiles/centimeter.dir/D_/Pico_Downloads/pico-sdk/lib/tinyusb/src/common/tusb_fifo.c.obj
 .text.tu_fifo_unlock
                0x100064a0        0xe CMakeFiles/centimeter.dir/D_/Pico_Downloads/pico-sdk/lib/tinyusb/src/common/tusb_fifo.c.obj
 .text._tu_fifo_peek_at
                0x100064ae       0x66 CMakeFiles/centimeter.dir/D_/Pico_Downloads/pico-sdk/lib/tinyusb/src/common/tusb_fifo.c.obj
 .text._ff_pull_n
                0x10006514       0x4a CMakeFiles/centimeter.dir/D_/Pico_Downloads/pico-sdk/lib/tinyusb/src/common/tusb_fifo.c.obj
 .text._tu_fifo_peek_at_n
                0x1000655e       0x72 CMakeFiles/centimeter.dir/D_/Pico_Downloads/pico-sdk/lib/tinyusb/src/common/tusb_fifo.c.obj
 .text._ff_push_n
                0x100065d0       0x4a CMakeFiles/centimeter.dir/D_/Pico_Downloads/pico-sdk/lib/tinyusb/src/common/tusb_fifo.c.obj
 .text.tu_fifo_config
                0x1000661a       0x48 CMakeFiles/centimeter.dir/D_/Pico_Downloads/pico-sdk/lib/tinyusb/src/common/tusb_fifo.c.obj
                0x1000661a                tu_fifo_config
 .text.tu_fifo_count
                0x10006662       0x1c CMakeFiles/centimeter.dir/D_/Pico_Downloads/pico-sdk/lib/tinyusb/src/common/tusb_fifo.c.obj
                0x10006662                tu_fifo_count
 .text.tu_fifo_remaining
                0x1000667e       0x20 CMakeFiles/centimeter.dir/D_/Pico_Downloads/pico-sdk/lib/tinyusb/src/common/tusb_fifo.c.obj
                0x1000667e                tu_fifo_remaining
 .text.tu_fifo_read
                0x1000669e       0x3a CMakeFiles/centimeter.dir/D_/Pico_Downloads/pico-sdk/lib/tinyusb/src/common/tusb_fifo.c.obj
                0x1000669e                tu_fifo_read
 .text.tu_fifo_read_n
                0x100066d8       0x3e CMakeFiles/centimeter.dir/D_/Pico_Downloads/pico-sdk/lib/tinyusb/src/common/tusb_fifo.c.obj
                0x100066d8                tu_fifo_read_n
 .text.tu_fifo_write
                0x10006716       0x5c CMakeFiles/centimeter.dir/D_/Pico_Downloads/pico-sdk/lib/tinyusb/src/common/tusb_fifo.c.obj
                0x10006716                tu_fifo_write
 .text.tu_fifo_write_n
                0x10006772       0x7c CMakeFiles/centimeter.dir/D_/Pico_Downloads/pico-sdk/lib/tinyusb/src/common/tusb_fifo.c.obj
                0x10006772                tu_fifo_write_n
 .text.tu_fifo_clear
                0x100067ee       0x18 CMakeFiles/centimeter.dir/D_/Pico_Downloads/pico-sdk/lib/tinyusb/src/common/tusb_fifo.c.obj
                0x100067ee                tu_fifo_clear
 *fill*         0x10006806        0x2 
 .text.calloc   0x10006808       0x18 c:/progra~2/gnuarm~1/102020~1/bin/../lib/gcc/arm-none-eabi/10.2.1/../../../../arm-none-eabi/lib/thumb/v6-m/nofp\libg.a(lib_a-calloc.o)
                0x10006808                calloc
 .text._calloc_r
                0x10006820       0x5c c:/progra~2/gnuarm~1/102020~1/bin/../lib/gcc/arm-none-eabi/10.2.1/../../../../arm-none-eabi/lib/thumb/v6-m/nofp\libg.a(lib_a-callocr.o)
                0x10006820                _calloc_r
 .text.malloc   0x1000687c       0x14 c:/progra~2/gnuarm~1/102020~1/bin/../lib/gcc/arm-none-eabi/10.2.1/../../../../arm-none-eabi/lib/thumb/v6-m/nofp\libg.a(lib_a-malloc.o)
                0x1000687c                malloc
 .text._malloc_r
                0x10006890      0x580 c:/progra~2/gnuarm~1/102020~1/bin/../lib/gcc/arm-none-eabi/10.2.1/../../../../arm-none-eabi/lib/thumb/v6-m/nofp\libg.a(lib_a-mallocr.o)
                0x10006890                _malloc_r
 .text.__malloc_lock
                0x10006e10       0x10 c:/progra~2/gnuarm~1/102020~1/bin/../lib/gcc/arm-none-eabi/10.2.1/../../../../arm-none-eabi/lib/thumb/v6-m/nofp\libg.a(lib_a-mlock.o)
                0x10006e10                __malloc_lock
 .text.__malloc_unlock
                0x10006e20       0x10 c:/progra~2/gnuarm~1/102020~1/bin/../lib/gcc/arm-none-eabi/10.2.1/../../../../arm-none-eabi/lib/thumb/v6-m/nofp\libg.a(lib_a-mlock.o)
                0x10006e20                __malloc_unlock
 .text._sbrk_r  0x10006e30       0x24 c:/progra~2/gnuarm~1/102020~1/bin/../lib/gcc/arm-none-eabi/10.2.1/../../../../arm-none-eabi/lib/thumb/v6-m/nofp\libg.a(lib_a-sbrkr.o)
                0x10006e30                _sbrk_r
 .text.strlen   0x10006e54       0x5c c:/progra~2/gnuarm~1/102020~1/bin/../lib/gcc/arm-none-eabi/10.2.1/../../../../arm-none-eabi/lib/thumb/v6-m/nofp\libg.a(lib_a-strlen-stub.o)
                0x10006e54                strlen
 .text._malloc_trim_r
                0x10006eb0       0x9c c:/progra~2/gnuarm~1/102020~1/bin/../lib/gcc/arm-none-eabi/10.2.1/../../../../arm-none-eabi/lib/thumb/v6-m/nofp\libg.a(lib_a-freer.o)
                0x10006eb0                _malloc_trim_r
 .text._free_r  0x10006f4c      0x1c4 c:/progra~2/gnuarm~1/102020~1/bin/../lib/gcc/arm-none-eabi/10.2.1/../../../../arm-none-eabi/lib/thumb/v6-m/nofp\libg.a(lib_a-freer.o)
                0x10006f4c                _free_r
 .text.__retarget_lock_acquire_recursive
                0x10007110        0x4 c:/progra~2/gnuarm~1/102020~1/bin/../lib/gcc/arm-none-eabi/10.2.1/../../../../arm-none-eabi/lib/thumb/v6-m/nofp\libg.a(lib_a-lock.o)
                0x10007110                __retarget_lock_acquire_recursive
 .text.__retarget_lock_release_recursive
                0x10007114        0x4 c:/progra~2/gnuarm~1/102020~1/bin/../lib/gcc/arm-none-eabi/10.2.1/../../../../arm-none-eabi/lib/thumb/v6-m/nofp\libg.a(lib_a-lock.o)
                0x10007114                __retarget_lock_release_recursive
 *(.fini)
 .fini          0x10007118        0x4 c:/progra~2/gnuarm~1/102020~1/bin/../lib/gcc/arm-none-eabi/10.2.1/thumb/v6-m/nofp/crti.o
                0x10007118                _fini
 *fill*         0x1000711c        0x4 
 .fini.__stub   0x10007120       0x60 linker stubs
 *crtbegin.o(.ctors)
 *crtbegin?.o(.ctors)
 *(EXCLUDE_FILE(*crtend.o *crtend?.o) .ctors)
 *(SORT_BY_NAME(.ctors.*))
 *(.ctors)
 *crtbegin.o(.dtors)
 *crtbegin?.o(.dtors)
 *(EXCLUDE_FILE(*crtend.o *crtend?.o) .dtors)
 *(SORT_BY_NAME(.dtors.*))
 *(.dtors)
 *(.eh_frame*)
 .eh_frame      0x10007180        0x0 c:/progra~2/gnuarm~1/102020~1/bin/../lib/gcc/arm-none-eabi/10.2.1/thumb/v6-m/nofp/crtbegin.o
                0x10007180                . = ALIGN (0x4)

.glue_7         0x10007180        0x0
 .glue_7        0x10007180        0x0 linker stubs

.glue_7t        0x10007180        0x0
 .glue_7t       0x10007180        0x0 linker stubs

.vfp11_veneer   0x10007180        0x0
 .vfp11_veneer  0x10007180        0x0 linker stubs

.v4_bx          0x10007180        0x0
 .v4_bx         0x10007180        0x0 linker stubs

.iplt           0x10007180        0x0
 .iplt          0x10007180        0x0 c:/progra~2/gnuarm~1/102020~1/bin/../lib/gcc/arm-none-eabi/10.2.1/thumb/v6-m/nofp/crtbegin.o

.rodata         0x10007180     0x13a0
 *(EXCLUDE_FILE(*libm.a: *libc.a:*lib_a-mem*.o *libgcc.a:) .rodata*)
 .rodata.main.str1.4
                0x10007180        0x8 CMakeFiles/centimeter.dir/cmExample.c.obj
 .rodata.getPulse.str1.4
                0x10007188        0xc CMakeFiles/centimeter.dir/ultrasonic/ultrasonic.c.obj
 .rodata.spin_lock_claim_unused.str1.4
                0x10007194       0x1b CMakeFiles/centimeter.dir/D_/Pico_Downloads/pico-sdk/src/rp2_common/hardware_sync/sync.c.obj
 *fill*         0x100071af        0x1 
 .rodata.alarm_pool_dump_key.str1.4
                0x100071b0       0x6b CMakeFiles/centimeter.dir/D_/Pico_Downloads/pico-sdk/src/common/pico_time/time.c.obj
 *fill*         0x1000721b        0x1 
 .rodata.ph_add_child_node.str1.4
                0x1000721c       0x8e CMakeFiles/centimeter.dir/D_/Pico_Downloads/pico-sdk/src/common/pico_time/time.c.obj
 *fill*         0x100072aa        0x2 
 .rodata.add_alarm_under_lock.str1.4
                0x100072ac       0x27 CMakeFiles/centimeter.dir/D_/Pico_Downloads/pico-sdk/src/common/pico_time/time.c.obj
 *fill*         0x100072d3        0x1 
 .rodata.alarm_pool_alarm_callback.str1.4
                0x100072d4       0x7d CMakeFiles/centimeter.dir/D_/Pico_Downloads/pico-sdk/src/common/pico_time/time.c.obj
 *fill*         0x10007351        0x3 
 .rodata.alarm_pool_get_default.str1.4
                0x10007354       0x13 CMakeFiles/centimeter.dir/D_/Pico_Downloads/pico-sdk/src/common/pico_time/time.c.obj
 *fill*         0x10007367        0x1 
 .rodata.alarm_pool_cancel_alarm.str1.4
                0x10007368       0x27 CMakeFiles/centimeter.dir/D_/Pico_Downloads/pico-sdk/src/common/pico_time/time.c.obj
 *fill*         0x1000738f        0x1 
 .rodata.__func__.0
                0x10007390       0x18 CMakeFiles/centimeter.dir/D_/Pico_Downloads/pico-sdk/src/common/pico_time/time.c.obj
 .rodata.__func__.10
                0x100073a8       0x17 CMakeFiles/centimeter.dir/D_/Pico_Downloads/pico-sdk/src/common/pico_time/time.c.obj
 *fill*         0x100073bf        0x1 
 .rodata.__func__.2
                0x100073c0       0x12 CMakeFiles/centimeter.dir/D_/Pico_Downloads/pico-sdk/src/common/pico_time/time.c.obj
 *fill*         0x100073d2        0x2 
 .rodata.__func__.3
                0x100073d4       0x14 CMakeFiles/centimeter.dir/D_/Pico_Downloads/pico-sdk/src/common/pico_time/time.c.obj
 .rodata.__func__.4
                0x100073e8       0x12 CMakeFiles/centimeter.dir/D_/Pico_Downloads/pico-sdk/src/common/pico_time/time.c.obj
 *fill*         0x100073fa        0x2 
 .rodata.__func__.5
                0x100073fc        0xa CMakeFiles/centimeter.dir/D_/Pico_Downloads/pico-sdk/src/common/pico_time/time.c.obj
 *fill*         0x10007406        0x2 
 .rodata.__func__.6
                0x10007408        0xc CMakeFiles/centimeter.dir/D_/Pico_Downloads/pico-sdk/src/common/pico_time/time.c.obj
 .rodata.__func__.7
                0x10007414       0x15 CMakeFiles/centimeter.dir/D_/Pico_Downloads/pico-sdk/src/common/pico_time/time.c.obj
 *fill*         0x10007429        0x3 
 .rodata.__func__.8
                0x1000742c       0x1a CMakeFiles/centimeter.dir/D_/Pico_Downloads/pico-sdk/src/common/pico_time/time.c.obj
 *fill*         0x10007446        0x2 
 .rodata.__func__.9
                0x10007448        0xa CMakeFiles/centimeter.dir/D_/Pico_Downloads/pico-sdk/src/common/pico_time/time.c.obj
 *fill*         0x10007452        0x2 
 .rodata.hardware_alarm_claim.str1.4
                0x10007454       0x22 CMakeFiles/centimeter.dir/D_/Pico_Downloads/pico-sdk/src/rp2_common/hardware_timer/timer.c.obj
 *fill*         0x10007476        0x2 
 .rodata.hardware_alarm_set_target.str1.4
                0x10007478       0x65 CMakeFiles/centimeter.dir/D_/Pico_Downloads/pico-sdk/src/rp2_common/hardware_timer/timer.c.obj
 *fill*         0x100074dd        0x3 
 .rodata.__func__.0
                0x100074e0       0x1a CMakeFiles/centimeter.dir/D_/Pico_Downloads/pico-sdk/src/rp2_common/hardware_timer/timer.c.obj
 *fill*         0x100074fa        0x2 
 .rodata.lock_init.str1.4
                0x100074fc       0x68 CMakeFiles/centimeter.dir/D_/Pico_Downloads/pico-sdk/src/common/pico_sync/lock_core.c.obj
 .rodata.__func__.0
                0x10007564        0xa CMakeFiles/centimeter.dir/D_/Pico_Downloads/pico-sdk/src/common/pico_sync/lock_core.c.obj
 *fill*         0x1000756e        0x2 
 .rodata.str1.4
                0x10007570       0x5c CMakeFiles/centimeter.dir/D_/Pico_Downloads/pico-sdk/src/common/pico_sync/mutex.c.obj
 .rodata.__func__.0
                0x100075cc        0xb CMakeFiles/centimeter.dir/D_/Pico_Downloads/pico-sdk/src/common/pico_sync/mutex.c.obj
 *fill*         0x100075d7        0x1 
 .rodata.__func__.1
                0x100075d8       0x18 CMakeFiles/centimeter.dir/D_/Pico_Downloads/pico-sdk/src/common/pico_sync/mutex.c.obj
 .rodata.__func__.2
                0x100075f0       0x15 CMakeFiles/centimeter.dir/D_/Pico_Downloads/pico-sdk/src/common/pico_sync/mutex.c.obj
 .rodata.ph_add_child_node.str1.4
                0x10007605       0x8e CMakeFiles/centimeter.dir/D_/Pico_Downloads/pico-sdk/src/common/pico_util/pheap.c.obj
 *fill*         0x10007605        0x3 
 .rodata.ph_remove_any_head.str1.4
                0x10007608       0x8c CMakeFiles/centimeter.dir/D_/Pico_Downloads/pico-sdk/src/common/pico_util/pheap.c.obj
 .rodata.ph_delete.str1.4
                0x10007694       0x26 CMakeFiles/centimeter.dir/D_/Pico_Downloads/pico-sdk/src/common/pico_util/pheap.c.obj
 *fill*         0x100076ba        0x2 
 .rodata.__func__.0
                0x100076bc        0xa CMakeFiles/centimeter.dir/D_/Pico_Downloads/pico-sdk/src/common/pico_util/pheap.c.obj
 *fill*         0x100076c6        0x2 
 .rodata.__func__.1
                0x100076c8       0x13 CMakeFiles/centimeter.dir/D_/Pico_Downloads/pico-sdk/src/common/pico_util/pheap.c.obj
 *fill*         0x100076db        0x1 
 .rodata.__func__.2
                0x100076dc       0x12 CMakeFiles/centimeter.dir/D_/Pico_Downloads/pico-sdk/src/common/pico_util/pheap.c.obj
 *fill*         0x100076ee        0x2 
 .rodata.__func__.3
                0x100076f0        0xc CMakeFiles/centimeter.dir/D_/Pico_Downloads/pico-sdk/src/common/pico_util/pheap.c.obj
 .rodata.__assert_func.str1.4
                0x100076fc       0x3f CMakeFiles/centimeter.dir/D_/Pico_Downloads/pico-sdk/src/rp2_common/pico_runtime/runtime.c.obj
                                 0x43 (size before relaxing)
 *fill*         0x1000773b        0x1 
 .rodata.panic.str1.4
                0x1000773c       0x12 CMakeFiles/centimeter.dir/D_/Pico_Downloads/pico-sdk/src/rp2_common/pico_runtime/runtime.c.obj
 *fill*         0x1000774e        0x2 
 .rodata.clock_configure.str1.4
                0x10007750       0x57 CMakeFiles/centimeter.dir/D_/Pico_Downloads/pico-sdk/src/rp2_common/hardware_clocks/clocks.c.obj
 *fill*         0x100077a7        0x1 
 .rodata.__func__.1
                0x100077a8       0x10 CMakeFiles/centimeter.dir/D_/Pico_Downloads/pico-sdk/src/rp2_common/hardware_clocks/clocks.c.obj
 .rodata.pll_init.str1.4
                0x100077b8       0xdb CMakeFiles/centimeter.dir/D_/Pico_Downloads/pico-sdk/src/rp2_common/hardware_pll/pll.c.obj
 *fill*         0x10007893        0x1 
 .rodata.__func__.0
                0x10007894        0x9 CMakeFiles/centimeter.dir/D_/Pico_Downloads/pico-sdk/src/rp2_common/hardware_pll/pll.c.obj
 *fill*         0x1000789d        0x3 
 .rodata.make_branch.str1.4
                0x100078a0       0x4d CMakeFiles/centimeter.dir/D_/Pico_Downloads/pico-sdk/src/rp2_common/hardware_irq/irq.c.obj
 *fill*         0x100078ed        0x3 
 .rodata.irq_set_exclusive_handler.str1.4
                0x100078f0       0x36 CMakeFiles/centimeter.dir/D_/Pico_Downloads/pico-sdk/src/rp2_common/hardware_irq/irq.c.obj
 *fill*         0x10007926        0x2 
 .rodata.irq_add_shared_handler.str1.4
                0x10007928       0xd9 CMakeFiles/centimeter.dir/D_/Pico_Downloads/pico-sdk/src/rp2_common/hardware_irq/irq.c.obj
 *fill*         0x10007a01        0x3 
 .rodata.irq_remove_handler.str1.4
                0x10007a04       0x2a CMakeFiles/centimeter.dir/D_/Pico_Downloads/pico-sdk/src/rp2_common/hardware_irq/irq.c.obj
 *fill*         0x10007a2e        0x2 
 .rodata.irq_add_tail_to_free_list.str1.4
                0x10007a30       0x32 CMakeFiles/centimeter.dir/D_/Pico_Downloads/pico-sdk/src/rp2_common/hardware_irq/irq.c.obj
                                 0x3a (size before relaxing)
 *fill*         0x10007a62        0x2 
 .rodata.__func__.0
                0x10007a64       0x1a CMakeFiles/centimeter.dir/D_/Pico_Downloads/pico-sdk/src/rp2_common/hardware_irq/irq.c.obj
 *fill*         0x10007a7e        0x2 
 .rodata.__func__.1
                0x10007a80       0x17 CMakeFiles/centimeter.dir/D_/Pico_Downloads/pico-sdk/src/rp2_common/hardware_irq/irq.c.obj
 *fill*         0x10007a97        0x1 
 .rodata.__func__.2
                0x10007a98       0x13 CMakeFiles/centimeter.dir/D_/Pico_Downloads/pico-sdk/src/rp2_common/hardware_irq/irq.c.obj
 *fill*         0x10007aab        0x1 
 .rodata.__func__.3
                0x10007aac        0xc CMakeFiles/centimeter.dir/D_/Pico_Downloads/pico-sdk/src/rp2_common/hardware_irq/irq.c.obj
 .rodata.__func__.4
                0x10007ab8        0xf CMakeFiles/centimeter.dir/D_/Pico_Downloads/pico-sdk/src/rp2_common/hardware_irq/irq.c.obj
 *fill*         0x10007ac7        0x1 
 .rodata.__func__.6
                0x10007ac8       0x1a CMakeFiles/centimeter.dir/D_/Pico_Downloads/pico-sdk/src/rp2_common/hardware_irq/irq.c.obj
 *fill*         0x10007ae2        0x2 
 .rodata._ftoa.str1.4
                0x10007ae4       0x15 CMakeFiles/centimeter.dir/D_/Pico_Downloads/pico-sdk/src/rp2_common/pico_printf/printf.c.obj
 *fill*         0x10007af9        0x3 
 .rodata._vsnprintf
                0x10007afc      0x1e0 CMakeFiles/centimeter.dir/D_/Pico_Downloads/pico-sdk/src/rp2_common/pico_printf/printf.c.obj
 *fill*         0x10007cdc        0x4 
 .rodata.pow10.0
                0x10007ce0       0x50 CMakeFiles/centimeter.dir/D_/Pico_Downloads/pico-sdk/src/rp2_common/pico_printf/printf.c.obj
 .rodata.__aeabi_double_init.str1.4
                0x10007d30       0xa8 CMakeFiles/centimeter.dir/D_/Pico_Downloads/pico-sdk/src/rp2_common/pico_double/double_init_rom.c.obj
 .rodata.__func__.0
                0x10007dd8       0x14 CMakeFiles/centimeter.dir/D_/Pico_Downloads/pico-sdk/src/rp2_common/pico_double/double_init_rom.c.obj
 .rodata.__aeabi_float_init.str1.4
                0x10007dec       0x7a CMakeFiles/centimeter.dir/D_/Pico_Downloads/pico-sdk/src/rp2_common/pico_float/float_init_rom.c.obj
                                 0x7e (size before relaxing)
 *fill*         0x10007e66        0x2 
 .rodata.__func__.0
                0x10007e68       0x13 CMakeFiles/centimeter.dir/D_/Pico_Downloads/pico-sdk/src/rp2_common/pico_float/float_init_rom.c.obj
 *fill*         0x10007e7b        0x1 
 .rodata.str1.4
                0x10007e7c       0x68 CMakeFiles/centimeter.dir/D_/Pico_Downloads/pico-sdk/src/rp2_common/pico_standard_link/binary_info.c.obj
 .rodata.__bi_40
                0x10007ee4        0xc CMakeFiles/centimeter.dir/D_/Pico_Downloads/pico-sdk/src/rp2_common/pico_standard_link/binary_info.c.obj
 .rodata.__bi_65
                0x10007ef0        0xc CMakeFiles/centimeter.dir/D_/Pico_Downloads/pico-sdk/src/rp2_common/pico_standard_link/binary_info.c.obj
 .rodata.__bi_71
                0x10007efc        0xc CMakeFiles/centimeter.dir/D_/Pico_Downloads/pico-sdk/src/rp2_common/pico_standard_link/binary_info.c.obj
 .rodata.crlf_str.1
                0x10007f08        0x2 CMakeFiles/centimeter.dir/D_/Pico_Downloads/pico-sdk/src/rp2_common/pico_stdio/stdio.c.obj
 *fill*         0x10007f0a        0x2 
 .rodata.str1.4
                0x10007f0c       0x13 CMakeFiles/centimeter.dir/D_/Pico_Downloads/pico-sdk/src/rp2_common/pico_stdio_usb/stdio_usb.c.obj
 *fill*         0x10007f1f        0x1 
 .rodata.__bi_93.0
                0x10007f20        0xc CMakeFiles/centimeter.dir/D_/Pico_Downloads/pico-sdk/src/rp2_common/pico_stdio_usb/stdio_usb.c.obj
 .rodata.str1.4
                0x10007f2c       0x32 CMakeFiles/centimeter.dir/D_/Pico_Downloads/pico-sdk/src/rp2_common/pico_stdio_usb/stdio_usb_descriptors.c.obj
 *fill*         0x10007f5e        0x2 
 .rodata.usbd_desc_cfg
                0x10007f60       0x4b CMakeFiles/centimeter.dir/D_/Pico_Downloads/pico-sdk/src/rp2_common/pico_stdio_usb/stdio_usb_descriptors.c.obj
 *fill*         0x10007fab        0x1 
 .rodata.usbd_desc_device
                0x10007fac       0x12 CMakeFiles/centimeter.dir/D_/Pico_Downloads/pico-sdk/src/rp2_common/pico_stdio_usb/stdio_usb_descriptors.c.obj
 *fill*         0x10007fbe        0x2 
 .rodata.usbd_desc_str
                0x10007fc0       0x14 CMakeFiles/centimeter.dir/D_/Pico_Downloads/pico-sdk/src/rp2_common/pico_stdio_usb/stdio_usb_descriptors.c.obj
 .rodata._hw_endpoint_alloc.str1.4
                0x10007fd4       0xb5 CMakeFiles/centimeter.dir/D_/Pico_Downloads/pico-sdk/lib/tinyusb/src/portable/raspberrypi/rp2040/dcd_rp2040.c.obj
 *fill*         0x10008089        0x3 
 .rodata._hw_endpoint_init.str1.4
                0x1000808c       0x28 CMakeFiles/centimeter.dir/D_/Pico_Downloads/pico-sdk/lib/tinyusb/src/portable/raspberrypi/rp2040/dcd_rp2040.c.obj
 .rodata.hw_handle_buff_status.str1.4
                0x100080b4        0xb CMakeFiles/centimeter.dir/D_/Pico_Downloads/pico-sdk/lib/tinyusb/src/portable/raspberrypi/rp2040/dcd_rp2040.c.obj
 *fill*         0x100080bf        0x1 
 .rodata.dcd_rp2040_irq.str1.4
                0x100080c0       0x14 CMakeFiles/centimeter.dir/D_/Pico_Downloads/pico-sdk/lib/tinyusb/src/portable/raspberrypi/rp2040/dcd_rp2040.c.obj
 .rodata._hw_endpoint_stall.str1.4
                0x100080d4        0xd CMakeFiles/centimeter.dir/D_/Pico_Downloads/pico-sdk/lib/tinyusb/src/portable/raspberrypi/rp2040/dcd_rp2040.c.obj
 *fill*         0x100080e1        0x3 
 .rodata.dcd_int_enable.str1.4
                0x100080e4        0xc CMakeFiles/centimeter.dir/D_/Pico_Downloads/pico-sdk/lib/tinyusb/src/portable/raspberrypi/rp2040/dcd_rp2040.c.obj
 .rodata.__func__.0
                0x100080f0       0x15 CMakeFiles/centimeter.dir/D_/Pico_Downloads/pico-sdk/lib/tinyusb/src/portable/raspberrypi/rp2040/dcd_rp2040.c.obj
 *fill*         0x10008105        0x3 
 .rodata.__func__.1
                0x10008108       0x13 CMakeFiles/centimeter.dir/D_/Pico_Downloads/pico-sdk/lib/tinyusb/src/portable/raspberrypi/rp2040/dcd_rp2040.c.obj
 *fill*         0x1000811b        0x1 
 .rodata.__func__.10
                0x1000811c        0xf CMakeFiles/centimeter.dir/D_/Pico_Downloads/pico-sdk/lib/tinyusb/src/portable/raspberrypi/rp2040/dcd_rp2040.c.obj
 *fill*         0x1000812b        0x1 
 .rodata.__func__.11
                0x1000812c       0x13 CMakeFiles/centimeter.dir/D_/Pico_Downloads/pico-sdk/lib/tinyusb/src/portable/raspberrypi/rp2040/dcd_rp2040.c.obj
 *fill*         0x1000813f        0x1 
 .rodata.__func__.12
                0x10008140       0x16 CMakeFiles/centimeter.dir/D_/Pico_Downloads/pico-sdk/lib/tinyusb/src/portable/raspberrypi/rp2040/dcd_rp2040.c.obj
 *fill*         0x10008156        0x2 
 .rodata.__func__.13
                0x10008158        0x9 CMakeFiles/centimeter.dir/D_/Pico_Downloads/pico-sdk/lib/tinyusb/src/portable/raspberrypi/rp2040/dcd_rp2040.c.obj
 *fill*         0x10008161        0x3 
 .rodata.__func__.2
                0x10008164        0xf CMakeFiles/centimeter.dir/D_/Pico_Downloads/pico-sdk/lib/tinyusb/src/portable/raspberrypi/rp2040/dcd_rp2040.c.obj
 *fill*         0x10008173        0x1 
 .rodata.__func__.3
                0x10008174        0xe CMakeFiles/centimeter.dir/D_/Pico_Downloads/pico-sdk/lib/tinyusb/src/portable/raspberrypi/rp2040/dcd_rp2040.c.obj
 *fill*         0x10008182        0x2 
 .rodata.__func__.4
                0x10008184        0xe CMakeFiles/centimeter.dir/D_/Pico_Downloads/pico-sdk/lib/tinyusb/src/portable/raspberrypi/rp2040/dcd_rp2040.c.obj
 *fill*         0x10008192        0x2 
 .rodata.__func__.5
                0x10008194       0x1a CMakeFiles/centimeter.dir/D_/Pico_Downloads/pico-sdk/lib/tinyusb/src/portable/raspberrypi/rp2040/dcd_rp2040.c.obj
 *fill*         0x100081ae        0x2 
 .rodata.__func__.6
                0x100081b0        0xc CMakeFiles/centimeter.dir/D_/Pico_Downloads/pico-sdk/lib/tinyusb/src/portable/raspberrypi/rp2040/dcd_rp2040.c.obj
 .rodata.__func__.8
                0x100081bc       0x10 CMakeFiles/centimeter.dir/D_/Pico_Downloads/pico-sdk/lib/tinyusb/src/portable/raspberrypi/rp2040/dcd_rp2040.c.obj
 .rodata._hw_endpoint_buffer_control_update32.str1.4
                0x100081cc       0x1f CMakeFiles/centimeter.dir/D_/Pico_Downloads/pico-sdk/lib/tinyusb/src/portable/raspberrypi/rp2040/rp2040_usb.c.obj
 *fill*         0x100081eb        0x1 
 .rodata._hw_endpoint_xfer_sync.str1.4
                0x100081ec       0x91 CMakeFiles/centimeter.dir/D_/Pico_Downloads/pico-sdk/lib/tinyusb/src/portable/raspberrypi/rp2040/rp2040_usb.c.obj
 *fill*         0x1000827d        0x3 
 .rodata._hw_endpoint_xfer_continue.str1.4
                0x10008280       0x50 CMakeFiles/centimeter.dir/D_/Pico_Downloads/pico-sdk/lib/tinyusb/src/portable/raspberrypi/rp2040/rp2040_usb.c.obj
 .rodata._hw_endpoint_xfer.str1.4
                0x100082d0        0xf CMakeFiles/centimeter.dir/D_/Pico_Downloads/pico-sdk/lib/tinyusb/src/portable/raspberrypi/rp2040/rp2040_usb.c.obj
 *fill*         0x100082df        0x1 
 .rodata.str1.4
                0x100082e0        0x7 CMakeFiles/centimeter.dir/D_/Pico_Downloads/pico-sdk/lib/tinyusb/src/portable/raspberrypi/rp2040/rp2040_usb.c.obj
 *fill*         0x100082e7        0x1 
 .rodata.__func__.0
                0x100082e8       0x12 CMakeFiles/centimeter.dir/D_/Pico_Downloads/pico-sdk/lib/tinyusb/src/portable/raspberrypi/rp2040/rp2040_usb.c.obj
 *fill*         0x100082fa        0x2 
 .rodata.__func__.1
                0x100082fc       0x17 CMakeFiles/centimeter.dir/D_/Pico_Downloads/pico-sdk/lib/tinyusb/src/portable/raspberrypi/rp2040/rp2040_usb.c.obj
 *fill*         0x10008313        0x1 
 .rodata.process_set_config.str1.4
                0x10008314       0x17 CMakeFiles/centimeter.dir/D_/Pico_Downloads/pico-sdk/lib/tinyusb/src/device/usbd.c.obj
 *fill*         0x1000832b        0x1 
 .rodata.process_get_descriptor
                0x1000832c       0x40 CMakeFiles/centimeter.dir/D_/Pico_Downloads/pico-sdk/lib/tinyusb/src/device/usbd.c.obj
 .rodata.dcd_event_handler.str1.4
                0x1000836c       0x46 CMakeFiles/centimeter.dir/D_/Pico_Downloads/pico-sdk/lib/tinyusb/src/device/usbd.c.obj
 *fill*         0x100083b2        0x2 
 .rodata.process_control_request
                0x100083b4       0x28 CMakeFiles/centimeter.dir/D_/Pico_Downloads/pico-sdk/lib/tinyusb/src/device/usbd.c.obj
 .rodata.tud_task
                0x100083dc       0x24 CMakeFiles/centimeter.dir/D_/Pico_Downloads/pico-sdk/lib/tinyusb/src/device/usbd.c.obj
 .rodata.__func__.1
                0x10008400        0xf CMakeFiles/centimeter.dir/D_/Pico_Downloads/pico-sdk/lib/tinyusb/src/device/usbd.c.obj
 *fill*         0x1000840f        0x1 
 .rodata.__func__.2
                0x10008410       0x14 CMakeFiles/centimeter.dir/D_/Pico_Downloads/pico-sdk/lib/tinyusb/src/device/usbd.c.obj
 .rodata.__func__.3
                0x10008424       0x10 CMakeFiles/centimeter.dir/D_/Pico_Downloads/pico-sdk/lib/tinyusb/src/device/usbd.c.obj
 .rodata.__func__.4
                0x10008434       0x17 CMakeFiles/centimeter.dir/D_/Pico_Downloads/pico-sdk/lib/tinyusb/src/device/usbd.c.obj
 *fill*         0x1000844b        0x1 
 .rodata.__func__.5
                0x1000844c       0x13 CMakeFiles/centimeter.dir/D_/Pico_Downloads/pico-sdk/lib/tinyusb/src/device/usbd.c.obj
 *fill*         0x1000845f        0x1 
 .rodata.__func__.6
                0x10008460       0x18 CMakeFiles/centimeter.dir/D_/Pico_Downloads/pico-sdk/lib/tinyusb/src/device/usbd.c.obj
 .rodata.__func__.7
                0x10008478       0x13 CMakeFiles/centimeter.dir/D_/Pico_Downloads/pico-sdk/lib/tinyusb/src/device/usbd.c.obj
 *fill*         0x1000848b        0x1 
 .rodata.__func__.8
                0x1000848c        0x9 CMakeFiles/centimeter.dir/D_/Pico_Downloads/pico-sdk/lib/tinyusb/src/device/usbd.c.obj
 *fill*         0x10008495        0x3 
 .rodata._usbd_driver
                0x10008498       0x1c CMakeFiles/centimeter.dir/D_/Pico_Downloads/pico-sdk/lib/tinyusb/src/device/usbd.c.obj
 .rodata.tud_control_xfer.str1.4
                0x100084b4       0x17 CMakeFiles/centimeter.dir/D_/Pico_Downloads/pico-sdk/lib/tinyusb/src/device/usbd_control.c.obj
 .rodata.__func__.0
                0x100084b4       0x15 CMakeFiles/centimeter.dir/D_/Pico_Downloads/pico-sdk/lib/tinyusb/src/device/usbd_control.c.obj
 *fill*         0x100084c9        0x3 
 .rodata.__func__.1
                0x100084cc       0x11 CMakeFiles/centimeter.dir/D_/Pico_Downloads/pico-sdk/lib/tinyusb/src/device/usbd_control.c.obj
 .rodata.tud_cdc_n_write_flush.str1.4
                0x100084dd       0x17 CMakeFiles/centimeter.dir/D_/Pico_Downloads/pico-sdk/lib/tinyusb/src/class/cdc/cdc_device.c.obj
 *fill*         0x100084dd        0x3 
 .rodata.__func__.0
                0x100084e0        0xd CMakeFiles/centimeter.dir/D_/Pico_Downloads/pico-sdk/lib/tinyusb/src/class/cdc/cdc_device.c.obj
 *fill*         0x100084ed        0x3 
 .rodata.__func__.1
                0x100084f0        0xa CMakeFiles/centimeter.dir/D_/Pico_Downloads/pico-sdk/lib/tinyusb/src/class/cdc/cdc_device.c.obj
 *fill*         0x100084fa        0x2 
 .rodata.__func__.2
                0x100084fc       0x16 CMakeFiles/centimeter.dir/D_/Pico_Downloads/pico-sdk/lib/tinyusb/src/class/cdc/cdc_device.c.obj
 .rodata.tusb_init.str1.4
                0x10008512       0x17 CMakeFiles/centimeter.dir/D_/Pico_Downloads/pico-sdk/lib/tinyusb/src/tusb.c.obj
 *fill*         0x10008512        0x2 
 .rodata.__func__.0
                0x10008514        0xa CMakeFiles/centimeter.dir/D_/Pico_Downloads/pico-sdk/lib/tinyusb/src/tusb.c.obj
                0x10008520                . = ALIGN (0x4)
 *fill*         0x1000851e        0x2 
 *(SORT_BY_ALIGNMENT(SORT_BY_NAME(.flashdata*)))
                0x10008520                . = ALIGN (0x4)

.rel.dyn        0x10008520        0x0
 .rel.iplt      0x10008520        0x0 c:/progra~2/gnuarm~1/102020~1/bin/../lib/gcc/arm-none-eabi/10.2.1/thumb/v6-m/nofp/crtbegin.o

.ARM.extab
 *(.ARM.extab* .gnu.linkonce.armextab.*)
                0x10008520                __exidx_start = .

.ARM.exidx
 *(.ARM.exidx* .gnu.linkonce.armexidx.*)
                0x10008520                __exidx_end = .
                0x10008520                . = ALIGN (0x4)
                0x10008520                __binary_info_start = .

.binary_info    0x10008520       0x20
 *(.binary_info.keep.*)
 .binary_info.keep.__bi_ptr18
                0x10008520        0x4 CMakeFiles/centimeter.dir/D_/Pico_Downloads/pico-sdk/src/rp2_common/pico_standard_link/binary_info.c.obj
 .binary_info.keep.__bi_ptr26
                0x10008524        0x4 CMakeFiles/centimeter.dir/D_/Pico_Downloads/pico-sdk/src/rp2_common/pico_standard_link/binary_info.c.obj
 .binary_info.keep.__bi_ptr34
                0x10008528        0x4 CMakeFiles/centimeter.dir/D_/Pico_Downloads/pico-sdk/src/rp2_common/pico_standard_link/binary_info.c.obj
 .binary_info.keep.__bi_ptr40
                0x1000852c        0x4 CMakeFiles/centimeter.dir/D_/Pico_Downloads/pico-sdk/src/rp2_common/pico_standard_link/binary_info.c.obj
 .binary_info.keep.__bi_ptr46
                0x10008530        0x4 CMakeFiles/centimeter.dir/D_/Pico_Downloads/pico-sdk/src/rp2_common/pico_standard_link/binary_info.c.obj
 .binary_info.keep.__bi_ptr65
                0x10008534        0x4 CMakeFiles/centimeter.dir/D_/Pico_Downloads/pico-sdk/src/rp2_common/pico_standard_link/binary_info.c.obj
 .binary_info.keep.__bi_ptr71
                0x10008538        0x4 CMakeFiles/centimeter.dir/D_/Pico_Downloads/pico-sdk/src/rp2_common/pico_standard_link/binary_info.c.obj
 *(.binary_info.*)
 .binary_info.__bi_ptr93
                0x1000853c        0x4 CMakeFiles/centimeter.dir/D_/Pico_Downloads/pico-sdk/src/rp2_common/pico_stdio_usb/stdio_usb.c.obj
                0x10008540                __binary_info_end = .
                0x10008540                . = ALIGN (0x4)
                0x10008540                __etext = .

.ram_vector_table
                0x20000000       0xc0
 *(.ram_vector_table)
 .ram_vector_table
                0x20000000       0xc0 CMakeFiles/centimeter.dir/D_/Pico_Downloads/pico-sdk/src/rp2_common/pico_runtime/runtime.c.obj
                0x20000000                ram_vector_table

.data           0x200000c0      0xb14 load address 0x10008540
                0x200000c0                __data_start__ = .
 *(vtable)
 *(.time_critical*)
 .time_critical.mutex_enter_blocking
                0x200000c0       0x64 CMakeFiles/centimeter.dir/D_/Pico_Downloads/pico-sdk/src/common/pico_sync/mutex.c.obj
                0x200000c0                mutex_enter_blocking
 .time_critical.mutex_try_enter
                0x20000124       0x44 CMakeFiles/centimeter.dir/D_/Pico_Downloads/pico-sdk/src/common/pico_sync/mutex.c.obj
                0x20000124                mutex_try_enter
 .time_critical.mutex_enter_block_until
                0x20000168       0x78 CMakeFiles/centimeter.dir/D_/Pico_Downloads/pico-sdk/src/common/pico_sync/mutex.c.obj
                0x20000168                mutex_enter_block_until
 .time_critical.mutex_enter_timeout_ms
                0x200001e0       0x4a CMakeFiles/centimeter.dir/D_/Pico_Downloads/pico-sdk/src/common/pico_sync/mutex.c.obj
                0x200001e0                mutex_enter_timeout_ms
 *fill*         0x2000022a        0x2 
 .time_critical.mutex_exit
                0x2000022c       0x4c CMakeFiles/centimeter.dir/D_/Pico_Downloads/pico-sdk/src/common/pico_sync/mutex.c.obj
                0x2000022c                mutex_exit
 *(.text*)
 .text          0x20000278        0x4 c:/progra~2/gnuarm~1/102020~1/bin/../lib/gcc/arm-none-eabi/10.2.1/thumb/v6-m/nofp\libgcc.a(_dvmd_tls.o)
                0x20000278                __aeabi_idiv0
                0x20000278                __aeabi_ldiv0
 *fill*         0x2000027c        0x4 
 .text.__stub   0x20000280       0x40 linker stubs
                0x200002c0                . = ALIGN (0x4)
 *(.rodata*)
                0x200002c0                . = ALIGN (0x4)
 *(.data*)
 .data.echoPin  0x200002c0        0x4 CMakeFiles/centimeter.dir/cmExample.c.obj
                0x200002c0                echoPin
 .data.trigPin  0x200002c4        0x4 CMakeFiles/centimeter.dir/cmExample.c.obj
                0x200002c4                trigPin
 .data.timeout  0x200002c8        0x4 CMakeFiles/centimeter.dir/ultrasonic/ultrasonic.c.obj
                0x200002c8                timeout
 .data.striped_spin_lock_num
                0x200002cc        0x1 CMakeFiles/centimeter.dir/D_/Pico_Downloads/pico-sdk/src/rp2_common/hardware_sync/sync.c.obj
 *fill*         0x200002cd        0x3 
 .data          0x200002d0       0x48 CMakeFiles/centimeter.dir/D_/Pico_Downloads/pico-sdk/src/rp2_common/hardware_irq/irq_handler_chain.S.obj
                0x200002d0                irq_handler_chain_slots
                0x20000300                irq_handler_chain_first_slot
                0x2000030a                irq_handler_chain_remove_tail
 *fill*         0x20000318        0x8 
 .data.aeabi_bits_funcs
                0x20000320       0x10 CMakeFiles/centimeter.dir/D_/Pico_Downloads/pico-sdk/src/rp2_common/pico_bit_ops/bit_ops_aeabi.S.obj
                0x20000320                aeabi_bits_funcs
                0x20000330                aeabi_bits_funcs_end
 .data.aeabi_mem_funcs
                0x20000330       0x10 CMakeFiles/centimeter.dir/D_/Pico_Downloads/pico-sdk/src/rp2_common/pico_mem_ops/mem_ops_aeabi.S.obj
                0x20000330                aeabi_mem_funcs
                0x20000340                aeabi_mem_funcs_end
 .data.stdio_usb
                0x20000340       0x14 CMakeFiles/centimeter.dir/D_/Pico_Downloads/pico-sdk/src/rp2_common/pico_stdio_usb/stdio_usb.c.obj
                0x20000340                stdio_usb
 .data.ep_dir_string
                0x20000354        0x8 CMakeFiles/centimeter.dir/D_/Pico_Downloads/pico-sdk/lib/tinyusb/src/portable/raspberrypi/rp2040/rp2040_usb.c.obj
                0x20000354                ep_dir_string
 .data._usbd_qdef
                0x2000035c       0x20 CMakeFiles/centimeter.dir/D_/Pico_Downloads/pico-sdk/lib/tinyusb/src/device/usbd.c.obj
                0x2000035c                _usbd_qdef
 .data._impure_ptr
                0x2000037c        0x4 c:/progra~2/gnuarm~1/102020~1/bin/../lib/gcc/arm-none-eabi/10.2.1/../../../../arm-none-eabi/lib/thumb/v6-m/nofp\libg.a(lib_a-impure.o)
                0x2000037c                _impure_ptr
 .data.impure_data
                0x20000380      0x428 c:/progra~2/gnuarm~1/102020~1/bin/../lib/gcc/arm-none-eabi/10.2.1/../../../../arm-none-eabi/lib/thumb/v6-m/nofp\libg.a(lib_a-impure.o)
 .data.__malloc_av_
                0x200007a8      0x408 c:/progra~2/gnuarm~1/102020~1/bin/../lib/gcc/arm-none-eabi/10.2.1/../../../../arm-none-eabi/lib/thumb/v6-m/nofp\libg.a(lib_a-mallocr.o)
                0x200007a8                __malloc_av_
 .data.__malloc_sbrk_base
                0x20000bb0        0x4 c:/progra~2/gnuarm~1/102020~1/bin/../lib/gcc/arm-none-eabi/10.2.1/../../../../arm-none-eabi/lib/thumb/v6-m/nofp\libg.a(lib_a-mallocr.o)
                0x20000bb0                __malloc_sbrk_base
 .data.__malloc_trim_threshold
                0x20000bb4        0x4 c:/progra~2/gnuarm~1/102020~1/bin/../lib/gcc/arm-none-eabi/10.2.1/../../../../arm-none-eabi/lib/thumb/v6-m/nofp\libg.a(lib_a-mallocr.o)
                0x20000bb4                __malloc_trim_threshold
                0x20000bb8                . = ALIGN (0x4)
 *(.after_data.*)
                0x20000bb8                . = ALIGN (0x4)
                0x20000bb8                PROVIDE (__mutex_array_start = .)
 *(SORT_BY_NAME(.mutex_array.*))
 *(.mutex_array)
 .mutex_array   0x20000bb8        0x8 CMakeFiles/centimeter.dir/D_/Pico_Downloads/pico-sdk/src/rp2_common/pico_stdio/stdio.c.obj
                0x20000bc0                PROVIDE (__mutex_array_end = .)
                0x20000bc0                . = ALIGN (0x4)
                0x20000bc0                PROVIDE (__preinit_array_start = .)
 *(SORT_BY_NAME(.preinit_array.*))
 .preinit_array.00001
                0x20000bc0        0x4 CMakeFiles/centimeter.dir/D_/Pico_Downloads/pico-sdk/src/rp2_common/pico_mem_ops/mem_ops_aeabi.S.obj
 .preinit_array.00010
                0x20000bc4        0x4 CMakeFiles/centimeter.dir/D_/Pico_Downloads/pico-sdk/src/rp2_common/pico_bit_ops/bit_ops_aeabi.S.obj
 .preinit_array.00020
                0x20000bc8        0x4 CMakeFiles/centimeter.dir/D_/Pico_Downloads/pico-sdk/src/rp2_common/pico_double/double_aeabi.S.obj
 .preinit_array.00020
                0x20000bcc        0x4 CMakeFiles/centimeter.dir/D_/Pico_Downloads/pico-sdk/src/rp2_common/pico_float/float_aeabi.S.obj
 *(.preinit_array)
                0x20000bd0                PROVIDE (__preinit_array_end = .)
                0x20000bd0                . = ALIGN (0x4)
                0x20000bd0                PROVIDE (__init_array_start = .)
 *(SORT_BY_NAME(.init_array.*))
 *(.init_array)
 .init_array    0x20000bd0        0x4 c:/progra~2/gnuarm~1/102020~1/bin/../lib/gcc/arm-none-eabi/10.2.1/thumb/v6-m/nofp/crtbegin.o
                0x20000bd4                PROVIDE (__init_array_end = .)
                0x20000bd4                . = ALIGN (0x4)
                [!provide]                PROVIDE (__fini_array_start = .)
 *(SORT_BY_NAME(.fini_array.*))
 *(.fini_array)
                [!provide]                PROVIDE (__fini_array_end = .)
 *(.jcr)
                0x20000bd4                . = ALIGN (0x4)
                0x20000bd4                __data_end__ = .

.igot.plt       0x20000bd4        0x0 load address 0x10009054
 .igot.plt      0x20000bd4        0x0 c:/progra~2/gnuarm~1/102020~1/bin/../lib/gcc/arm-none-eabi/10.2.1/thumb/v6-m/nofp/crtbegin.o

.uninitialized_data
                0x20000bd4        0x0 load address 0x10009054
                0x20000bd4                . = ALIGN (0x4)
 *(.uninitialized_data*)

.scratch_x      0x20040000        0x0 load address 0x10009054
                0x20040000                __scratch_x_start__ = .
 *(.scratch_x.*)
                0x20040000                . = ALIGN (0x4)
                0x20040000                __scratch_x_end__ = .
                0x10009054                __scratch_x_source__ = LOADADDR (.scratch_x)

.scratch_y      0x20041000        0x0 load address 0x10009054
                0x20041000                __scratch_y_start__ = .
 *(.scratch_y.*)
                0x20041000                . = ALIGN (0x4)
                0x20041000                __scratch_y_end__ = .
                0x10009054                __scratch_y_source__ = LOADADDR (.scratch_y)

.bss            0x20000bd8      0xdbc
                0x20000bd8                . = ALIGN (0x4)
                0x20000bd8                __bss_start__ = .
 *(SORT_BY_ALIGNMENT(SORT_BY_NAME(.bss*)))
 .bss.last_avail_time.1
                0x20000bd8        0x8 CMakeFiles/centimeter.dir/D_/Pico_Downloads/pico-sdk/src/rp2_common/pico_stdio_usb/stdio_usb.c.obj
 .bss           0x20000be0       0x1c c:/progra~2/gnuarm~1/102020~1/bin/../lib/gcc/arm-none-eabi/10.2.1/thumb/v6-m/nofp/crtbegin.o
 .bss.__lock___malloc_recursive_mutex
                0x20000bfc        0x1 c:/progra~2/gnuarm~1/102020~1/bin/../lib/gcc/arm-none-eabi/10.2.1/../../../../arm-none-eabi/lib/thumb/v6-m/nofp\libg.a(lib_a-lock.o)
                0x20000bfc                __lock___malloc_recursive_mutex
 *fill*         0x20000bfd        0x3 
 .bss.__malloc_current_mallinfo
                0x20000c00       0x28 c:/progra~2/gnuarm~1/102020~1/bin/../lib/gcc/arm-none-eabi/10.2.1/../../../../arm-none-eabi/lib/thumb/v6-m/nofp\libg.a(lib_a-mallocr.o)
                0x20000c00                __malloc_current_mallinfo
 .bss.__malloc_max_sbrked_mem
                0x20000c28        0x4 c:/progra~2/gnuarm~1/102020~1/bin/../lib/gcc/arm-none-eabi/10.2.1/../../../../arm-none-eabi/lib/thumb/v6-m/nofp\libg.a(lib_a-mallocr.o)
                0x20000c28                __malloc_max_sbrked_mem
 .bss.__malloc_max_total_mem
                0x20000c2c        0x4 c:/progra~2/gnuarm~1/102020~1/bin/../lib/gcc/arm-none-eabi/10.2.1/../../../../arm-none-eabi/lib/thumb/v6-m/nofp\libg.a(lib_a-mallocr.o)
                0x20000c2c                __malloc_max_total_mem
 .bss.__malloc_top_pad
                0x20000c30        0x4 c:/progra~2/gnuarm~1/102020~1/bin/../lib/gcc/arm-none-eabi/10.2.1/../../../../arm-none-eabi/lib/thumb/v6-m/nofp\libg.a(lib_a-mallocr.o)
                0x20000c30                __malloc_top_pad
 .bss._app_driver
                0x20000c34        0x4 CMakeFiles/centimeter.dir/D_/Pico_Downloads/pico-sdk/lib/tinyusb/src/device/usbd.c.obj
 .bss._cdcd_itf
                0x20000c38      0x2d0 CMakeFiles/centimeter.dir/D_/Pico_Downloads/pico-sdk/lib/tinyusb/src/class/cdc/cdc_device.c.obj
 .bss._ctrl_xfer
                0x20000f08       0x14 CMakeFiles/centimeter.dir/D_/Pico_Downloads/pico-sdk/lib/tinyusb/src/device/usbd_control.c.obj
 .bss._ubsd_mutexdef
                0x20000f1c        0x8 CMakeFiles/centimeter.dir/D_/Pico_Downloads/pico-sdk/lib/tinyusb/src/device/usbd.c.obj
 .bss._usbd_ctrl_buf
                0x20000f24       0x40 CMakeFiles/centimeter.dir/D_/Pico_Downloads/pico-sdk/lib/tinyusb/src/device/usbd_control.c.obj
 .bss._usbd_dev
                0x20000f64       0x37 CMakeFiles/centimeter.dir/D_/Pico_Downloads/pico-sdk/lib/tinyusb/src/device/usbd.c.obj
 *fill*         0x20000f9b        0x1 
 .bss._usbd_mutex
                0x20000f9c        0x4 CMakeFiles/centimeter.dir/D_/Pico_Downloads/pico-sdk/lib/tinyusb/src/device/usbd.c.obj
 .bss._usbd_q   0x20000fa0        0x4 CMakeFiles/centimeter.dir/D_/Pico_Downloads/pico-sdk/lib/tinyusb/src/device/usbd.c.obj
 .bss._usbd_qdef_buf
                0x20000fa4       0xc0 CMakeFiles/centimeter.dir/D_/Pico_Downloads/pico-sdk/lib/tinyusb/src/device/usbd.c.obj
                0x20000fa4                _usbd_qdef_buf
 .bss.alarm_callbacks
                0x20001064       0x10 CMakeFiles/centimeter.dir/D_/Pico_Downloads/pico-sdk/src/rp2_common/hardware_timer/timer.c.obj
 .bss.claimed   0x20001074        0x4 CMakeFiles/centimeter.dir/D_/Pico_Downloads/pico-sdk/src/rp2_common/hardware_sync/sync.c.obj
 .bss.configured_freq
                0x20001078       0x28 CMakeFiles/centimeter.dir/D_/Pico_Downloads/pico-sdk/src/rp2_common/hardware_clocks/clocks.c.obj
 .bss.default_alarm_pool
                0x200010a0        0x4 CMakeFiles/centimeter.dir/D_/Pico_Downloads/pico-sdk/src/common/pico_time/time.c.obj
 .bss.desc_str.0
                0x200010a4       0x28 CMakeFiles/centimeter.dir/D_/Pico_Downloads/pico-sdk/src/rp2_common/pico_stdio_usb/stdio_usb_descriptors.c.obj
 .bss.drivers   0x200010cc        0x4 CMakeFiles/centimeter.dir/D_/Pico_Downloads/pico-sdk/src/rp2_common/pico_stdio/stdio.c.obj
 .bss.errno     0x200010d0        0x4 c:/progra~2/gnuarm~1/102020~1/bin/../lib/gcc/arm-none-eabi/10.2.1/../../../../arm-none-eabi/lib/thumb/v6-m/nofp\libg.a(lib_a-reent.o)
                0x200010d0                errno
 .bss.filter    0x200010d4        0x4 CMakeFiles/centimeter.dir/D_/Pico_Downloads/pico-sdk/src/rp2_common/pico_stdio/stdio.c.obj
 .bss.heap_end.0