Archive member included to satisfy reference by file (symbol)

c:/progra~2/gnuarm~1/102020~1/bin/../lib/gcc/arm-none-eabi/10.2.1/thumb/v6-m/nofp\libgcc.a(_dvmd_tls.o)
                              CMakeFiles/centimeter.dir/D_/Pico_Downloads/pico-sdk/src/rp2_common/pico_divider/divider.S.obj (__aeabi_idiv0)
c:/progra~2/gnuarm~1/102020~1/bin/../lib/gcc/arm-none-eabi/10.2.1/../../../../arm-none-eabi/lib/thumb/v6-m/nofp\libg.a(lib_a-calloc.o)
                              CMakeFiles/centimeter.dir/D_/Pico_Downloads/pico-sdk/src/rp2_common/pico_malloc/pico_malloc.c.obj (calloc)
c:/progra~2/gnuarm~1/102020~1/bin/../lib/gcc/arm-none-eabi/10.2.1/../../../../arm-none-eabi/lib/thumb/v6-m/nofp\libg.a(lib_a-callocr.o)
                              c:/progra~2/gnuarm~1/102020~1/bin/../lib/gcc/arm-none-eabi/10.2.1/../../../../arm-none-eabi/lib/thumb/v6-m/nofp\libg.a(lib_a-calloc.o) (_calloc_r)
c:/progra~2/gnuarm~1/102020~1/bin/../lib/gcc/arm-none-eabi/10.2.1/../../../../arm-none-eabi/lib/thumb/v6-m/nofp\libg.a(lib_a-ctype_.o)
                              CMakeFiles/centimeter.dir/D_/Pico_Downloads/pico-sdk/lib/tinyusb/src/tusb.c.obj (_ctype_)
c:/progra~2/gnuarm~1/102020~1/bin/../lib/gcc/arm-none-eabi/10.2.1/../../../../arm-none-eabi/lib/thumb/v6-m/nofp\libg.a(lib_a-impure.o)
                              c:/progra~2/gnuarm~1/102020~1/bin/../lib/gcc/arm-none-eabi/10.2.1/../../../../arm-none-eabi/lib/thumb/v6-m/nofp\libg.a(lib_a-calloc.o) (_impure_ptr)
c:/progra~2/gnuarm~1/102020~1/bin/../lib/gcc/arm-none-eabi/10.2.1/../../../../arm-none-eabi/lib/thumb/v6-m/nofp\libg.a(lib_a-init.o)
                              c:/progra~2/gnuarm~1/102020~1/bin/../lib/gcc/arm-none-eabi/10.2.1/../../../../arm-none-eabi/lib/thumb/v6-m/nofp/crt0.o (__libc_init_array)
c:/progra~2/gnuarm~1/102020~1/bin/../lib/gcc/arm-none-eabi/10.2.1/../../../../arm-none-eabi/lib/thumb/v6-m/nofp\libg.a(lib_a-malloc.o)
                              CMakeFiles/centimeter.dir/D_/Pico_Downloads/pico-sdk/src/rp2_common/pico_malloc/pico_malloc.c.obj (malloc)
c:/progra~2/gnuarm~1/102020~1/bin/../lib/gcc/arm-none-eabi/10.2.1/../../../../arm-none-eabi/lib/thumb/v6-m/nofp\libg.a(lib_a-mallocr.o)
                              c:/progra~2/gnuarm~1/102020~1/bin/../lib/gcc/arm-none-eabi/10.2.1/../../../../arm-none-eabi/lib/thumb/v6-m/nofp\libg.a(lib_a-callocr.o) (_malloc_r)
c:/progra~2/gnuarm~1/102020~1/bin/../lib/gcc/arm-none-eabi/10.2.1/../../../../arm-none-eabi/lib/thumb/v6-m/nofp\libg.a(lib_a-mlock.o)
                              c:/progra~2/gnuarm~1/102020~1/bin/../lib/gcc/arm-none-eabi/10.2.1/../../../../arm-none-eabi/lib/thumb/v6-m/nofp\libg.a(lib_a-mallocr.o) (__malloc_lock)
c:/progra~2/gnuarm~1/102020~1/bin/../lib/gcc/arm-none-eabi/10.2.1/../../../../arm-none-eabi/lib/thumb/v6-m/nofp\libg.a(lib_a-sbrkr.o)
                              c:/progra~2/gnuarm~1/102020~1/bin/../lib/gcc/arm-none-eabi/10.2.1/../../../../arm-none-eabi/lib/thumb/v6-m/nofp\libg.a(lib_a-mallocr.o) (_sbrk_r)
c:/progra~2/gnuarm~1/102020~1/bin/../lib/gcc/arm-none-eabi/10.2.1/../../../../arm-none-eabi/lib/thumb/v6-m/nofp\libg.a(lib_a-strlen-stub.o)
                              CMakeFiles/centimeter.dir/D_/Pico_Downloads/pico-sdk/src/rp2_common/pico_stdio/stdio.c.obj (strlen)
c:/progra~2/gnuarm~1/102020~1/bin/../lib/gcc/arm-none-eabi/10.2.1/../../../../arm-none-eabi/lib/thumb/v6-m/nofp\libg.a(lib_a-freer.o)
                              c:/progra~2/gnuarm~1/102020~1/bin/../lib/gcc/arm-none-eabi/10.2.1/../../../../arm-none-eabi/lib/thumb/v6-m/nofp\libg.a(lib_a-malloc.o) (_free_r)
c:/progra~2/gnuarm~1/102020~1/bin/../lib/gcc/arm-none-eabi/10.2.1/../../../../arm-none-eabi/lib/thumb/v6-m/nofp\libg.a(lib_a-lock.o)
                              c:/progra~2/gnuarm~1/102020~1/bin/../lib/gcc/arm-none-eabi/10.2.1/../../../../arm-none-eabi/lib/thumb/v6-m/nofp\libg.a(lib_a-mlock.o) (__retarget_lock_acquire_recursive)
c:/progra~2/gnuarm~1/102020~1/bin/../lib/gcc/arm-none-eabi/10.2.1/../../../../arm-none-eabi/lib/thumb/v6-m/nofp\libg.a(lib_a-reent.o)
                              c:/progra~2/gnuarm~1/102020~1/bin/../lib/gcc/arm-none-eabi/10.2.1/../../../../arm-none-eabi/lib/thumb/v6-m/nofp\libg.a(lib_a-sbrkr.o) (errno)

Discarded input sections

 .text          0x00000000        0x0 c:/progra~2/gnuarm~1/102020~1/bin/../lib/gcc/arm-none-eabi/10.2.1/thumb/v6-m/nofp/crti.o
 .data          0x00000000        0x0 c:/progra~2/gnuarm~1/102020~1/bin/../lib/gcc/arm-none-eabi/10.2.1/thumb/v6-m/nofp/crti.o
 .bss           0x00000000        0x0 c:/progra~2/gnuarm~1/102020~1/bin/../lib/gcc/arm-none-eabi/10.2.1/thumb/v6-m/nofp/crti.o
 .data          0x00000000        0x4 c:/progra~2/gnuarm~1/102020~1/bin/../lib/gcc/arm-none-eabi/10.2.1/thumb/v6-m/nofp/crtbegin.o
 .rodata        0x00000000       0x24 c:/progra~2/gnuarm~1/102020~1/bin/../lib/gcc/arm-none-eabi/10.2.1/thumb/v6-m/nofp/crtbegin.o
 .fini_array    0x00000000        0x4 c:/progra~2/gnuarm~1/102020~1/bin/../lib/gcc/arm-none-eabi/10.2.1/thumb/v6-m/nofp/crtbegin.o
[...]
Memory Configuration

Name             Origin             Length             Attributes
FLASH            0x10000000         0x00200000         xr
RAM              0x20000000         0x00040000         xrw
SCRATCH_X        0x20040000         0x00001000         xrw
SCRATCH_Y        0x20041000         0x00001000         xrw
*default*        0x00000000         0xffffffff

Linker script and memory map

LOAD c:/progra~2/gnuarm~1/102020~1/bin/../lib/gcc/arm-none-eabi/10.2.1/thumb/v6-m/nofp/crti.o
LOAD c:/progra~2/gnuarm~1/102020~1/bin/../lib/gcc/arm-none-eabi/10.2.1/thumb/v6-m/nofp/crtbegin.o
LOAD c:/progra~2/gnuarm~1/102020~1/bin/../lib/gcc/arm-none-eabi/10.2.1/../../../../arm-none-eabi/lib/thumb/v6-m/nofp/crt0.o

.flash_begin    0x10000000        0x0
                0x10000000                __flash_binary_start = .

.boot2          0x10000000      0x100
                0x10000000                __boot2_start__ = .
 *(.boot2)
 .boot2         0x10000000      0x100 C:\Users\tfkbr\AppData\Local\Temp\cccODFnF.o
                0x10000100                __boot2_end__ = .
                0x00000001                ASSERT (((__boot2_end__ - __boot2_start__) == 0x100), ERROR: Pico second stage bootloader must be 256 bytes in size)

.text           0x10000100     0x70a8
                0x10000100                __logical_binary_start = .
 *(.vectors)
 .vectors       0x10000100       0xd4 CMakeFiles/centimeter.dir/D_/Pico_Downloads/pico-sdk/src/rp2_common/pico_standard_link/crt0.S.obj
                0x10000100                __vectors
                0x100001c0                isr_invalid
                0x100001c2                isr_nmi
                0x100001c4                isr_hardfault
                0x100001c6                isr_svcall
                0x100001c8                isr_pendsv
                0x100001ca                isr_systick
                0x100001cc                isr_irq11
                0x100001cc                isr_irq5
                0x100001cc                isr_irq23
                0x100001cc                isr_irq18
                0x100001cc                isr_irq31
                0x100001cc                isr_irq28
                0x100001cc                isr_irq19
                0x100001cc                isr_irq0
                0x100001cc                isr_irq6
                0x100001cc                isr_irq27
                0x100001cc                isr_irq12
                0x100001cc                isr_irq22
                0x100001cc                isr_irq13
                0x100001cc                isr_irq17
                0x100001cc                isr_irq14
                0x100001cc                isr_irq2
                0x100001cc                isr_irq10
                0x100001cc                isr_irq8
                0x100001cc                isr_irq24
                0x100001cc                isr_irq1
                0x100001cc                isr_irq7
                0x100001cc                isr_irq21
                0x100001cc                isr_irq20
                0x100001cc                isr_irq15
                0x100001cc                isr_irq25
                0x100001cc                __unhandled_user_irq
                0x100001cc                isr_irq4
                0x100001cc                isr_irq16
                0x100001cc                isr_irq29
                0x100001cc                isr_irq26
                0x100001cc                isr_irq3
                0x100001cc                isr_irq30
                0x100001cc                isr_irq9
                0x100001d2                unhandled_user_irq_num_in_r0
 *(.binary_info_header)
 .binary_info_header
                0x100001d4       0x14 CMakeFiles/centimeter.dir/D_/Pico_Downloads/pico-sdk/src/rp2_common/pico_standard_link/crt0.S.obj
                0x100001e8                __binary_info_header_end = .
 *(.reset)
 .reset         0x100001e8       0xa8 CMakeFiles/centimeter.dir/D_/Pico_Downloads/pico-sdk/src/rp2_common/pico_standard_link/crt0.S.obj
                0x100001e8                _entry_point
                0x10000266                __get_current_exception
 .reset         0x10000290       0x30 CMakeFiles/centimeter.dir/D_/Pico_Downloads/pico-sdk/src/rp2_common/pico_standard_link/binary_info.c.obj
 *(.init)
 .init          0x100002c0        0x4 c:/progra~2/gnuarm~1/102020~1/bin/../lib/gcc/arm-none-eabi/10.2.1/thumb/v6-m/nofp/crti.o
                0x100002c0                _init
 *(EXCLUDE_FILE(*libm.a: *libc.a:*lib_a-mem*.o *libgcc.a:) .text*)
 .text          0x100002c4       0x48 c:/progra~2/gnuarm~1/102020~1/bin/../lib/gcc/arm-none-eabi/10.2.1/thumb/v6-m/nofp/crtbegin.o
 .text.main     0x1000030c       0x3c CMakeFiles/centimeter.dir/cmExample.c.obj
                0x1000030c                main
 .text.setupUltrasonicPins
                0x10000348       0x22 CMakeFiles/centimeter.dir/ultrasonic/ultrasonic.c.obj
                0x10000348                setupUltrasonicPins
 *fill*         0x1000036a        0x2 
 .text.getPulse
                0x1000036c       0x78 CMakeFiles/centimeter.dir/ultrasonic/ultrasonic.c.obj
                0x1000036c                getPulse
 .text.getCm    0x100003e4       0x10 CMakeFiles/centimeter.dir/ultrasonic/ultrasonic.c.obj
                0x100003e4                getCm
 .text.gpio_set_function
                0x100003f4       0x30 CMakeFiles/centimeter.dir/D_/Pico_Downloads/pico-sdk/src/rp2_common/hardware_gpio/gpio.c.obj
                0x100003f4                gpio_set_function
 .text.gpio_init
                0x10000424       0x16 CMakeFiles/centimeter.dir/D_/Pico_Downloads/pico-sdk/src/rp2_common/hardware_gpio/gpio.c.obj
                0x10000424                gpio_init
 *fill*         0x1000043a        0x2 
 .text.hw_claim_lock
                0x1000043c       0x18 CMakeFiles/centimeter.dir/D_/Pico_Downloads/pico-sdk/src/rp2_common/hardware_claim/claim.c.obj
                0x1000043c                hw_claim_lock
 .text.hw_claim_unlock
                0x10000454       0x14 CMakeFiles/centimeter.dir/D_/Pico_Downloads/pico-sdk/src/rp2_common/hardware_claim/claim.c.obj
                0x10000454                hw_claim_unlock
 .text.hw_claim_or_assert
                0x10000468       0x34 CMakeFiles/centimeter.dir/D_/Pico_Downloads/pico-sdk/src/rp2_common/hardware_claim/claim.c.obj
                0x10000468                hw_claim_or_assert
 .text.hw_claim_unused_from_range
                0x1000049c       0x56 CMakeFiles/centimeter.dir/D_/Pico_Downloads/pico-sdk/src/rp2_common/hardware_claim/claim.c.obj
                0x1000049c                hw_claim_unused_from_range
 *fill*         0x100004f2        0x2 
 .text.spin_locks_reset
                0x100004f4       0x20 CMakeFiles/centimeter.dir/D_/Pico_Downloads/pico-sdk/src/rp2_common/hardware_sync/sync.c.obj
                0x100004f4                spin_locks_reset
 .text.next_striped_spin_lock_num
                0x10000514       0x1c CMakeFiles/centimeter.dir/D_/Pico_Downloads/pico-sdk/src/rp2_common/hardware_sync/sync.c.obj
                0x10000514                next_striped_spin_lock_num
 .text.spin_lock_claim_unused
                0x10000530       0x20 CMakeFiles/centimeter.dir/D_/Pico_Downloads/pico-sdk/src/rp2_common/hardware_sync/sync.c.obj
                0x10000530                spin_lock_claim_unused
 .text.running_on_fpga
                0x10000550       0x14 CMakeFiles/centimeter.dir/D_/Pico_Downloads/pico-sdk/src/rp2_common/pico_platform/platform.c.obj
                0x10000550                running_on_fpga
 .text.sev_callback
                0x10000564        0x8 CMakeFiles/centimeter.dir/D_/Pico_Downloads/pico-sdk/src/common/pico_time/time.c.obj
 .text.timer_pool_entry_comparator
                0x1000056c       0x7c CMakeFiles/centimeter.dir/D_/Pico_Downloads/pico-sdk/src/common/pico_time/time.c.obj
                0x1000056c                timer_pool_entry_comparator
 .text.ph_add_child_node
                0x100005e8       0xa4 CMakeFiles/centimeter.dir/D_/Pico_Downloads/pico-sdk/src/common/pico_time/time.c.obj
 .text.ph_merge_nodes
                0x1000068c       0x3e CMakeFiles/centimeter.dir/D_/Pico_Downloads/pico-sdk/src/common/pico_time/time.c.obj
 *fill*         0x100006ca        0x2 
 .text.add_alarm_under_lock
                0x100006cc      0x178 CMakeFiles/centimeter.dir/D_/Pico_Downloads/pico-sdk/src/common/pico_time/time.c.obj
 .text.alarm_pool_alarm_callback
                0x10000844      0x2e4 CMakeFiles/centimeter.dir/D_/Pico_Downloads/pico-sdk/src/common/pico_time/time.c.obj
 .text.alarm_pool_get_default
                0x10000b28       0x28 CMakeFiles/centimeter.dir/D_/Pico_Downloads/pico-sdk/src/common/pico_time/time.c.obj
                0x10000b28                alarm_pool_get_default
 .text.alarm_pool_create
                0x10000b50       0x6c CMakeFiles/centimeter.dir/D_/Pico_Downloads/pico-sdk/src/common/pico_time/time.c.obj
                0x10000b50                alarm_pool_create
 .text.alarm_pool_init_default
                0x10000bbc       0x20 CMakeFiles/centimeter.dir/D_/Pico_Downloads/pico-sdk/src/common/pico_time/time.c.obj
                0x10000bbc                alarm_pool_init_default
 .text.alarm_pool_add_alarm_at
                0x10000bdc      0x128 CMakeFiles/centimeter.dir/D_/Pico_Downloads/pico-sdk/src/common/pico_time/time.c.obj
                0x10000bdc                alarm_pool_add_alarm_at
 .text.alarm_pool_cancel_alarm
                0x10000d04       0xec CMakeFiles/centimeter.dir/D_/Pico_Downloads/pico-sdk/src/common/pico_time/time.c.obj
                0x10000d04                alarm_pool_cancel_alarm
 .text.sleep_until
                0x10000df0       0x94 CMakeFiles/centimeter.dir/D_/Pico_Downloads/pico-sdk/src/common/pico_time/time.c.obj
                0x10000df0                sleep_until
 .text.sleep_us
                0x10000e84       0x2c CMakeFiles/centimeter.dir/D_/Pico_Downloads/pico-sdk/src/common/pico_time/time.c.obj
                0x10000e84                sleep_us
 .text.sleep_ms
                0x10000eb0       0x14 CMakeFiles/centimeter.dir/D_/Pico_Downloads/pico-sdk/src/common/pico_time/time.c.obj
                0x10000eb0                sleep_ms
 .text.best_effort_wfe_or_timeout
                0x10000ec4       0x80 CMakeFiles/centimeter.dir/D_/Pico_Downloads/pico-sdk/src/common/pico_time/time.c.obj
                0x10000ec4                best_effort_wfe_or_timeout
 .text.hardware_alarm_irq_handler
                0x10000f44       0x8c CMakeFiles/centimeter.dir/D_/Pico_Downloads/pico-sdk/src/rp2_common/hardware_timer/timer.c.obj
 .text.hardware_alarm_claim
                0x10000fd0       0x18 CMakeFiles/centimeter.dir/D_/Pico_Downloads/pico-sdk/src/rp2_common/hardware_timer/timer.c.obj
                0x10000fd0                hardware_alarm_claim
 .text.time_us_64
                0x10000fe8       0x18 CMakeFiles/centimeter.dir/D_/Pico_Downloads/pico-sdk/src/rp2_common/hardware_timer/timer.c.obj
                0x10000fe8                time_us_64
 .text.busy_wait_until
                0x10001000       0x28 CMakeFiles/centimeter.dir/D_/Pico_Downloads/pico-sdk/src/rp2_common/hardware_timer/timer.c.obj
                0x10001000                busy_wait_until
 .text.hardware_alarm_set_callback
                0x10001028       0x90 CMakeFiles/centimeter.dir/D_/Pico_Downloads/pico-sdk/src/rp2_common/hardware_timer/timer.c.obj
                0x10001028                hardware_alarm_set_callback
 .text.hardware_alarm_set_target
                0x100010b8       0xd0 CMakeFiles/centimeter.dir/D_/Pico_Downloads/pico-sdk/src/rp2_common/hardware_timer/timer.c.obj
                0x100010b8                hardware_alarm_set_target
 .text.hardware_alarm_cancel
                0x10001188       0x40 CMakeFiles/centimeter.dir/D_/Pico_Downloads/pico-sdk/src/rp2_common/hardware_timer/timer.c.obj
                0x10001188                hardware_alarm_cancel
 .text.lock_init
                0x100011c8       0x30 CMakeFiles/centimeter.dir/D_/Pico_Downloads/pico-sdk/src/common/pico_sync/lock_core.c.obj
                0x100011c8                lock_init
 .text.mutex_init
                0x100011f8       0x1a CMakeFiles/centimeter.dir/D_/Pico_Downloads/pico-sdk/src/common/pico_sync/mutex.c.obj
                0x100011f8                mutex_init
 .text.critical_section_init_with_lock_num
                0x10001212        0xc CMakeFiles/centimeter.dir/D_/Pico_Downloads/pico-sdk/src/common/pico_sync/critical_section.c.obj
                0x10001212                critical_section_init_with_lock_num
 .text.critical_section_init
                0x1000121e       0x14 CMakeFiles/centimeter.dir/D_/Pico_Downloads/pico-sdk/src/common/pico_sync/critical_section.c.obj
                0x1000121e                critical_section_init
 *fill*         0x10001232        0x2 
 .text.ph_add_child_node
                0x10001234       0xa4 CMakeFiles/centimeter.dir/D_/Pico_Downloads/pico-sdk/src/common/pico_util/pheap.c.obj
 .text.ph_merge_nodes
                0x100012d8       0x3e CMakeFiles/centimeter.dir/D_/Pico_Downloads/pico-sdk/src/common/pico_util/pheap.c.obj
 *fill*         0x10001316        0x2 
 .text.ph_clear
                0x10001318       0x74 CMakeFiles/centimeter.dir/D_/Pico_Downloads/pico-sdk/src/common/pico_util/pheap.c.obj
                0x10001318                ph_clear
 .text.ph_create
                0x1000138c       0x2c CMakeFiles/centimeter.dir/D_/Pico_Downloads/pico-sdk/src/common/pico_util/pheap.c.obj
                0x1000138c                ph_create
 .text.ph_merge_two_pass
                0x100013b8       0xa8 CMakeFiles/centimeter.dir/D_/Pico_Downloads/pico-sdk/src/common/pico_util/pheap.c.obj
                0x100013b8                ph_merge_two_pass
 .text.ph_remove_any_head
                0x10001460      0x108 CMakeFiles/centimeter.dir/D_/Pico_Downloads/pico-sdk/src/common/pico_util/pheap.c.obj
 .text.ph_remove_head_reserve
                0x10001568       0x14 CMakeFiles/centimeter.dir/D_/Pico_Downloads/pico-sdk/src/common/pico_util/pheap.c.obj
                0x10001568                ph_remove_head_reserve
 .text.ph_delete
                0x1000157c       0xf8 CMakeFiles/centimeter.dir/D_/Pico_Downloads/pico-sdk/src/common/pico_util/pheap.c.obj
                0x1000157c                ph_delete
 .text.runtime_init
                0x10001674       0xcc CMakeFiles/centimeter.dir/D_/Pico_Downloads/pico-sdk/src/rp2_common/pico_runtime/runtime.c.obj
                0x10001674                runtime_init
 .text._exit    0x10001740        0x4 CMakeFiles/centimeter.dir/D_/Pico_Downloads/pico-sdk/src/rp2_common/pico_runtime/runtime.c.obj
                0x10001740                _exit
 .text._sbrk    0x10001744       0x38 CMakeFiles/centimeter.dir/D_/Pico_Downloads/pico-sdk/src/rp2_common/pico_runtime/runtime.c.obj
                0x10001744                _sbrk
 .text.exit     0x1000177c        0x6 CMakeFiles/centimeter.dir/D_/Pico_Downloads/pico-sdk/src/rp2_common/pico_runtime/runtime.c.obj
                0x1000177c                exit
 *fill*         0x10001782        0x2 
 .text.__assert_func
                0x10001784       0x3c CMakeFiles/centimeter.dir/D_/Pico_Downloads/pico-sdk/src/rp2_common/pico_runtime/runtime.c.obj
                0x10001784                __assert_func
 .text.panic    0x100017c0       0x30 CMakeFiles/centimeter.dir/D_/Pico_Downloads/pico-sdk/src/rp2_common/pico_runtime/runtime.c.obj
                0x100017c0                panic
 .text.clock_configure
                0x100017f0       0xe8 CMakeFiles/centimeter.dir/D_/Pico_Downloads/pico-sdk/src/rp2_common/hardware_clocks/clocks.c.obj
                0x100017f0                clock_configure
 .text.clocks_init
                0x100018d8      0x124 CMakeFiles/centimeter.dir/D_/Pico_Downloads/pico-sdk/src/rp2_common/hardware_clocks/clocks.c.obj
                0x100018d8                clocks_init
 .text.watchdog_start_tick
                0x100019fc       0x10 CMakeFiles/centimeter.dir/D_/Pico_Downloads/pico-sdk/src/rp2_common/hardware_watchdog/watchdog.c.obj
                0x100019fc                watchdog_start_tick
 .text.xosc_init
                0x10001a0c       0x28 CMakeFiles/centimeter.dir/D_/Pico_Downloads/pico-sdk/src/rp2_common/hardware_xosc/xosc.c.obj
                0x10001a0c                xosc_init
 .text.pll_init
                0x10001a34       0xd4 CMakeFiles/centimeter.dir/D_/Pico_Downloads/pico-sdk/src/rp2_common/hardware_pll/pll.c.obj
                0x10001a34                pll_init
 .text.set_raw_irq_handler_and_unlock
                0x10001b08       0x28 CMakeFiles/centimeter.dir/D_/Pico_Downloads/pico-sdk/src/rp2_common/hardware_irq/irq.c.obj
 .text.make_branch
                0x10001b30       0x34 CMakeFiles/centimeter.dir/D_/Pico_Downloads/pico-sdk/src/rp2_common/hardware_irq/irq.c.obj
 .text.insert_branch_and_link
                0x10001b64       0x40 CMakeFiles/centimeter.dir/D_/Pico_Downloads/pico-sdk/src/rp2_common/hardware_irq/irq.c.obj
 .text.irq_is_enabled
                0x10001ba4       0x18 CMakeFiles/centimeter.dir/D_/Pico_Downloads/pico-sdk/src/rp2_common/hardware_irq/irq.c.obj
                0x10001ba4                irq_is_enabled
 .text.irq_set_mask_enabled
                0x10001bbc       0x20 CMakeFiles/centimeter.dir/D_/Pico_Downloads/pico-sdk/src/rp2_common/hardware_irq/irq.c.obj
                0x10001bbc                irq_set_mask_enabled
 .text.irq_set_enabled
                0x10001bdc        0xe CMakeFiles/centimeter.dir/D_/Pico_Downloads/pico-sdk/src/rp2_common/hardware_irq/irq.c.obj
                0x10001bdc                irq_set_enabled
 *fill*         0x10001bea        0x2 
 .text.irq_set_pending
                0x10001bec       0x10 CMakeFiles/centimeter.dir/D_/Pico_Downloads/pico-sdk/src/rp2_common/hardware_irq/irq.c.obj
                0x10001bec                irq_set_pending
 .text.irq_get_vtable_handler
                0x10001bfc       0x10 CMakeFiles/centimeter.dir/D_/Pico_Downloads/pico-sdk/src/rp2_common/hardware_irq/irq.c.obj
                0x10001bfc                irq_get_vtable_handler
 .text.irq_set_exclusive_handler
                0x10001c0c       0x54 CMakeFiles/centimeter.dir/D_/Pico_Downloads/pico-sdk/src/rp2_common/hardware_irq/irq.c.obj
                0x10001c0c                irq_set_exclusive_handler
 .text.irq_remove_handler
                0x10001c60      0x1b4 CMakeFiles/centimeter.dir/D_/Pico_Downloads/pico-sdk/src/rp2_common/hardware_irq/irq.c.obj
                0x10001c60                irq_remove_handler
 .text.irq_set_priority
                0x10001e14       0x28 CMakeFiles/centimeter.dir/D_/Pico_Downloads/pico-sdk/src/rp2_common/hardware_irq/irq.c.obj
                0x10001e14                irq_set_priority
 .text.irq_add_tail_to_free_list
                0x10001e3c       0xf8 CMakeFiles/centimeter.dir/D_/Pico_Downloads/pico-sdk/src/rp2_common/hardware_irq/irq.c.obj
                0x10001e3c                irq_add_tail_to_free_list
 .text.irq_init_priorities
                0x10001f34       0x16 CMakeFiles/centimeter.dir/D_/Pico_Downloads/pico-sdk/src/rp2_common/hardware_irq/irq.c.obj
                0x10001f34                irq_init_priorities
 .text._out_null
                0x10001f4a        0x2 CMakeFiles/centimeter.dir/D_/Pico_Downloads/pico-sdk/src/rp2_common/pico_printf/printf.c.obj
 .text._out_fct
                0x10001f4c        0xe CMakeFiles/centimeter.dir/D_/Pico_Downloads/pico-sdk/src/rp2_common/pico_printf/printf.c.obj
 .text._atoi    0x10001f5a       0x24 CMakeFiles/centimeter.dir/D_/Pico_Downloads/pico-sdk/src/rp2_common/pico_printf/printf.c.obj
 .text._out_rev
                0x10001f7e       0xae CMakeFiles/centimeter.dir/D_/Pico_Downloads/pico-sdk/src/rp2_common/pico_printf/printf.c.obj
 .text._ntoa_format
                0x1000202c      0x112 CMakeFiles/centimeter.dir/D_/Pico_Downloads/pico-sdk/src/rp2_common/pico_printf/printf.c.obj
 .text._ntoa_long
                0x1000213e       0xbc CMakeFiles/centimeter.dir/D_/Pico_Downloads/pico-sdk/src/rp2_common/pico_printf/printf.c.obj
 .text._ntoa_long_long
                0x100021fa       0xe2 CMakeFiles/centimeter.dir/D_/Pico_Downloads/pico-sdk/src/rp2_common/pico_printf/printf.c.obj
 .text._etoa    0x100022dc      0x404 CMakeFiles/centimeter.dir/D_/Pico_Downloads/pico-sdk/src/rp2_common/pico_printf/printf.c.obj
 .text._ftoa    0x100026e0      0x354 CMakeFiles/centimeter.dir/D_/Pico_Downloads/pico-sdk/src/rp2_common/pico_printf/printf.c.obj
 .text._vsnprintf
                0x10002a34      0x624 CMakeFiles/centimeter.dir/D_/Pico_Downloads/pico-sdk/src/rp2_common/pico_printf/printf.c.obj
 .text.vfctprintf
                0x10003058       0x20 CMakeFiles/centimeter.dir/D_/Pico_Downloads/pico-sdk/src/rp2_common/pico_printf/printf.c.obj
                0x10003058                vfctprintf
 .text          0x10003078       0x10 CMakeFiles/centimeter.dir/D_/Pico_Downloads/pico-sdk/src/rp2_common/pico_bit_ops/bit_ops_aeabi.S.obj
 .text.rom_func_lookup
                0x10003088       0x10 CMakeFiles/centimeter.dir/D_/Pico_Downloads/pico-sdk/src/rp2_common/pico_bootrom/bootrom.c.obj
                0x10003088                rom_func_lookup
 .text.rom_data_lookup
                0x10003098       0x10 CMakeFiles/centimeter.dir/D_/Pico_Downloads/pico-sdk/src/rp2_common/pico_bootrom/bootrom.c.obj
                0x10003098                rom_data_lookup
 .text.rom_funcs_lookup
                0x100030a8       0x36 CMakeFiles/centimeter.dir/D_/Pico_Downloads/pico-sdk/src/rp2_common/pico_bootrom/bootrom.c.obj
                0x100030a8                rom_funcs_lookup
 *fill*         0x100030de        0x2 
 .text.__wrap___aeabi_idiv
                0x100030e0       0x58 CMakeFiles/centimeter.dir/D_/Pico_Downloads/pico-sdk/src/rp2_common/pico_divider/divider.S.obj
                0x100030e0                __wrap___aeabi_idivmod
                0x100030e0                divmod_s32s32
                0x100030e0                div_s32s32
                0x100030e0                __wrap___aeabi_idiv
                0x100030e8                divmod_s32s32_unsafe
                0x10003114                divmod_s32s32_savestate
 .text.__wrap___aeabi_uidiv
                0x10003138       0x54 CMakeFiles/centimeter.dir/D_/Pico_Downloads/pico-sdk/src/rp2_common/pico_divider/divider.S.obj
                0x10003138                __wrap___aeabi_uidiv
                0x10003138                __wrap___aeabi_uidivmod
                0x10003138                div_u32u32
                0x10003138                divmod_u32u32
                0x10003140                divmod_u32u32_unsafe
                0x10003168                divmod_u32u32_savestate
 .text.__wrap___aeabi_ldiv
                0x1000318c      0x430 CMakeFiles/centimeter.dir/D_/Pico_Downloads/pico-sdk/src/rp2_common/pico_divider/divider.S.obj
                0x1000318c                div_s64s64
                0x1000318c                divmod_s64s64
                0x1000318c                __wrap___aeabi_ldivmod
                0x100031c4                divmod_u64u64
                0x100031c4                div_u64u64
                0x100031c4                __wrap___aeabi_uldivmod
                0x100031d4                divmod_u64u64_savestate
                0x100031fc                divmod_s64s64_unsafe
                0x10003284                divmod_u64u64_unsafe
 .text.__wrap___aeabi_darithmetic
                0x100035bc       0x54 CMakeFiles/centimeter.dir/D_/Pico_Downloads/pico-sdk/src/rp2_common/pico_double/double_aeabi.S.obj
                0x100035bc                __wrap___aeabi_drsub
                0x100035c2                __wrap___aeabi_dsub
                0x100035d4                __wrap___aeabi_dadd
                0x100035e6                __wrap___aeabi_ddiv
                0x100035f8                __wrap___aeabi_dmul
 .text.__wrap___aeabi_cdcmple
                0x10003610       0x6c CMakeFiles/centimeter.dir/D_/Pico_Downloads/pico-sdk/src/rp2_common/pico_double/double_aeabi.S.obj
                0x10003610                __wrap___aeabi_cdrcmple
                0x10003620                __wrap___aeabi_cdcmpeq
                0x10003620                __wrap___aeabi_cdcmple
 .text.__wrap___aeabi_dcmplt
                0x1000367c        0xc CMakeFiles/centimeter.dir/D_/Pico_Downloads/pico-sdk/src/rp2_common/pico_double/double_aeabi.S.obj
                0x1000367c                __wrap___aeabi_dcmplt
 .text.__wrap___aeabi_dcmple
                0x10003688       0x10 CMakeFiles/centimeter.dir/D_/Pico_Downloads/pico-sdk/src/rp2_common/pico_double/double_aeabi.S.obj
                0x10003688                __wrap___aeabi_dcmple
 .text.__wrap___aeabi_dcmpge
                0x10003698       0x10 CMakeFiles/centimeter.dir/D_/Pico_Downloads/pico-sdk/src/rp2_common/pico_double/double_aeabi.S.obj
                0x10003698                __wrap___aeabi_dcmpge
 .text.__wrap___aeabi_dcmpgt
                0x100036a8        0xa CMakeFiles/centimeter.dir/D_/Pico_Downloads/pico-sdk/src/rp2_common/pico_double/double_aeabi.S.obj
                0x100036a8                __wrap___aeabi_dcmpgt
 .text.__wrap___aeabi_dcmpun
                0x100036b2       0x1c CMakeFiles/centimeter.dir/D_/Pico_Downloads/pico-sdk/src/rp2_common/pico_double/double_aeabi.S.obj
                0x100036b2                __wrap___aeabi_dcmpun
 *fill*         0x100036ce        0x2 
 .text.__wrap___aeabi_i2d
                0x100036d0       0x38 CMakeFiles/centimeter.dir/D_/Pico_Downloads/pico-sdk/src/rp2_common/pico_double/double_aeabi.S.obj
                0x100036d0                __wrap___aeabi_ui2d
                0x100036d8                __wrap___aeabi_i2d
 .text.__wrap___aeabi_d2iz
                0x10003708       0x48 CMakeFiles/centimeter.dir/D_/Pico_Downloads/pico-sdk/src/rp2_common/pico_double/double_aeabi.S.obj
                0x10003708                double2int_z
                0x10003708                __wrap___aeabi_d2iz
 .text.__wrap___aeabi_d2uiz
                0x10003750       0x18 CMakeFiles/centimeter.dir/D_/Pico_Downloads/pico-sdk/src/rp2_common/pico_double/double_aeabi.S.obj
                0x10003750                __wrap___aeabi_d2uiz
                0x10003750                double2uint
 .text.__aeabi_double_init
                0x10003768       0xb8 CMakeFiles/centimeter.dir/D_/Pico_Downloads/pico-sdk/src/rp2_common/pico_double/double_init_rom.c.obj
                0x10003768                __aeabi_double_init
 .text.double_table_shim_on_use_helper
                0x10003820       0x34 CMakeFiles/centimeter.dir/D_/Pico_Downloads/pico-sdk/src/rp2_common/pico_double/double_v1_rom_shim.S.obj
                0x10003820                double_table_shim_on_use_helper
 .text.__wrap___aeabi_dsub
                0x10003854       0x10 CMakeFiles/centimeter.dir/D_/Pico_Downloads/pico-sdk/src/rp2_common/pico_double/double_v1_rom_shim.S.obj
                0x10003854                drsub_shim
                0x1000385a                dsub_shim
 .text.dadd_shim
                0x10003864      0x15c CMakeFiles/centimeter.dir/D_/Pico_Downloads/pico-sdk/src/rp2_common/pico_double/double_v1_rom_shim.S.obj
                0x10003864                dadd_shim
 .text.dmul_shim
                0x100039c0      0x15c CMakeFiles/centimeter.dir/D_/Pico_Downloads/pico-sdk/src/rp2_common/pico_double/double_v1_rom_shim.S.obj
                0x100039c0                dmul_shim
 .text.ddiv_shim
                0x10003b1c      0x1b0 CMakeFiles/centimeter.dir/D_/Pico_Downloads/pico-sdk/src/rp2_common/pico_double/double_v1_rom_shim.S.obj
                0x10003b1c                ddiv_shim
 .text.dcordic_rot_step
                0x10003ccc       0x7c CMakeFiles/centimeter.dir/D_/Pico_Downloads/pico-sdk/src/rp2_common/pico_double/double_v1_rom_shim.S.obj
                0x10003ccc                dcordic_rot_step
 .text.double2uint_shim
                0x10003d48        0xe CMakeFiles/centimeter.dir/D_/Pico_Downloads/pico-sdk/src/rp2_common/pico_double/double_v1_rom_shim.S.obj
                0x10003d48                double2uint_shim
                0x10003d4a                double2ufix_shim
 *fill*         0x10003d56        0x2 
 .text.double2uint64_shim
                0x10003d58       0x6c CMakeFiles/centimeter.dir/D_/Pico_Downloads/pico-sdk/src/rp2_common/pico_double/double_v1_rom_shim.S.obj
                0x10003d58                double2uint64_shim
                0x10003d5a                double2ufix64_shim
                0x10003d74                d2fix_a
 .text.dunpacks
                0x10003dc4       0x3c CMakeFiles/centimeter.dir/D_/Pico_Downloads/pico-sdk/src/rp2_common/pico_double/double_v1_rom_shim.S.obj
                0x10003dc4                dunpacks
 .text.__aeabi_lmul
                0x10003e00       0x32 CMakeFiles/centimeter.dir/D_/Pico_Downloads/pico-sdk/src/rp2_common/pico_int64_ops/pico_int64_ops_aeabi.S.obj
                0x10003e00                __wrap___aeabi_lmul
 *fill*         0x10003e32        0x2 
 .text.__aeabi_float_init
                0x10003e34       0xfc CMakeFiles/centimeter.dir/D_/Pico_Downloads/pico-sdk/src/rp2_common/pico_float/float_init_rom.c.obj
                0x10003e34                __aeabi_float_init
 .text.float_table_shim_on_use_helper
                0x10003f30       0x34 CMakeFiles/centimeter.dir/D_/Pico_Downloads/pico-sdk/src/rp2_common/pico_float/float_v1_rom_shim.S.obj
                0x10003f30                float_table_shim_on_use_helper
 .text.__wrap_malloc
                0x10003f64        0x8 CMakeFiles/centimeter.dir/D_/Pico_Downloads/pico-sdk/src/rp2_common/pico_malloc/pico_malloc.c.obj
                0x10003f64                __wrap_malloc
 .text.__wrap_calloc
                0x10003f6c        0x8 CMakeFiles/centimeter.dir/D_/Pico_Downloads/pico-sdk/src/rp2_common/pico_malloc/pico_malloc.c.obj
                0x10003f6c                __wrap_calloc
 .text          0x10003f74       0x10 CMakeFiles/centimeter.dir/D_/Pico_Downloads/pico-sdk/src/rp2_common/pico_mem_ops/mem_ops_aeabi.S.obj
                0x10003f74                __aeabi_mem_init
 .text.memset   0x10003f84        0xc CMakeFiles/centimeter.dir/D_/Pico_Downloads/pico-sdk/src/rp2_common/pico_mem_ops/mem_ops_aeabi.S.obj
                0x10003f84                __wrap_memset
 .text.memcpy   0x10003f90        0xc CMakeFiles/centimeter.dir/D_/Pico_Downloads/pico-sdk/src/rp2_common/pico_mem_ops/mem_ops_aeabi.S.obj
                0x10003f90                __wrap_memcpy
                0x10003f90                __wrap___aeabi_memcpy
 .text.stdio_out_chars_crlf
                0x10003f9c       0x80 CMakeFiles/centimeter.dir/D_/Pico_Downloads/pico-sdk/src/rp2_common/pico_stdio/stdio.c.obj
 .text.stdio_stack_buffer_flush
                0x1000401c       0x44 CMakeFiles/centimeter.dir/D_/Pico_Downloads/pico-sdk/src/rp2_common/pico_stdio/stdio.c.obj
 .text.stdio_buffered_printer
                0x10004060       0x20 CMakeFiles/centimeter.dir/D_/Pico_Downloads/pico-sdk/src/rp2_common/pico_stdio/stdio.c.obj
 .text.stdout_serialize_begin
                0x10004080       0x2c CMakeFiles/centimeter.dir/D_/Pico_Downloads/pico-sdk/src/rp2_common/pico_stdio/stdio.c.obj
                0x10004080                stdout_serialize_begin
 .text.stdout_serialize_end
                0x100040ac       0x10 CMakeFiles/centimeter.dir/D_/Pico_Downloads/pico-sdk/src/rp2_common/pico_stdio/stdio.c.obj
                0x100040ac                stdout_serialize_end
 .text.stdio_put_string
                0x100040bc       0x84 CMakeFiles/centimeter.dir/D_/Pico_Downloads/pico-sdk/src/rp2_common/pico_stdio/stdio.c.obj
 .text.stdio_set_driver_enabled
                0x10004140       0x38 CMakeFiles/centimeter.dir/D_/Pico_Downloads/pico-sdk/src/rp2_common/pico_stdio/stdio.c.obj
                0x10004140                stdio_set_driver_enabled
 .text.stdio_flush
                0x10004178       0x20 CMakeFiles/centimeter.dir/D_/Pico_Downloads/pico-sdk/src/rp2_common/pico_stdio/stdio.c.obj
                0x10004178                stdio_flush
 .text.__wrap_puts
                0x10004198       0x1c CMakeFiles/centimeter.dir/D_/Pico_Downloads/pico-sdk/src/rp2_common/pico_stdio/stdio.c.obj
                0x10004198                __wrap_puts
 .text.__wrap_vprintf
                0x100041b4       0x44 CMakeFiles/centimeter.dir/D_/Pico_Downloads/pico-sdk/src/rp2_common/pico_stdio/stdio.c.obj
                0x100041b4                __wrap_vprintf
 .text.__wrap_printf
                0x100041f8       0x18 CMakeFiles/centimeter.dir/D_/Pico_Downloads/pico-sdk/src/rp2_common/pico_stdio/stdio.c.obj
                0x100041f8                __wrap_printf
 .text.stdio_init_all
                0x10004210        0x8 CMakeFiles/centimeter.dir/D_/Pico_Downloads/pico-sdk/src/rp2_common/pico_stdio/stdio.c.obj
                0x10004210                stdio_init_all
 .text.stdio_usb_in_chars
                0x10004218       0x70 CMakeFiles/centimeter.dir/D_/Pico_Downloads/pico-sdk/src/rp2_common/pico_stdio_usb/stdio_usb.c.obj
                0x10004218                stdio_usb_in_chars
 .text.low_priority_worker_irq
                0x10004288       0x20 CMakeFiles/centimeter.dir/D_/Pico_Downloads/pico-sdk/src/rp2_common/pico_stdio_usb/stdio_usb.c.obj
 .text.stdio_usb_out_chars
                0x100042a8       0xd4 CMakeFiles/centimeter.dir/D_/Pico_Downloads/pico-sdk/src/rp2_common/pico_stdio_usb/stdio_usb.c.obj
 .text.timer_task
                0x1000437c       0x10 CMakeFiles/centimeter.dir/D_/Pico_Downloads/pico-sdk/src/rp2_common/pico_stdio_usb/stdio_usb.c.obj
 .text.stdio_usb_init
                0x1000438c       0x90 CMakeFiles/centimeter.dir/D_/Pico_Downloads/pico-sdk/src/rp2_common/pico_stdio_usb/stdio_usb.c.obj
                0x1000438c                stdio_usb_init
 .text.tud_descriptor_device_cb
                0x1000441c        0x8 CMakeFiles/centimeter.dir/D_/Pico_Downloads/pico-sdk/src/rp2_common/pico_stdio_usb/stdio_usb_descriptors.c.obj
                0x1000441c                tud_descriptor_device_cb
 .text.tud_descriptor_configuration_cb
                0x10004424        0x8 CMakeFiles/centimeter.dir/D_/Pico_Downloads/pico-sdk/src/rp2_common/pico_stdio_usb/stdio_usb_descriptors.c.obj
                0x10004424                tud_descriptor_configuration_cb
 .text.tud_descriptor_string_cb
                0x1000442c       0x50 CMakeFiles/centimeter.dir/D_/Pico_Downloads/pico-sdk/src/rp2_common/pico_stdio_usb/stdio_usb_descriptors.c.obj
                0x1000442c                tud_descriptor_string_cb
 .text.hw_endpoint_get_by_addr
                0x1000447c       0x1c CMakeFiles/centimeter.dir/D_/Pico_Downloads/pico-sdk/lib/tinyusb/src/portable/raspberrypi/rp2040/dcd_rp2040.c.obj
 .text.reset_ep0
                0x10004498       0x2c CMakeFiles/centimeter.dir/D_/Pico_Downloads/pico-sdk/lib/tinyusb/src/portable/raspberrypi/rp2040/dcd_rp2040.c.obj
 .text._hw_endpoint_alloc
                0x100044c4       0x7c CMakeFiles/centimeter.dir/D_/Pico_Downloads/pico-sdk/lib/tinyusb/src/portable/raspberrypi/rp2040/dcd_rp2040.c.obj
 .text._hw_endpoint_init
                0x10004540       0xbc CMakeFiles/centimeter.dir/D_/Pico_Downloads/pico-sdk/lib/tinyusb/src/portable/raspberrypi/rp2040/dcd_rp2040.c.obj
 .text.hw_endpoint_init
                0x100045fc       0x18 CMakeFiles/centimeter.dir/D_/Pico_Downloads/pico-sdk/lib/tinyusb/src/portable/raspberrypi/rp2040/dcd_rp2040.c.obj
 .text.hw_handle_buff_status
                0x10004614       0xb8 CMakeFiles/centimeter.dir/D_/Pico_Downloads/pico-sdk/lib/tinyusb/src/portable/raspberrypi/rp2040/dcd_rp2040.c.obj
 .text.dcd_rp2040_irq
                0x100046cc       0x8c CMakeFiles/centimeter.dir/D_/Pico_Downloads/pico-sdk/lib/tinyusb/src/portable/raspberrypi/rp2040/dcd_rp2040.c.obj
 .text.hw_endpoint_xfer
                0x10004758       0x18 CMakeFiles/centimeter.dir/D_/Pico_Downloads/pico-sdk/lib/tinyusb/src/portable/raspberrypi/rp2040/dcd_rp2040.c.obj
 .text.ep0_0len_status
                0x10004770       0x14 CMakeFiles/centimeter.dir/D_/Pico_Downloads/pico-sdk/lib/tinyusb/src/portable/raspberrypi/rp2040/dcd_rp2040.c.obj
 .text._hw_endpoint_stall
                0x10004784       0x54 CMakeFiles/centimeter.dir/D_/Pico_Downloads/pico-sdk/lib/tinyusb/src/portable/raspberrypi/rp2040/dcd_rp2040.c.obj
 .text.hw_endpoint_stall
                0x100047d8        0xc CMakeFiles/centimeter.dir/D_/Pico_Downloads/pico-sdk/lib/tinyusb/src/portable/raspberrypi/rp2040/dcd_rp2040.c.obj
 .text._hw_endpoint_clear_stall
                0x100047e4       0x34 CMakeFiles/centimeter.dir/D_/Pico_Downloads/pico-sdk/lib/tinyusb/src/portable/raspberrypi/rp2040/dcd_rp2040.c.obj
 .text.hw_endpoint_clear_stall
                0x10004818        0xc CMakeFiles/centimeter.dir/D_/Pico_Downloads/pico-sdk/lib/tinyusb/src/portable/raspberrypi/rp2040/dcd_rp2040.c.obj
 .text.dcd_int_enable
                0x10004824       0x2c CMakeFiles/centimeter.dir/D_/Pico_Downloads/pico-sdk/lib/tinyusb/src/portable/raspberrypi/rp2040/dcd_rp2040.c.obj
                0x10004824                dcd_int_enable
 .text.dcd_set_address
                0x10004850       0x30 CMakeFiles/centimeter.dir/D_/Pico_Downloads/pico-sdk/lib/tinyusb/src/portable/raspberrypi/rp2040/dcd_rp2040.c.obj
                0x10004850                dcd_set_address
 .text.dcd_connect
                0x10004880       0x30 CMakeFiles/centimeter.dir/D_/Pico_Downloads/pico-sdk/lib/tinyusb/src/portable/raspberrypi/rp2040/dcd_rp2040.c.obj
                0x10004880                dcd_connect
 .text.dcd_init
                0x100048b0       0x90 CMakeFiles/centimeter.dir/D_/Pico_Downloads/pico-sdk/lib/tinyusb/src/portable/raspberrypi/rp2040/dcd_rp2040.c.obj
                0x100048b0                dcd_init
 .text.dcd_edpt0_status_complete
                0x10004940       0x44 CMakeFiles/centimeter.dir/D_/Pico_Downloads/pico-sdk/lib/tinyusb/src/portable/raspberrypi/rp2040/dcd_rp2040.c.obj
                0x10004940                dcd_edpt0_status_complete
 .text.dcd_edpt_open
                0x10004984       0x40 CMakeFiles/centimeter.dir/D_/Pico_Downloads/pico-sdk/lib/tinyusb/src/portable/raspberrypi/rp2040/dcd_rp2040.c.obj
                0x10004984                dcd_edpt_open
 .text.dcd_edpt_xfer
                0x100049c4       0x34 CMakeFiles/centimeter.dir/D_/Pico_Downloads/pico-sdk/lib/tinyusb/src/portable/raspberrypi/rp2040/dcd_rp2040.c.obj
                0x100049c4                dcd_edpt_xfer
 .text.dcd_edpt_stall
                0x100049f8       0x28 CMakeFiles/centimeter.dir/D_/Pico_Downloads/pico-sdk/lib/tinyusb/src/portable/raspberrypi/rp2040/dcd_rp2040.c.obj
                0x100049f8                dcd_edpt_stall
 .text.dcd_edpt_clear_stall
                0x10004a20       0x28 CMakeFiles/centimeter.dir/D_/Pico_Downloads/pico-sdk/lib/tinyusb/src/portable/raspberrypi/rp2040/dcd_rp2040.c.obj
                0x10004a20                dcd_edpt_clear_stall
 .text.rp2040_usb_init
                0x10004a48       0x50 CMakeFiles/centimeter.dir/D_/Pico_Downloads/pico-sdk/lib/tinyusb/src/portable/raspberrypi/rp2040/rp2040_usb.c.obj
                0x10004a48                rp2040_usb_init
 .text.hw_endpoint_reset_transfer
                0x10004a98       0x14 CMakeFiles/centimeter.dir/D_/Pico_Downloads/pico-sdk/lib/tinyusb/src/portable/raspberrypi/rp2040/rp2040_usb.c.obj
                0x10004a98                hw_endpoint_reset_transfer
 .text._hw_endpoint_buffer_control_update32
                0x10004aac       0x54 CMakeFiles/centimeter.dir/D_/Pico_Downloads/pico-sdk/lib/tinyusb/src/portable/raspberrypi/rp2040/rp2040_usb.c.obj
                0x10004aac                _hw_endpoint_buffer_control_update32
 .text._hw_endpoint_start_next_buffer
                0x10004b00       0x5a CMakeFiles/centimeter.dir/D_/Pico_Downloads/pico-sdk/lib/tinyusb/src/portable/raspberrypi/rp2040/rp2040_usb.c.obj
                0x10004b00                _hw_endpoint_start_next_buffer
 .text._hw_endpoint_xfer_start
                0x10004b5a       0x46 CMakeFiles/centimeter.dir/D_/Pico_Downloads/pico-sdk/lib/tinyusb/src/portable/raspberrypi/rp2040/rp2040_usb.c.obj
                0x10004b5a                _hw_endpoint_xfer_start
 .text._hw_endpoint_xfer_sync
                0x10004ba0       0x74 CMakeFiles/centimeter.dir/D_/Pico_Downloads/pico-sdk/lib/tinyusb/src/portable/raspberrypi/rp2040/rp2040_usb.c.obj
                0x10004ba0                _hw_endpoint_xfer_sync
 .text._hw_endpoint_xfer_continue
                0x10004c14       0x58 CMakeFiles/centimeter.dir/D_/Pico_Downloads/pico-sdk/lib/tinyusb/src/portable/raspberrypi/rp2040/rp2040_usb.c.obj
                0x10004c14                _hw_endpoint_xfer_continue
 .text._hw_endpoint_xfer
                0x10004c6c       0x34 CMakeFiles/centimeter.dir/D_/Pico_Downloads/pico-sdk/lib/tinyusb/src/portable/raspberrypi/rp2040/rp2040_usb.c.obj
                0x10004c6c                _hw_endpoint_xfer
 .text.mark_interface_endpoint
                0x10004ca0       0x2a CMakeFiles/centimeter.dir/D_/Pico_Downloads/pico-sdk/lib/tinyusb/src/device/usbd.c.obj
 *fill*         0x10004cca        0x2 
 .text.usbd_reset
                0x10004ccc       0x88 CMakeFiles/centimeter.dir/D_/Pico_Downloads/pico-sdk/lib/tinyusb/src/device/usbd.c.obj
 .text.invoke_class_control
                0x10004d54       0x18 CMakeFiles/centimeter.dir/D_/Pico_Downloads/pico-sdk/lib/tinyusb/src/device/usbd.c.obj
 .text.process_set_config
                0x10004d6c      0x1d0 CMakeFiles/centimeter.dir/D_/Pico_Downloads/pico-sdk/lib/tinyusb/src/device/usbd.c.obj
 .text.process_get_descriptor
                0x10004f3c       0xf4 CMakeFiles/centimeter.dir/D_/Pico_Downloads/pico-sdk/lib/tinyusb/src/device/usbd.c.obj
 .text.tud_mounted
                0x10005030       0x10 CMakeFiles/centimeter.dir/D_/Pico_Downloads/pico-sdk/lib/tinyusb/src/device/usbd.c.obj
                0x10005030                tud_mounted
 .text.tud_suspended
                0x10005040       0x10 CMakeFiles/centimeter.dir/D_/Pico_Downloads/pico-sdk/lib/tinyusb/src/device/usbd.c.obj
                0x10005040                tud_suspended
 .text.tud_init
                0x10005050       0xb8 CMakeFiles/centimeter.dir/D_/Pico_Downloads/pico-sdk/lib/tinyusb/src/device/usbd.c.obj
                0x10005050                tud_init
 .text.dcd_event_handler
                0x10005108      0x1c4 CMakeFiles/centimeter.dir/D_/Pico_Downloads/pico-sdk/lib/tinyusb/src/device/usbd.c.obj
                0x10005108                dcd_event_handler
 .text.dcd_event_bus_signal
                0x100052cc       0x26 CMakeFiles/centimeter.dir/D_/Pico_Downloads/pico-sdk/lib/tinyusb/src/device/usbd.c.obj
                0x100052cc                dcd_event_bus_signal
 .text.dcd_event_setup_received
                0x100052f2       0x34 CMakeFiles/centimeter.dir/D_/Pico_Downloads/pico-sdk/lib/tinyusb/src/device/usbd.c.obj
                0x100052f2                dcd_event_setup_received
 .text.dcd_event_xfer_complete
                0x10005326       0x44 CMakeFiles/centimeter.dir/D_/Pico_Downloads/pico-sdk/lib/tinyusb/src/device/usbd.c.obj
                0x10005326                dcd_event_xfer_complete
 .text.usbd_edpt_open
                0x1000536a        0x8 CMakeFiles/centimeter.dir/D_/Pico_Downloads/pico-sdk/lib/tinyusb/src/device/usbd.c.obj
                0x1000536a                usbd_edpt_open
 *fill*         0x10005372        0x2 
 .text.usbd_open_edpt_pair
                0x10005374       0x8c CMakeFiles/centimeter.dir/D_/Pico_Downloads/pico-sdk/lib/tinyusb/src/device/usbd.c.obj
                0x10005374                usbd_open_edpt_pair
 .text.usbd_edpt_claim
                0x10005400       0x8c CMakeFiles/centimeter.dir/D_/Pico_Downloads/pico-sdk/lib/tinyusb/src/device/usbd.c.obj
                0x10005400                usbd_edpt_claim
 .text.usbd_edpt_release
                0x1000548c       0x68 CMakeFiles/centimeter.dir/D_/Pico_Downloads/pico-sdk/lib/tinyusb/src/device/usbd.c.obj
                0x1000548c                usbd_edpt_release
 .text.usbd_edpt_xfer
                0x100054f4       0x80 CMakeFiles/centimeter.dir/D_/Pico_Downloads/pico-sdk/lib/tinyusb/src/device/usbd.c.obj
                0x100054f4                usbd_edpt_xfer
 .text.usbd_edpt_stall
                0x10005574       0x2c CMakeFiles/centimeter.dir/D_/Pico_Downloads/pico-sdk/lib/tinyusb/src/device/usbd.c.obj
                0x10005574                usbd_edpt_stall
 .text.usbd_edpt_clear_stall
                0x100055a0       0x2c CMakeFiles/centimeter.dir/D_/Pico_Downloads/pico-sdk/lib/tinyusb/src/device/usbd.c.obj
                0x100055a0                usbd_edpt_clear_stall
 .text.usbd_edpt_stalled
                0x100055cc       0x1c CMakeFiles/centimeter.dir/D_/Pico_Downloads/pico-sdk/lib/tinyusb/src/device/usbd.c.obj
                0x100055cc                usbd_edpt_stalled
 .text.process_control_request
                0x100055e8      0x37c CMakeFiles/centimeter.dir/D_/Pico_Downloads/pico-sdk/lib/tinyusb/src/device/usbd.c.obj
 .text.tud_task
                0x10005964      0x204 CMakeFiles/centimeter.dir/D_/Pico_Downloads/pico-sdk/lib/tinyusb/src/device/usbd.c.obj
                0x10005964                tud_task
 .text._data_stage_xact
                0x10005b68       0x58 CMakeFiles/centimeter.dir/D_/Pico_Downloads/pico-sdk/lib/tinyusb/src/device/usbd_control.c.obj
 .text.tud_control_status
                0x10005bc0       0x38 CMakeFiles/centimeter.dir/D_/Pico_Downloads/pico-sdk/lib/tinyusb/src/device/usbd_control.c.obj
                0x10005bc0                tud_control_status
 .text.tud_control_xfer
                0x10005bf8       0xa8 CMakeFiles/centimeter.dir/D_/Pico_Downloads/pico-sdk/lib/tinyusb/src/device/usbd_control.c.obj
                0x10005bf8                tud_control_xfer
 .text.usbd_control_reset
                0x10005ca0       0x14 CMakeFiles/centimeter.dir/D_/Pico_Downloads/pico-sdk/lib/tinyusb/src/device/usbd_control.c.obj
                0x10005ca0                usbd_control_reset
 .text.usbd_control_set_complete_callback
                0x10005cb4        0xc CMakeFiles/centimeter.dir/D_/Pico_Downloads/pico-sdk/lib/tinyusb/src/device/usbd_control.c.obj
                0x10005cb4                usbd_control_set_complete_callback
 .text.usbd_control_set_request
                0x10005cc0       0x1c CMakeFiles/centimeter.dir/D_/Pico_Downloads/pico-sdk/lib/tinyusb/src/device/usbd_control.c.obj
                0x10005cc0                usbd_control_set_request
 .text.usbd_control_xfer_cb
                0x10005cdc       0xe8 CMakeFiles/centimeter.dir/D_/Pico_Downloads/pico-sdk/lib/tinyusb/src/device/usbd_control.c.obj
                0x10005cdc                usbd_control_xfer_cb
 .text._prep_out_transaction
                0x10005dc4       0x46 CMakeFiles/centimeter.dir/D_/Pico_Downloads/pico-sdk/lib/tinyusb/src/class/cdc/cdc_device.c.obj
 *fill*         0x10005e0a        0x2 
 .text.tud_cdc_n_connected
                0x10005e0c       0x48 CMakeFiles/centimeter.dir/D_/Pico_Downloads/pico-sdk/lib/tinyusb/src/class/cdc/cdc_device.c.obj
                0x10005e0c                tud_cdc_n_connected
 .text.tud_cdc_n_available
                0x10005e54       0x20 CMakeFiles/centimeter.dir/D_/Pico_Downloads/pico-sdk/lib/tinyusb/src/class/cdc/cdc_device.c.obj
                0x10005e54                tud_cdc_n_available
 .text.tud_cdc_n_read
                0x10005e74       0x30 CMakeFiles/centimeter.dir/D_/Pico_Downloads/pico-sdk/lib/tinyusb/src/class/cdc/cdc_device.c.obj
                0x10005e74                tud_cdc_n_read
 .text.tud_cdc_n_write_flush
                0x10005ea4       0xc4 CMakeFiles/centimeter.dir/D_/Pico_Downloads/pico-sdk/lib/tinyusb/src/class/cdc/cdc_device.c.obj
                0x10005ea4                tud_cdc_n_write_flush
 .text.tud_cdc_n_write
                0x10005f68       0x38 CMakeFiles/centimeter.dir/D_/Pico_Downloads/pico-sdk/lib/tinyusb/src/class/cdc/cdc_device.c.obj
                0x10005f68                tud_cdc_n_write
 .text.tud_cdc_n_write_available
                0x10005fa0       0x20 CMakeFiles/centimeter.dir/D_/Pico_Downloads/pico-sdk/lib/tinyusb/src/class/cdc/cdc_device.c.obj
                0x10005fa0                tud_cdc_n_write_available
 .text.cdcd_init
                0x10005fc0       0xdc CMakeFiles/centimeter.dir/D_/Pico_Downloads/pico-sdk/lib/tinyusb/src/class/cdc/cdc_device.c.obj
                0x10005fc0                cdcd_init
 .text.cdcd_reset
                0x1000609c       0x44 CMakeFiles/centimeter.dir/D_/Pico_Downloads/pico-sdk/lib/tinyusb/src/class/cdc/cdc_device.c.obj
                0x1000609c                cdcd_reset
 .text.cdcd_open
                0x100060e0      0x118 CMakeFiles/centimeter.dir/D_/Pico_Downloads/pico-sdk/lib/tinyusb/src/class/cdc/cdc_device.c.obj
                0x100060e0                cdcd_open
 .text.cdcd_control_complete
                0x100061f8       0x60 CMakeFiles/centimeter.dir/D_/Pico_Downloads/pico-sdk/lib/tinyusb/src/class/cdc/cdc_device.c.obj
                0x100061f8                cdcd_control_complete
 .text.cdcd_control_request
                0x10006258       0x9c CMakeFiles/centimeter.dir/D_/Pico_Downloads/pico-sdk/lib/tinyusb/src/class/cdc/cdc_device.c.obj
                0x10006258                cdcd_control_request
 .text.cdcd_xfer_cb
                0x100062f4      0x130 CMakeFiles/centimeter.dir/D_/Pico_Downloads/pico-sdk/lib/tinyusb/src/class/cdc/cdc_device.c.obj
                0x100062f4                cdcd_xfer_cb
 .text.tusb_init
                0x10006424       0x38 CMakeFiles/centimeter.dir/D_/Pico_Downloads/pico-sdk/lib/tinyusb/src/tusb.c.obj
                0x10006424                tusb_init
 .text.tusb_inited
                0x1000645c        0xc CMakeFiles/centimeter.dir/D_/Pico_Downloads/pico-sdk/lib/tinyusb/src/tusb.c.obj
                0x1000645c                tusb_inited
 .text.advance_pointer
                0x10006468       0x1e CMakeFiles/centimeter.dir/D_/Pico_Downloads/pico-sdk/lib/tinyusb/src/common/tusb_fifo.c.obj
 .text.backward_pointer
                0x10006486       0x1a CMakeFiles/centimeter.dir/D_/Pico_Downloads/pico-sdk/lib/tinyusb/src/common/tusb_fifo.c.obj
 .text.get_relative_pointer
                0x100064a0       0x16 CMakeFiles/centimeter.dir/D_/Pico_Downloads/pico-sdk/lib/tinyusb/src/common/tusb_fifo.c.obj
 .text.tu_fifo_lock
                0x100064b6       0x12 CMakeFiles/centimeter.dir/D_/Pico_Downloads/pico-sdk/lib/tinyusb/src/common/tusb_fifo.c.obj
 .text.tu_fifo_unlock
                0x100064c8        0xe CMakeFiles/centimeter.dir/D_/Pico_Downloads/pico-sdk/lib/tinyusb/src/common/tusb_fifo.c.obj
 .text._tu_fifo_peek_at
                0x100064d6       0x66 CMakeFiles/centimeter.dir/D_/Pico_Downloads/pico-sdk/lib/tinyusb/src/common/tusb_fifo.c.obj
 .text._ff_pull_n
                0x1000653c       0x4a CMakeFiles/centimeter.dir/D_/Pico_Downloads/pico-sdk/lib/tinyusb/src/common/tusb_fifo.c.obj
 .text._tu_fifo_peek_at_n
                0x10006586       0x72 CMakeFiles/centimeter.dir/D_/Pico_Downloads/pico-sdk/lib/tinyusb/src/common/tusb_fifo.c.obj
 .text._ff_push_n
                0x100065f8       0x4a CMakeFiles/centimeter.dir/D_/Pico_Downloads/pico-sdk/lib/tinyusb/src/common/tusb_fifo.c.obj
 .text.tu_fifo_config
                0x10006642       0x48 CMakeFiles/centimeter.dir/D_/Pico_Downloads/pico-sdk/lib/tinyusb/src/common/tusb_fifo.c.obj
                0x10006642                tu_fifo_config
 .text.tu_fifo_count
                0x1000668a       0x1c CMakeFiles/centimeter.dir/D_/Pico_Downloads/pico-sdk/lib/tinyusb/src/common/tusb_fifo.c.obj
                0x1000668a                tu_fifo_count
 .text.tu_fifo_remaining
                0x100066a6       0x20 CMakeFiles/centimeter.dir/D_/Pico_Downloads/pico-sdk/lib/tinyusb/src/common/tusb_fifo.c.obj
                0x100066a6                tu_fifo_remaining
 .text.tu_fifo_read
                0x100066c6       0x3a CMakeFiles/centimeter.dir/D_/Pico_Downloads/pico-sdk/lib/tinyusb/src/common/tusb_fifo.c.obj
                0x100066c6                tu_fifo_read
 .text.tu_fifo_read_n
                0x10006700       0x3e CMakeFiles/centimeter.dir/D_/Pico_Downloads/pico-sdk/lib/tinyusb/src/common/tusb_fifo.c.obj
                0x10006700                tu_fifo_read_n
 .text.tu_fifo_write
                0x1000673e       0x5c CMakeFiles/centimeter.dir/D_/Pico_Downloads/pico-sdk/lib/tinyusb/src/common/tusb_fifo.c.obj
                0x1000673e                tu_fifo_write
 .text.tu_fifo_write_n
                0x1000679a       0x7c CMakeFiles/centimeter.dir/D_/Pico_Downloads/pico-sdk/lib/tinyusb/src/common/tusb_fifo.c.obj
                0x1000679a                tu_fifo_write_n
 .text.tu_fifo_clear
                0x10006816       0x18 CMakeFiles/centimeter.dir/D_/Pico_Downloads/pico-sdk/lib/tinyusb/src/common/tusb_fifo.c.obj
                0x10006816                tu_fifo_clear
 *fill*         0x1000682e        0x2 
 .text.calloc   0x10006830       0x18 c:/progra~2/gnuarm~1/102020~1/bin/../lib/gcc/arm-none-eabi/10.2.1/../../../../arm-none-eabi/lib/thumb/v6-m/nofp\libg.a(lib_a-calloc.o)
                0x10006830                calloc
 .text._calloc_r
                0x10006848       0x5c c:/progra~2/gnuarm~1/102020~1/bin/../lib/gcc/arm-none-eabi/10.2.1/../../../../arm-none-eabi/lib/thumb/v6-m/nofp\libg.a(lib_a-callocr.o)
                0x10006848                _calloc_r
 .text.malloc   0x100068a4       0x14 c:/progra~2/gnuarm~1/102020~1/bin/../lib/gcc/arm-none-eabi/10.2.1/../../../../arm-none-eabi/lib/thumb/v6-m/nofp\libg.a(lib_a-malloc.o)
                0x100068a4                malloc
 .text._malloc_r
                0x100068b8      0x580 c:/progra~2/gnuarm~1/102020~1/bin/../lib/gcc/arm-none-eabi/10.2.1/../../../../arm-none-eabi/lib/thumb/v6-m/nofp\libg.a(lib_a-mallocr.o)
                0x100068b8                _malloc_r
 .text.__malloc_lock
                0x10006e38       0x10 c:/progra~2/gnuarm~1/102020~1/bin/../lib/gcc/arm-none-eabi/10.2.1/../../../../arm-none-eabi/lib/thumb/v6-m/nofp\libg.a(lib_a-mlock.o)
                0x10006e38                __malloc_lock
 .text.__malloc_unlock
                0x10006e48       0x10 c:/progra~2/gnuarm~1/102020~1/bin/../lib/gcc/arm-none-eabi/10.2.1/../../../../arm-none-eabi/lib/thumb/v6-m/nofp\libg.a(lib_a-mlock.o)
                0x10006e48                __malloc_unlock
 .text._sbrk_r  0x10006e58       0x24 c:/progra~2/gnuarm~1/102020~1/bin/../lib/gcc/arm-none-eabi/10.2.1/../../../../arm-none-eabi/lib/thumb/v6-m/nofp\libg.a(lib_a-sbrkr.o)
                0x10006e58                _sbrk_r
 .text.strlen   0x10006e7c       0x5c c:/progra~2/gnuarm~1/102020~1/bin/../lib/gcc/arm-none-eabi/10.2.1/../../../../arm-none-eabi/lib/thumb/v6-m/nofp\libg.a(lib_a-strlen-stub.o)
                0x10006e7c                strlen
 .text._malloc_trim_r
                0x10006ed8       0x9c c:/progra~2/gnuarm~1/102020~1/bin/../lib/gcc/arm-none-eabi/10.2.1/../../../../arm-none-eabi/lib/thumb/v6-m/nofp\libg.a(lib_a-freer.o)
                0x10006ed8                _malloc_trim_r
 .text._free_r  0x10006f74      0x1c4 c:/progra~2/gnuarm~1/102020~1/bin/../lib/gcc/arm-none-eabi/10.2.1/../../../../arm-none-eabi/lib/thumb/v6-m/nofp\libg.a(lib_a-freer.o)
                0x10006f74                _free_r
 .text.__retarget_lock_acquire_recursive
                0x10007138        0x4 c:/progra~2/gnuarm~1/102020~1/bin/../lib/gcc/arm-none-eabi/10.2.1/../../../../arm-none-eabi/lib/thumb/v6-m/nofp\libg.a(lib_a-lock.o)
                0x10007138                __retarget_lock_acquire_recursive
 .text.__retarget_lock_release_recursive
                0x1000713c        0x4 c:/progra~2/gnuarm~1/102020~1/bin/../lib/gcc/arm-none-eabi/10.2.1/../../../../arm-none-eabi/lib/thumb/v6-m/nofp\libg.a(lib_a-lock.o)
                0x1000713c                __retarget_lock_release_recursive
 *(.fini)
 .fini          0x10007140        0x4 c:/progra~2/gnuarm~1/102020~1/bin/../lib/gcc/arm-none-eabi/10.2.1/thumb/v6-m/nofp/crti.o
                0x10007140                _fini
 *fill*         0x10007144        0x4 
 .fini.__stub   0x10007148       0x60 linker stubs
 *crtbegin.o(.ctors)
 *crtbegin?.o(.ctors)
 *(EXCLUDE_FILE(*crtend.o *crtend?.o) .ctors)
 *(SORT_BY_NAME(.ctors.*))
 *(.ctors)
 *crtbegin.o(.dtors)
 *crtbegin?.o(.dtors)
 *(EXCLUDE_FILE(*crtend.o *crtend?.o) .dtors)
 *(SORT_BY_NAME(.dtors.*))
 *(.dtors)
 *(.eh_frame*)
 .eh_frame      0x100071a8        0x0 c:/progra~2/gnuarm~1/102020~1/bin/../lib/gcc/arm-none-eabi/10.2.1/thumb/v6-m/nofp/crtbegin.o
                0x100071a8                . = ALIGN (0x4)

.glue_7         0x100071a8        0x0
 .glue_7        0x100071a8        0x0 linker stubs

.glue_7t        0x100071a8        0x0
 .glue_7t       0x100071a8        0x0 linker stubs

.vfp11_veneer   0x100071a8        0x0
 .vfp11_veneer  0x100071a8        0x0 linker stubs

.v4_bx          0x100071a8        0x0
 .v4_bx         0x100071a8        0x0 linker stubs

.iplt           0x100071a8        0x0
 .iplt          0x100071a8        0x0 c:/progra~2/gnuarm~1/102020~1/bin/../lib/gcc/arm-none-eabi/10.2.1/thumb/v6-m/nofp/crtbegin.o

.rodata         0x100071a8     0x1390
 *(EXCLUDE_FILE(*libm.a: *libc.a:*lib_a-mem*.o *libgcc.a:) .rodata*)
 .rodata.main.str1.4
                0x100071a8        0x8 CMakeFiles/centimeter.dir/cmExample.c.obj
 .rodata.spin_lock_claim_unused.str1.4
                0x100071b0       0x1b CMakeFiles/centimeter.dir/D_/Pico_Downloads/pico-sdk/src/rp2_common/hardware_sync/sync.c.obj
 *fill*         0x100071cb        0x1 
 .rodata.alarm_pool_dump_key.str1.4
                0x100071cc       0x6b CMakeFiles/centimeter.dir/D_/Pico_Downloads/pico-sdk/src/common/pico_time/time.c.obj
 *fill*         0x10007237        0x1 
 .rodata.ph_add_child_node.str1.4
                0x10007238       0x8e CMakeFiles/centimeter.dir/D_/Pico_Downloads/pico-sdk/src/common/pico_time/time.c.obj
 *fill*         0x100072c6        0x2 
 .rodata.add_alarm_under_lock.str1.4
                0x100072c8       0x27 CMakeFiles/centimeter.dir/D_/Pico_Downloads/pico-sdk/src/common/pico_time/time.c.obj
 *fill*         0x100072ef        0x1 
 .rodata.alarm_pool_alarm_callback.str1.4
                0x100072f0       0x7d CMakeFiles/centimeter.dir/D_/Pico_Downloads/pico-sdk/src/common/pico_time/time.c.obj
 *fill*         0x1000736d        0x3 
 .rodata.alarm_pool_get_default.str1.4
                0x10007370       0x13 CMakeFiles/centimeter.dir/D_/Pico_Downloads/pico-sdk/src/common/pico_time/time.c.obj
 *fill*         0x10007383        0x1 
 .rodata.alarm_pool_cancel_alarm.str1.4
                0x10007384       0x27 CMakeFiles/centimeter.dir/D_/Pico_Downloads/pico-sdk/src/common/pico_time/time.c.obj
 *fill*         0x100073ab        0x1 
 .rodata.__func__.0
                0x100073ac       0x18 CMakeFiles/centimeter.dir/D_/Pico_Downloads/pico-sdk/src/common/pico_time/time.c.obj
 .rodata.__func__.10
                0x100073c4       0x17 CMakeFiles/centimeter.dir/D_/Pico_Downloads/pico-sdk/src/common/pico_time/time.c.obj
 *fill*         0x100073db        0x1 
 .rodata.__func__.2
                0x100073dc       0x12 CMakeFiles/centimeter.dir/D_/Pico_Downloads/pico-sdk/src/common/pico_time/time.c.obj
 *fill*         0x100073ee        0x2 
 .rodata.__func__.3
                0x100073f0       0x14 CMakeFiles/centimeter.dir/D_/Pico_Downloads/pico-sdk/src/common/pico_time/time.c.obj
 .rodata.__func__.4
                0x10007404       0x12 CMakeFiles/centimeter.dir/D_/Pico_Downloads/pico-sdk/src/common/pico_time/time.c.obj
 *fill*         0x10007416        0x2 
 .rodata.__func__.5
                0x10007418        0xa CMakeFiles/centimeter.dir/D_/Pico_Downloads/pico-sdk/src/common/pico_time/time.c.obj
 *fill*         0x10007422        0x2 
 .rodata.__func__.6
                0x10007424        0xc CMakeFiles/centimeter.dir/D_/Pico_Downloads/pico-sdk/src/common/pico_time/time.c.obj
 .rodata.__func__.7
                0x10007430       0x15 CMakeFiles/centimeter.dir/D_/Pico_Downloads/pico-sdk/src/common/pico_time/time.c.obj
 *fill*         0x10007445        0x3 
 .rodata.__func__.8
                0x10007448       0x1a CMakeFiles/centimeter.dir/D_/Pico_Downloads/pico-sdk/src/common/pico_time/time.c.obj
 *fill*         0x10007462        0x2 
 .rodata.__func__.9
                0x10007464        0xa CMakeFiles/centimeter.dir/D_/Pico_Downloads/pico-sdk/src/common/pico_time/time.c.obj
 *fill*         0x1000746e        0x2 
 .rodata.hardware_alarm_claim.str1.4
                0x10007470       0x22 CMakeFiles/centimeter.dir/D_/Pico_Downloads/pico-sdk/src/rp2_common/hardware_timer/timer.c.obj
 *fill*         0x10007492        0x2 
 .rodata.hardware_alarm_set_target.str1.4
                0x10007494       0x65 CMakeFiles/centimeter.dir/D_/Pico_Downloads/pico-sdk/src/rp2_common/hardware_timer/timer.c.obj
 *fill*         0x100074f9        0x3 
 .rodata.__func__.0
                0x100074fc       0x1a CMakeFiles/centimeter.dir/D_/Pico_Downloads/pico-sdk/src/rp2_common/hardware_timer/timer.c.obj
 *fill*         0x10007516        0x2 
 .rodata.lock_init.str1.4
                0x10007518       0x68 CMakeFiles/centimeter.dir/D_/Pico_Downloads/pico-sdk/src/common/pico_sync/lock_core.c.obj
 .rodata.__func__.0
                0x10007580        0xa CMakeFiles/centimeter.dir/D_/Pico_Downloads/pico-sdk/src/common/pico_sync/lock_core.c.obj
 *fill*         0x1000758a        0x2 
 .rodata.str1.4
                0x1000758c       0x5c CMakeFiles/centimeter.dir/D_/Pico_Downloads/pico-sdk/src/common/pico_sync/mutex.c.obj
 .rodata.__func__.0
                0x100075e8        0xb CMakeFiles/centimeter.dir/D_/Pico_Downloads/pico-sdk/src/common/pico_sync/mutex.c.obj
 *fill*         0x100075f3        0x1 
 .rodata.__func__.1
                0x100075f4       0x18 CMakeFiles/centimeter.dir/D_/Pico_Downloads/pico-sdk/src/common/pico_sync/mutex.c.obj
 .rodata.__func__.2
                0x1000760c       0x15 CMakeFiles/centimeter.dir/D_/Pico_Downloads/pico-sdk/src/common/pico_sync/mutex.c.obj
 .rodata.ph_add_child_node.str1.4
                0x10007621       0x8e CMakeFiles/centimeter.dir/D_/Pico_Downloads/pico-sdk/src/common/pico_util/pheap.c.obj
 *fill*         0x10007621        0x3 
 .rodata.ph_remove_any_head.str1.4
                0x10007624       0x8c CMakeFiles/centimeter.dir/D_/Pico_Downloads/pico-sdk/src/common/pico_util/pheap.c.obj
 .rodata.ph_delete.str1.4
                0x100076b0       0x26 CMakeFiles/centimeter.dir/D_/Pico_Downloads/pico-sdk/src/common/pico_util/pheap.c.obj
 *fill*         0x100076d6        0x2 
 .rodata.__func__.0
                0x100076d8        0xa CMakeFiles/centimeter.dir/D_/Pico_Downloads/pico-sdk/src/common/pico_util/pheap.c.obj
 *fill*         0x100076e2        0x2 
 .rodata.__func__.1
                0x100076e4       0x13 CMakeFiles/centimeter.dir/D_/Pico_Downloads/pico-sdk/src/common/pico_util/pheap.c.obj
 *fill*         0x100076f7        0x1 
 .rodata.__func__.2
                0x100076f8       0x12 CMakeFiles/centimeter.dir/D_/Pico_Downloads/pico-sdk/src/common/pico_util/pheap.c.obj
 *fill*         0x1000770a        0x2 
 .rodata.__func__.3
                0x1000770c        0xc CMakeFiles/centimeter.dir/D_/Pico_Downloads/pico-sdk/src/common/pico_util/pheap.c.obj
 .rodata.__assert_func.str1.4
                0x10007718       0x3f CMakeFiles/centimeter.dir/D_/Pico_Downloads/pico-sdk/src/rp2_common/pico_runtime/runtime.c.obj
                                 0x43 (size before relaxing)
 *fill*         0x10007757        0x1 
 .rodata.panic.str1.4
                0x10007758       0x12 CMakeFiles/centimeter.dir/D_/Pico_Downloads/pico-sdk/src/rp2_common/pico_runtime/runtime.c.obj
 *fill*         0x1000776a        0x2 
 .rodata.clock_configure.str1.4
                0x1000776c       0x57 CMakeFiles/centimeter.dir/D_/Pico_Downloads/pico-sdk/src/rp2_common/hardware_clocks/clocks.c.obj
 *fill*         0x100077c3        0x1 
 .rodata.__func__.1
                0x100077c4       0x10 CMakeFiles/centimeter.dir/D_/Pico_Downloads/pico-sdk/src/rp2_common/hardware_clocks/clocks.c.obj
 .rodata.pll_init.str1.4
                0x100077d4       0xdb CMakeFiles/centimeter.dir/D_/Pico_Downloads/pico-sdk/src/rp2_common/hardware_pll/pll.c.obj
 *fill*         0x100078af        0x1 
 .rodata.__func__.0
                0x100078b0        0x9 CMakeFiles/centimeter.dir/D_/Pico_Downloads/pico-sdk/src/rp2_common/hardware_pll/pll.c.obj
 *fill*         0x100078b9        0x3 
 .rodata.make_branch.str1.4
                0x100078bc       0x4d CMakeFiles/centimeter.dir/D_/Pico_Downloads/pico-sdk/src/rp2_common/hardware_irq/irq.c.obj
 *fill*         0x10007909        0x3 
 .rodata.irq_set_exclusive_handler.str1.4
                0x1000790c       0x36 CMakeFiles/centimeter.dir/D_/Pico_Downloads/pico-sdk/src/rp2_common/hardware_irq/irq.c.obj
 *fill*         0x10007942        0x2 
 .rodata.irq_add_shared_handler.str1.4
                0x10007944       0xd9 CMakeFiles/centimeter.dir/D_/Pico_Downloads/pico-sdk/src/rp2_common/hardware_irq/irq.c.obj
 *fill*         0x10007a1d        0x3 
 .rodata.irq_remove_handler.str1.4
                0x10007a20       0x2a CMakeFiles/centimeter.dir/D_/Pico_Downloads/pico-sdk/src/rp2_common/hardware_irq/irq.c.obj
 *fill*         0x10007a4a        0x2 
 .rodata.irq_add_tail_to_free_list.str1.4
                0x10007a4c       0x32 CMakeFiles/centimeter.dir/D_/Pico_Downloads/pico-sdk/src/rp2_common/hardware_irq/irq.c.obj
                                 0x3a (size before relaxing)
 *fill*         0x10007a7e        0x2 
 .rodata.__func__.0
                0x10007a80       0x1a CMakeFiles/centimeter.dir/D_/Pico_Downloads/pico-sdk/src/rp2_common/hardware_irq/irq.c.obj
 *fill*         0x10007a9a        0x2 
 .rodata.__func__.1
                0x10007a9c       0x17 CMakeFiles/centimeter.dir/D_/Pico_Downloads/pico-sdk/src/rp2_common/hardware_irq/irq.c.obj
 *fill*         0x10007ab3        0x1 
 .rodata.__func__.2
                0x10007ab4       0x13 CMakeFiles/centimeter.dir/D_/Pico_Downloads/pico-sdk/src/rp2_common/hardware_irq/irq.c.obj
 *fill*         0x10007ac7        0x1 
 .rodata.__func__.3
                0x10007ac8        0xc CMakeFiles/centimeter.dir/D_/Pico_Downloads/pico-sdk/src/rp2_common/hardware_irq/irq.c.obj
 .rodata.__func__.4
                0x10007ad4        0xf CMakeFiles/centimeter.dir/D_/Pico_Downloads/pico-sdk/src/rp2_common/hardware_irq/irq.c.obj
 *fill*         0x10007ae3        0x1 
 .rodata.__func__.6
                0x10007ae4       0x1a CMakeFiles/centimeter.dir/D_/Pico_Downloads/pico-sdk/src/rp2_common/hardware_irq/irq.c.obj
 *fill*         0x10007afe        0x2 
 .rodata._ftoa.str1.4
                0x10007b00       0x15 CMakeFiles/centimeter.dir/D_/Pico_Downloads/pico-sdk/src/rp2_common/pico_printf/printf.c.obj
 *fill*         0x10007b15        0x3 
 .rodata._vsnprintf
                0x10007b18      0x1e0 CMakeFiles/centimeter.dir/D_/Pico_Downloads/pico-sdk/src/rp2_common/pico_printf/printf.c.obj
 .rodata.pow10.0
                0x10007cf8       0x50 CMakeFiles/centimeter.dir/D_/Pico_Downloads/pico-sdk/src/rp2_common/pico_printf/printf.c.obj
 .rodata.__aeabi_double_init.str1.4
                0x10007d48       0xa8 CMakeFiles/centimeter.dir/D_/Pico_Downloads/pico-sdk/src/rp2_common/pico_double/double_init_rom.c.obj
 .rodata.__func__.0
                0x10007df0       0x14 CMakeFiles/centimeter.dir/D_/Pico_Downloads/pico-sdk/src/rp2_common/pico_double/double_init_rom.c.obj
 .rodata.__aeabi_float_init.str1.4
                0x10007e04       0x7a CMakeFiles/centimeter.dir/D_/Pico_Downloads/pico-sdk/src/rp2_common/pico_float/float_init_rom.c.obj
                                 0x7e (size before relaxing)
 *fill*         0x10007e7e        0x2 
 .rodata.__func__.0
                0x10007e80       0x13 CMakeFiles/centimeter.dir/D_/Pico_Downloads/pico-sdk/src/rp2_common/pico_float/float_init_rom.c.obj
 *fill*         0x10007e93        0x1 
 .rodata.str1.4
                0x10007e94       0x68 CMakeFiles/centimeter.dir/D_/Pico_Downloads/pico-sdk/src/rp2_common/pico_standard_link/binary_info.c.obj
 .rodata.__bi_40
                0x10007efc        0xc CMakeFiles/centimeter.dir/D_/Pico_Downloads/pico-sdk/src/rp2_common/pico_standard_link/binary_info.c.obj
 .rodata.__bi_65
                0x10007f08        0xc CMakeFiles/centimeter.dir/D_/Pico_Downloads/pico-sdk/src/rp2_common/pico_standard_link/binary_info.c.obj
 .rodata.__bi_71
                0x10007f14        0xc CMakeFiles/centimeter.dir/D_/Pico_Downloads/pico-sdk/src/rp2_common/pico_standard_link/binary_info.c.obj
 .rodata.crlf_str.1
                0x10007f20        0x2 CMakeFiles/centimeter.dir/D_/Pico_Downloads/pico-sdk/src/rp2_common/pico_stdio/stdio.c.obj
 *fill*         0x10007f22        0x2 
 .rodata.str1.4
                0x10007f24       0x13 CMakeFiles/centimeter.dir/D_/Pico_Downloads/pico-sdk/src/rp2_common/pico_stdio_usb/stdio_usb.c.obj
 *fill*         0x10007f37        0x1 
 .rodata.__bi_93.0
                0x10007f38        0xc CMakeFiles/centimeter.dir/D_/Pico_Downloads/pico-sdk/src/rp2_common/pico_stdio_usb/stdio_usb.c.obj
 .rodata.str1.4
                0x10007f44       0x32 CMakeFiles/centimeter.dir/D_/Pico_Downloads/pico-sdk/src/rp2_common/pico_stdio_usb/stdio_usb_descriptors.c.obj
 *fill*         0x10007f76        0x2 
 .rodata.usbd_desc_cfg
                0x10007f78       0x4b CMakeFiles/centimeter.dir/D_/Pico_Downloads/pico-sdk/src/rp2_common/pico_stdio_usb/stdio_usb_descriptors.c.obj
 *fill*         0x10007fc3        0x1 
 .rodata.usbd_desc_device
                0x10007fc4       0x12 CMakeFiles/centimeter.dir/D_/Pico_Downloads/pico-sdk/src/rp2_common/pico_stdio_usb/stdio_usb_descriptors.c.obj
 *fill*         0x10007fd6        0x2 
 .rodata.usbd_desc_str
                0x10007fd8       0x14 CMakeFiles/centimeter.dir/D_/Pico_Downloads/pico-sdk/src/rp2_common/pico_stdio_usb/stdio_usb_descriptors.c.obj
 .rodata._hw_endpoint_alloc.str1.4
                0x10007fec       0xb5 CMakeFiles/centimeter.dir/D_/Pico_Downloads/pico-sdk/lib/tinyusb/src/portable/raspberrypi/rp2040/dcd_rp2040.c.obj
 *fill*         0x100080a1        0x3 
 .rodata._hw_endpoint_init.str1.4
                0x100080a4       0x28 CMakeFiles/centimeter.dir/D_/Pico_Downloads/pico-sdk/lib/tinyusb/src/portable/raspberrypi/rp2040/dcd_rp2040.c.obj
 .rodata.hw_handle_buff_status.str1.4
                0x100080cc        0xb CMakeFiles/centimeter.dir/D_/Pico_Downloads/pico-sdk/lib/tinyusb/src/portable/raspberrypi/rp2040/dcd_rp2040.c.obj
 *fill*         0x100080d7        0x1 
 .rodata.dcd_rp2040_irq.str1.4
                0x100080d8       0x14 CMakeFiles/centimeter.dir/D_/Pico_Downloads/pico-sdk/lib/tinyusb/src/portable/raspberrypi/rp2040/dcd_rp2040.c.obj
 .rodata._hw_endpoint_stall.str1.4
                0x100080ec        0xd CMakeFiles/centimeter.dir/D_/Pico_Downloads/pico-sdk/lib/tinyusb/src/portable/raspberrypi/rp2040/dcd_rp2040.c.obj
 *fill*         0x100080f9        0x3 
 .rodata.dcd_int_enable.str1.4
                0x100080fc        0xc CMakeFiles/centimeter.dir/D_/Pico_Downloads/pico-sdk/lib/tinyusb/src/portable/raspberrypi/rp2040/dcd_rp2040.c.obj
 .rodata.__func__.0
                0x10008108       0x15 CMakeFiles/centimeter.dir/D_/Pico_Downloads/pico-sdk/lib/tinyusb/src/portable/raspberrypi/rp2040/dcd_rp2040.c.obj
 *fill*         0x1000811d        0x3 
 .rodata.__func__.1
                0x10008120       0x13 CMakeFiles/centimeter.dir/D_/Pico_Downloads/pico-sdk/lib/tinyusb/src/portable/raspberrypi/rp2040/dcd_rp2040.c.obj
 *fill*         0x10008133        0x1 
 .rodata.__func__.10
                0x10008134        0xf CMakeFiles/centimeter.dir/D_/Pico_Downloads/pico-sdk/lib/tinyusb/src/portable/raspberrypi/rp2040/dcd_rp2040.c.obj
 *fill*         0x10008143        0x1 
 .rodata.__func__.11
                0x10008144       0x13 CMakeFiles/centimeter.dir/D_/Pico_Downloads/pico-sdk/lib/tinyusb/src/portable/raspberrypi/rp2040/dcd_rp2040.c.obj
 *fill*         0x10008157        0x1 
 .rodata.__func__.12
                0x10008158       0x16 CMakeFiles/centimeter.dir/D_/Pico_Downloads/pico-sdk/lib/tinyusb/src/portable/raspberrypi/rp2040/dcd_rp2040.c.obj
 *fill*         0x1000816e        0x2 
 .rodata.__func__.13
                0x10008170        0x9 CMakeFiles/centimeter.dir/D_/Pico_Downloads/pico-sdk/lib/tinyusb/src/portable/raspberrypi/rp2040/dcd_rp2040.c.obj
 *fill*         0x10008179        0x3 
 .rodata.__func__.2
                0x1000817c        0xf CMakeFiles/centimeter.dir/D_/Pico_Downloads/pico-sdk/lib/tinyusb/src/portable/raspberrypi/rp2040/dcd_rp2040.c.obj
 *fill*         0x1000818b        0x1 
 .rodata.__func__.3
                0x1000818c        0xe CMakeFiles/centimeter.dir/D_/Pico_Downloads/pico-sdk/lib/tinyusb/src/portable/raspberrypi/rp2040/dcd_rp2040.c.obj
 *fill*         0x1000819a        0x2 
 .rodata.__func__.4
                0x1000819c        0xe CMakeFiles/centimeter.dir/D_/Pico_Downloads/pico-sdk/lib/tinyusb/src/portable/raspberrypi/rp2040/dcd_rp2040.c.obj
 *fill*         0x100081aa        0x2 
 .rodata.__func__.5
                0x100081ac       0x1a CMakeFiles/centimeter.dir/D_/Pico_Downloads/pico-sdk/lib/tinyusb/src/portable/raspberrypi/rp2040/dcd_rp2040.c.obj
 *fill*         0x100081c6        0x2 
 .rodata.__func__.6
                0x100081c8        0xc CMakeFiles/centimeter.dir/D_/Pico_Downloads/pico-sdk/lib/tinyusb/src/portable/raspberrypi/rp2040/dcd_rp2040.c.obj
 .rodata.__func__.8
                0x100081d4       0x10 CMakeFiles/centimeter.dir/D_/Pico_Downloads/pico-sdk/lib/tinyusb/src/portable/raspberrypi/rp2040/dcd_rp2040.c.obj
 .rodata._hw_endpoint_buffer_control_update32.str1.4
                0x100081e4       0x1f CMakeFiles/centimeter.dir/D_/Pico_Downloads/pico-sdk/lib/tinyusb/src/portable/raspberrypi/rp2040/rp2040_usb.c.obj
 *fill*         0x10008203        0x1 
 .rodata._hw_endpoint_xfer_sync.str1.4
                0x10008204       0x91 CMakeFiles/centimeter.dir/D_/Pico_Downloads/pico-sdk/lib/tinyusb/src/portable/raspberrypi/rp2040/rp2040_usb.c.obj
 *fill*         0x10008295        0x3 
 .rodata._hw_endpoint_xfer_continue.str1.4
                0x10008298       0x50 CMakeFiles/centimeter.dir/D_/Pico_Downloads/pico-sdk/lib/tinyusb/src/portable/raspberrypi/rp2040/rp2040_usb.c.obj
 .rodata._hw_endpoint_xfer.str1.4
                0x100082e8        0xf CMakeFiles/centimeter.dir/D_/Pico_Downloads/pico-sdk/lib/tinyusb/src/portable/raspberrypi/rp2040/rp2040_usb.c.obj
 *fill*         0x100082f7        0x1 
 .rodata.str1.4
                0x100082f8        0x7 CMakeFiles/centimeter.dir/D_/Pico_Downloads/pico-sdk/lib/tinyusb/src/portable/raspberrypi/rp2040/rp2040_usb.c.obj
 *fill*         0x100082ff        0x1 
 .rodata.__func__.0
                0x10008300       0x12 CMakeFiles/centimeter.dir/D_/Pico_Downloads/pico-sdk/lib/tinyusb/src/portable/raspberrypi/rp2040/rp2040_usb.c.obj
 *fill*         0x10008312        0x2 
 .rodata.__func__.1
                0x10008314       0x17 CMakeFiles/centimeter.dir/D_/Pico_Downloads/pico-sdk/lib/tinyusb/src/portable/raspberrypi/rp2040/rp2040_usb.c.obj
 *fill*         0x1000832b        0x1 
 .rodata.process_set_config.str1.4
                0x1000832c       0x17 CMakeFiles/centimeter.dir/D_/Pico_Downloads/pico-sdk/lib/tinyusb/src/device/usbd.c.obj
 *fill*         0x10008343        0x1 
 .rodata.process_get_descriptor
                0x10008344       0x40 CMakeFiles/centimeter.dir/D_/Pico_Downloads/pico-sdk/lib/tinyusb/src/device/usbd.c.obj
 .rodata.dcd_event_handler.str1.4
                0x10008384       0x46 CMakeFiles/centimeter.dir/D_/Pico_Downloads/pico-sdk/lib/tinyusb/src/device/usbd.c.obj
 *fill*         0x100083ca        0x2 
 .rodata.process_control_request
                0x100083cc       0x28 CMakeFiles/centimeter.dir/D_/Pico_Downloads/pico-sdk/lib/tinyusb/src/device/usbd.c.obj
 .rodata.tud_task
                0x100083f4       0x24 CMakeFiles/centimeter.dir/D_/Pico_Downloads/pico-sdk/lib/tinyusb/src/device/usbd.c.obj
 .rodata.__func__.1
                0x10008418        0xf CMakeFiles/centimeter.dir/D_/Pico_Downloads/pico-sdk/lib/tinyusb/src/device/usbd.c.obj
 *fill*         0x10008427        0x1 
 .rodata.__func__.2
                0x10008428       0x14 CMakeFiles/centimeter.dir/D_/Pico_Downloads/pico-sdk/lib/tinyusb/src/device/usbd.c.obj
 .rodata.__func__.3
                0x1000843c       0x10 CMakeFiles/centimeter.dir/D_/Pico_Downloads/pico-sdk/lib/tinyusb/src/device/usbd.c.obj
 .rodata.__func__.4
                0x1000844c       0x17 CMakeFiles/centimeter.dir/D_/Pico_Downloads/pico-sdk/lib/tinyusb/src/device/usbd.c.obj
 *fill*         0x10008463        0x1 
 .rodata.__func__.5
                0x10008464       0x13 CMakeFiles/centimeter.dir/D_/Pico_Downloads/pico-sdk/lib/tinyusb/src/device/usbd.c.obj
 *fill*         0x10008477        0x1 
 .rodata.__func__.6
                0x10008478       0x18 CMakeFiles/centimeter.dir/D_/Pico_Downloads/pico-sdk/lib/tinyusb/src/device/usbd.c.obj
 .rodata.__func__.7
                0x10008490       0x13 CMakeFiles/centimeter.dir/D_/Pico_Downloads/pico-sdk/lib/tinyusb/src/device/usbd.c.obj
 *fill*         0x100084a3        0x1 
 .rodata.__func__.8
                0x100084a4        0x9 CMakeFiles/centimeter.dir/D_/Pico_Downloads/pico-sdk/lib/tinyusb/src/device/usbd.c.obj
 *fill*         0x100084ad        0x3 
 .rodata._usbd_driver
                0x100084b0       0x1c CMakeFiles/centimeter.dir/D_/Pico_Downloads/pico-sdk/lib/tinyusb/src/device/usbd.c.obj
 .rodata.tud_control_xfer.str1.4
                0x100084cc       0x17 CMakeFiles/centimeter.dir/D_/Pico_Downloads/pico-sdk/lib/tinyusb/src/device/usbd_control.c.obj
 .rodata.__func__.0
                0x100084cc       0x15 CMakeFiles/centimeter.dir/D_/Pico_Downloads/pico-sdk/lib/tinyusb/src/device/usbd_control.c.obj
 *fill*         0x100084e1        0x3 
 .rodata.__func__.1
                0x100084e4       0x11 CMakeFiles/centimeter.dir/D_/Pico_Downloads/pico-sdk/lib/tinyusb/src/device/usbd_control.c.obj
 .rodata.tud_cdc_n_write_flush.str1.4
                0x100084f5       0x17 CMakeFiles/centimeter.dir/D_/Pico_Downloads/pico-sdk/lib/tinyusb/src/class/cdc/cdc_device.c.obj
 *fill*         0x100084f5        0x3 
 .rodata.__func__.0
                0x100084f8        0xd CMakeFiles/centimeter.dir/D_/Pico_Downloads/pico-sdk/lib/tinyusb/src/class/cdc/cdc_device.c.obj
 *fill*         0x10008505        0x3 
 .rodata.__func__.1
                0x10008508        0xa CMakeFiles/centimeter.dir/D_/Pico_Downloads/pico-sdk/lib/tinyusb/src/class/cdc/cdc_device.c.obj
 *fill*         0x10008512        0x2 
 .rodata.__func__.2
                0x10008514       0x16 CMakeFiles/centimeter.dir/D_/Pico_Downloads/pico-sdk/lib/tinyusb/src/class/cdc/cdc_device.c.obj
 .rodata.tusb_init.str1.4
                0x1000852a       0x17 CMakeFiles/centimeter.dir/D_/Pico_Downloads/pico-sdk/lib/tinyusb/src/tusb.c.obj
 *fill*         0x1000852a        0x2 
 .rodata.__func__.0
                0x1000852c        0xa CMakeFiles/centimeter.dir/D_/Pico_Downloads/pico-sdk/lib/tinyusb/src/tusb.c.obj
                0x10008538                . = ALIGN (0x4)
 *fill*         0x10008536        0x2 
 *(SORT_BY_ALIGNMENT(SORT_BY_NAME(.flashdata*)))
                0x10008538                . = ALIGN (0x4)

.rel.dyn        0x10008538        0x0
 .rel.iplt      0x10008538        0x0 c:/progra~2/gnuarm~1/102020~1/bin/../lib/gcc/arm-none-eabi/10.2.1/thumb/v6-m/nofp/crtbegin.o

.ARM.extab
 *(.ARM.extab* .gnu.linkonce.armextab.*)
                0x10008538                __exidx_start = .

.ARM.exidx
 *(.ARM.exidx* .gnu.linkonce.armexidx.*)
                0x10008538                __exidx_end = .
                0x10008538                . = ALIGN (0x4)
                0x10008538                __binary_info_start = .

.binary_info    0x10008538       0x20
 *(.binary_info.keep.*)
 .binary_info.keep.__bi_ptr18
                0x10008538        0x4 CMakeFiles/centimeter.dir/D_/Pico_Downloads/pico-sdk/src/rp2_common/pico_standard_link/binary_info.c.obj
 .binary_info.keep.__bi_ptr26
                0x1000853c        0x4 CMakeFiles/centimeter.dir/D_/Pico_Downloads/pico-sdk/src/rp2_common/pico_standard_link/binary_info.c.obj
 .binary_info.keep.__bi_ptr34
                0x10008540        0x4 CMakeFiles/centimeter.dir/D_/Pico_Downloads/pico-sdk/src/rp2_common/pico_standard_link/binary_info.c.obj
 .binary_info.keep.__bi_ptr40
                0x10008544        0x4 CMakeFiles/centimeter.dir/D_/Pico_Downloads/pico-sdk/src/rp2_common/pico_standard_link/binary_info.c.obj
 .binary_info.keep.__bi_ptr46
                0x10008548        0x4 CMakeFiles/centimeter.dir/D_/Pico_Downloads/pico-sdk/src/rp2_common/pico_standard_link/binary_info.c.obj
 .binary_info.keep.__bi_ptr65
                0x1000854c        0x4 CMakeFiles/centimeter.dir/D_/Pico_Downloads/pico-sdk/src/rp2_common/pico_standard_link/binary_info.c.obj
 .binary_info.keep.__bi_ptr71
                0x10008550        0x4 CMakeFiles/centimeter.dir/D_/Pico_Downloads/pico-sdk/src/rp2_common/pico_standard_link/binary_info.c.obj
 *(.binary_info.*)
 .binary_info.__bi_ptr93
                0x10008554        0x4 CMakeFiles/centimeter.dir/D_/Pico_Downloads/pico-sdk/src/rp2_common/pico_stdio_usb/stdio_usb.c.obj
                0x10008558                __binary_info_end = .
                0x10008558                . = ALIGN (0x4)
                0x10008558                __etext = .

.ram_vector_table
                0x20000000       0xc0
 *(.ram_vector_table)
 .ram_vector_table
                0x20000000       0xc0 CMakeFiles/centimeter.dir/D_/Pico_Downloads/pico-sdk/src/rp2_common/pico_runtime/runtime.c.obj
                0x20000000                ram_vector_table

.data           0x200000c0      0xb14 load address 0x10008558
                0x200000c0                __data_start__ = .
 *(vtable)
 *(.time_critical*)
 .time_critical.mutex_enter_blocking
                0x200000c0       0x64 CMakeFiles/centimeter.dir/D_/Pico_Downloads/pico-sdk/src/common/pico_sync/mutex.c.obj
                0x200000c0                mutex_enter_blocking
 .time_critical.mutex_try_enter
                0x20000124       0x44 CMakeFiles/centimeter.dir/D_/Pico_Downloads/pico-sdk/src/common/pico_sync/mutex.c.obj
                0x20000124                mutex_try_enter
 .time_critical.mutex_enter_block_until
                0x20000168       0x78 CMakeFiles/centimeter.dir/D_/Pico_Downloads/pico-sdk/src/common/pico_sync/mutex.c.obj
                0x20000168                mutex_enter_block_until
 .time_critical.mutex_enter_timeout_ms
                0x200001e0       0x4a CMakeFiles/centimeter.dir/D_/Pico_Downloads/pico-sdk/src/common/pico_sync/mutex.c.obj
                0x200001e0                mutex_enter_timeout_ms
 *fill*         0x2000022a        0x2 
 .time_critical.mutex_exit
                0x2000022c       0x4c CMakeFiles/centimeter.dir/D_/Pico_Downloads/pico-sdk/src/common/pico_sync/mutex.c.obj
                0x2000022c                mutex_exit
 *(.text*)
 .text          0x20000278        0x4 c:/progra~2/gnuarm~1/102020~1/bin/../lib/gcc/arm-none-eabi/10.2.1/thumb/v6-m/nofp\libgcc.a(_dvmd_tls.o)
                0x20000278                __aeabi_idiv0
                0x20000278                __aeabi_ldiv0
 *fill*         0x2000027c        0x4 
 .text.__stub   0x20000280       0x40 linker stubs
                0x200002c0                . = ALIGN (0x4)
 *(.rodata*)
                0x200002c0                . = ALIGN (0x4)
 *(.data*)
 .data.echoPin  0x200002c0        0x4 CMakeFiles/centimeter.dir/cmExample.c.obj
                0x200002c0                echoPin
 .data.trigPin  0x200002c4        0x4 CMakeFiles/centimeter.dir/cmExample.c.obj
                0x200002c4                trigPin
 .data.timeout  0x200002c8        0x4 CMakeFiles/centimeter.dir/ultrasonic/ultrasonic.c.obj
                0x200002c8                timeout
 .data.striped_spin_lock_num
                0x200002cc        0x1 CMakeFiles/centimeter.dir/D_/Pico_Downloads/pico-sdk/src/rp2_common/hardware_sync/sync.c.obj
 *fill*         0x200002cd        0x3 
 .data          0x200002d0       0x48 CMakeFiles/centimeter.dir/D_/Pico_Downloads/pico-sdk/src/rp2_common/hardware_irq/irq_handler_chain.S.obj
                0x200002d0                irq_handler_chain_slots
                0x20000300                irq_handler_chain_first_slot
                0x2000030a                irq_handler_chain_remove_tail
 *fill*         0x20000318        0x8 
 .data.aeabi_bits_funcs
                0x20000320       0x10 CMakeFiles/centimeter.dir/D_/Pico_Downloads/pico-sdk/src/rp2_common/pico_bit_ops/bit_ops_aeabi.S.obj
                0x20000320                aeabi_bits_funcs
                0x20000330                aeabi_bits_funcs_end
 .data.aeabi_mem_funcs
                0x20000330       0x10 CMakeFiles/centimeter.dir/D_/Pico_Downloads/pico-sdk/src/rp2_common/pico_mem_ops/mem_ops_aeabi.S.obj
                0x20000330                aeabi_mem_funcs
                0x20000340                aeabi_mem_funcs_end
 .data.stdio_usb
                0x20000340       0x14 CMakeFiles/centimeter.dir/D_/Pico_Downloads/pico-sdk/src/rp2_common/pico_stdio_usb/stdio_usb.c.obj
                0x20000340                stdio_usb
 .data.ep_dir_string
                0x20000354        0x8 CMakeFiles/centimeter.dir/D_/Pico_Downloads/pico-sdk/lib/tinyusb/src/portable/raspberrypi/rp2040/rp2040_usb.c.obj
                0x20000354                ep_dir_string
 .data._usbd_qdef
                0x2000035c       0x20 CMakeFiles/centimeter.dir/D_/Pico_Downloads/pico-sdk/lib/tinyusb/src/device/usbd.c.obj
                0x2000035c                _usbd_qdef
 .data._impure_ptr
                0x2000037c        0x4 c:/progra~2/gnuarm~1/102020~1/bin/../lib/gcc/arm-none-eabi/10.2.1/../../../../arm-none-eabi/lib/thumb/v6-m/nofp\libg.a(lib_a-impure.o)
                0x2000037c                _impure_ptr
 .data.impure_data
                0x20000380      0x428 c:/progra~2/gnuarm~1/102020~1/bin/../lib/gcc/arm-none-eabi/10.2.1/../../../../arm-none-eabi/lib/thumb/v6-m/nofp\libg.a(lib_a-impure.o)
 .data.__malloc_av_
                0x200007a8      0x408 c:/progra~2/gnuarm~1/102020~1/bin/../lib/gcc/arm-none-eabi/10.2.1/../../../../arm-none-eabi/lib/thumb/v6-m/nofp\libg.a(lib_a-mallocr.o)
                0x200007a8                __malloc_av_
 .data.__malloc_sbrk_base
                0x20000bb0        0x4 c:/progra~2/gnuarm~1/102020~1/bin/../lib/gcc/arm-none-eabi/10.2.1/../../../../arm-none-eabi/lib/thumb/v6-m/nofp\libg.a(lib_a-mallocr.o)
                0x20000bb0                __malloc_sbrk_base
 .data.__malloc_trim_threshold
                0x20000bb4        0x4 c:/progra~2/gnuarm~1/102020~1/bin/../lib/gcc/arm-none-eabi/10.2.1/../../../../arm-none-eabi/lib/thumb/v6-m/nofp\libg.a(lib_a-mallocr.o)
                0x20000bb4                __malloc_trim_threshold
                0x20000bb8                . = ALIGN (0x4)
 *(.after_data.*)
                0x20000bb8                . = ALIGN (0x4)
                0x20000bb8                PROVIDE (__mutex_array_start = .)
 *(SORT_BY_NAME(.mutex_array.*))
 *(.mutex_array)
 .mutex_array   0x20000bb8        0x8 CMakeFiles/centimeter.dir/D_/Pico_Downloads/pico-sdk/src/rp2_common/pico_stdio/stdio.c.obj
                0x20000bc0                PROVIDE (__mutex_array_end = .)
                0x20000bc0                . = ALIGN (0x4)
                0x20000bc0                PROVIDE (__preinit_array_start = .)
 *(SORT_BY_NAME(.preinit_array.*))
 .preinit_array.00001
                0x20000bc0        0x4 CMakeFiles/centimeter.dir/D_/Pico_Downloads/pico-sdk/src/rp2_common/pico_mem_ops/mem_ops_aeabi.S.obj
 .preinit_array.00010
                0x20000bc4        0x4 CMakeFiles/centimeter.dir/D_/Pico_Downloads/pico-sdk/src/rp2_common/pico_bit_ops/bit_ops_aeabi.S.obj
 .preinit_array.00020
                0x20000bc8        0x4 CMakeFiles/centimeter.dir/D_/Pico_Downloads/pico-sdk/src/rp2_common/pico_double/double_aeabi.S.obj
 .preinit_array.00020
                0x20000bcc        0x4 CMakeFiles/centimeter.dir/D_/Pico_Downloads/pico-sdk/src/rp2_common/pico_float/float_aeabi.S.obj
 *(.preinit_array)
                0x20000bd0                PROVIDE (__preinit_array_end = .)
                0x20000bd0                . = ALIGN (0x4)
                0x20000bd0                PROVIDE (__init_array_start = .)
 *(SORT_BY_NAME(.init_array.*))
 *(.init_array)
 .init_array    0x20000bd0        0x4 c:/progra~2/gnuarm~1/102020~1/bin/../lib/gcc/arm-none-eabi/10.2.1/thumb/v6-m/nofp/crtbegin.o
                0x20000bd4                PROVIDE (__init_array_end = .)
                0x20000bd4                . = ALIGN (0x4)
                [!provide]                PROVIDE (__fini_array_start = .)
 *(SORT_BY_NAME(.fini_array.*))
 *(.fini_array)
                [!provide]                PROVIDE (__fini_array_end = .)
 *(.jcr)
                0x20000bd4                . = ALIGN (0x4)
                0x20000bd4                __data_end__ = .

.igot.plt       0x20000bd4        0x0 load address 0x1000906c
 .igot.plt      0x20000bd4        0x0 c:/progra~2/gnuarm~1/102020~1/bin/../lib/gcc/arm-none-eabi/10.2.1/thumb/v6-m/nofp/crtbegin.o

.uninitialized_data
                0x20000bd4        0x0 load address 0x1000906c
                0x20000bd4                . = ALIGN (0x4)
 *(.uninitialized_data*)

.scratch_x      0x20040000        0x0 load address 0x1000906c
                0x20040000                __scratch_x_start__ = .
 *(.scratch_x.*)
                0x20040000                . = ALIGN (0x4)
                0x20040000                __scratch_x_end__ = .
                0x1000906c                __scratch_x_source__ = LOADADDR (.scratch_x)

.scratch_y      0x20041000        0x0 load address 0x1000906c
                0x20041000                __scratch_y_start__ = .
 *(.scratch_y.*)
                0x20041000                . = ALIGN (0x4)
                0x20041000                __scratch_y_end__ = .
                0x1000906c                __scratch_y_source__ = LOADADDR (.scratch_y)

.bss            0x20000bd8      0xdbc
                0x20000bd8                . = ALIGN (0x4)
                0x20000bd8                __bss_start__ = .
 *(SORT_BY_ALIGNMENT(SORT_BY_NAME(.bss*)))
 .bss.last_avail_time.1
                0x20000bd8        0x8 CMakeFiles/centimeter.dir/D_/Pico_Downloads/pico-sdk/src/rp2_common/pico_stdio_usb/stdio_usb.c.obj
 .bss           0x20000be0       0x1c c:/progra~2/gnuarm~1/102020~1/bin/../lib/gcc/arm-none-eabi/10.2.1/thumb/v6-m/nofp/crtbegin.o
 .bss.__lock___malloc_recursive_mutex
                0x20000bfc        0x1 c:/progra~2/gnuarm~1/102020~1/bin/../lib/gcc/arm-none-eabi/10.2.1/../../../../arm-none-eabi/lib/thumb/v6-m/nofp\libg.a(lib_a-lock.o)
                0x20000bfc                __lock___malloc_recursive_mutex
 *fill*         0x20000bfd        0x3 
 .bss.__malloc_current_mallinfo
                0x20000c00       0x28 c:/progra~2/gnuarm~1/102020~1/bin/../lib/gcc/arm-none-eabi/10.2.1/../../../../arm-none-eabi/lib/thumb/v6-m/nofp\libg.a(lib_a-mallocr.o)
                0x20000c00                __malloc_current_mallinfo
 .bss.__malloc_max_sbrked_mem
                0x20000c28        0x4 c:/progra~2/gnuarm~1/102020~1/bin/../lib/gcc/arm-none-eabi/10.2.1/../../../../arm-none-eabi/lib/thumb/v6-m/nofp\libg.a(lib_a-mallocr.o)
                0x20000c28                __malloc_max_sbrked_mem
 .bss.__malloc_max_total_mem
                0x20000c2c        0x4 c:/progra~2/gnuarm~1/102020~1/bin/../lib/gcc/arm-none-eabi/10.2.1/../../../../arm-none-eabi/lib/thumb/v6-m/nofp\libg.a(lib_a-mallocr.o)
                0x20000c2c                __malloc_max_total_mem
 .bss.__malloc_top_pad
                0x20000c30        0x4 c:/progra~2/gnuarm~1/102020~1/bin/../lib/gcc/arm-none-eabi/10.2.1/../../../../arm-none-eabi/lib/thumb/v6-m/nofp\libg.a(lib_a-mallocr.o)
                0x20000c30                __malloc_top_pad
 .bss._app_driver
                0x20000c34        0x4 CMakeFiles/centimeter.dir/D_/Pico_Downloads/pico-sdk/lib/tinyusb/src/device/usbd.c.obj
 .bss._cdcd_itf
                0x20000c38      0x2d0 CMakeFiles/centimeter.dir/D_/Pico_Downloads/pico-sdk/lib/tinyusb/src/class/cdc/cdc_device.c.obj
 .bss._ctrl_xfer
                0x20000f08       0x14 CMakeFiles/centimeter.dir/D_/Pico_Downloads/pico-sdk/lib/tinyusb/src/device/usbd_control.c.obj
 .bss._ubsd_mutexdef
                0x20000f1c        0x8 CMakeFiles/centimeter.dir/D_/Pico_Downloads/pico-sdk/lib/tinyusb/src/device/usbd.c.obj
 .bss._usbd_ctrl_buf
                0x20000f24       0x40 CMakeFiles/centimeter.dir/D_/Pico_Downloads/pico-sdk/lib/tinyusb/src/device/usbd_control.c.obj
 .bss._usbd_dev
                0x20000f64       0x37 CMakeFiles/centimeter.dir/D_/Pico_Downloads/pico-sdk/lib/tinyusb/src/device/usbd.c.obj
 *fill*         0x20000f9b        0x1 
 .bss._usbd_mutex
                0x20000f9c        0x4 CMakeFiles/centimeter.dir/D_/Pico_Downloads/pico-sdk/lib/tinyusb/src/device/usbd.c.obj
 .bss._usbd_q   0x20000fa0        0x4 CMakeFiles/centimeter.dir/D_/Pico_Downloads/pico-sdk/lib/tinyusb/src/device/usbd.c.obj
 .bss._usbd_qdef_buf
                0x20000fa4       0xc0 CMakeFiles/centimeter.dir/D_/Pico_Downloads/pico-sdk/lib/tinyusb/src/device/usbd.c.obj
                0x20000fa4                _usbd_qdef_buf
 .bss.alarm_callbacks
                0x20001064       0x10 CMakeFiles/centimeter.dir/D_/Pico_Downloads/pico-sdk/src/rp2_common/hardware_timer/timer.c.obj
 .bss.claimed   0x20001074        0x4 CMakeFiles/centimeter.dir/D_/Pico_Downloads/pico-sdk/src/rp2_common/hardware_sync/sync.c.obj
 .bss.configured_freq
                0x20001078       0x28 CMakeFiles/centimeter.dir/D_/Pico_Downloads/pico-sdk/src/rp2_common/hardware_clocks/clocks.c.obj
 .bss.default_alarm_pool
                0x200010a0        0x4 CMakeFiles/centimeter.dir/D_/Pico_Downloads/pico-sdk/src/common/pico_time/time.c.obj
 .bss.desc_str.0
                0x200010a4       0x28 CMakeFiles/centimeter.dir/D_/Pico_Downloads/pico-sdk/src/rp2_common/pico_stdio_usb/stdio_usb_descriptors.c.obj
 .bss.drivers   0x200010cc        0x4 CMakeFiles/centimeter.dir/D_/Pico_Downloads/pico-sdk/src/rp2_common/pico_stdio/stdio.c.obj
 .bss.errno     0x200010d0        0x4 c:/progra~2/gnuarm~1/102020~1/bin/../lib/gcc/arm-none-eabi/10.2.1/../../../../arm-none-eabi/lib/thumb/v6-m/nofp\libg.a(lib_a-reent.o)
                0x200010d0                errno
 .bss.filter    0x200010d4        0x4 CMakeFiles/centimeter.dir/D_/Pico_Downloads/pico-sdk/src/rp2_common/pico_stdio/stdio.c.obj
 .bss.heap_end.0